aaaaaaaaaaaaaaaaaaa aaaaaaaaaaaaaaa
aaaaaaaaaaaaa aa a aaaaaaaaaaaaaaaaaaa
aaaaaaa a aaaaaaaa aaaaaaaaaaa aaaaaaaaa
aaaaaaaaaaaa aa aaaaaaaaaaaaaaaaaaa
aaaaaaa aaaaaaaaa aaaaaaaaaaaaaa
aa a aaaaaaaaaaaaaaaaaaa aaaaaaaaaaaaa
aaaaaaaaaaaaaaaaaaa aaaaaaaaaaaaaa aaaaaaa
aaaaaaaaaaaaa aaaaa aaaaaaaaaaaaaaaaaaa
aaaaaaaaaaaaaaaaaa aaaaaaaaaaaaaaaaa
aaaaaaaaaaaa aaaaaaaaaaaaaaaaaa aaaa
aaaaaaaaaaaaaaaaaaaa aaaaaaaaaaaaaaaaaaa
aaaaaaa aaaaaaaaaaaaaaaa aaaaaaaaaaaaaaa
aaaaa aaaaaaaaaa aaaaaaaaaaaaaaaaaa
aaaaaaaaaaaa aaaaaaaaaaaaaaa aaaa
aa aaaaaaaa aaaaaaa a aaaaaaaaa
aaaaaaaaaaaaaaaaaaaa aaa aaaaaaaaaaaa
aaaaaaaaaa aaaaaaaaaaaa aaaaaaaaaaaaaaaaa
aaaaaaaaaaaaaaaaaa aaaaaaaaaaaaa
aaaaa aaaaaaaaaaaaaaaaaaaa aaaaaaaaaa
aaaaaaaaaaaaa aaaaaaaaaaaaa aaaaaaaa
aaaaaaaaaaaa aaaaaaaaaaaaaaaaaaa
aaaaaaaaaaaaaaaaaa aaaaaaaaaaaaaaaaa
aaaaaaa aaaaaaaaaa aaaaaaaa aaaaaaaaaaaaaa
aaaaaaaaaaaaa aaaaaa aaaa aaaaaa
aaaaaaaaa aaaaaaaaaaaaaaa aaaaaaaaaaaaaaaaa
aaaaaaaa aaaaa aaaaaaaaaaa aaaaaaaaaaa
aaaaaaaaaaaa aaaaaaaaaaaaaaaaaaaa
aaaaaaaaaaaa aaaaaaaaaaaaa aaaaaaaaaaaa
aaaaaaaaaaaaaaa aaa aaa aaaaaaaaaaaaaaaaaa
aaaaa aaaaaaaaaaaa aaaa aaaaa
aaaaaaaaaaaaaaaaaa aaaaaaaa aa
aaa aaaaaaaaaaaaaaa aaaaaaaaaaaa
aaaaaaaaaa aaaa aaaaaaaaa aaaaaaa
a aaaaaaaaa aaaaa aaa aaaaaaaaaaaaaaaaaa
aaaaaaaaaaaaaaaa a aaaaaaaaaaaaa
aaaaaaa aaaaaaaaaaaaaaaaaa aaaaaaaaaaaaaaa
aaaaaaaaaaaaaa aaaaa aaaaaaaaaaaaaaaaaaa
aaaaaaa aaaaaaaa aaaaaaaaaaaaaaaaa
aaaaaaaa aaaaaaaaaaaa a aaaaaaaaaaaaaaaa
aaaaaaaaaaaaaaaaa aaaaaaaaaaaaaaaa
aaaaaaaaaaaaaaaaaa aaaaaa aaaaaaaaaaaaaaaaaa
aaaaaaaaaaaa aaaa aaaaaaaaaaaaaaaaaaaa
aaaaaaaaaaaaaaaaaaa aaaaaaaaa
aaaaaaaaaaaaaaa aaaa aaaaaaa aaaaaaaaaaaaaaa
aaaaaaaaaaaaaaaaaaa aaaaa aaaa
aaaaa aaaaaaaaaaaa aaaaaaaaaaaa
aaaaaaaaa aaaaaaaaaaaaaaaaaaa
aaaaaaaa aaaaaaaaaaaaaaaaa aaaaaa
aaaaaaaaaaaaaaaaaaa aaaaaaaaaaaaaaaa
aaaaa aaaaaaaaaaaaaaa aaaaaaaaaaaaaaa
aaaaaaaa aaaa aaaa aaaaaaaaaaaaaaaaaa
aaaaaaaaaaaaaaaa aaaaaaaaaaaaaaaa
a aaaaa a a aaaaaaaaaaaaaaa aaaaaaaaaaaaaaaa
a aaaaaaaaaaaaaaaaaa aaaaaaaaaa
aaaaaaaaaaaaaaaaaaaa aaaaaaa aaaaaaaaa
aaaaaaaaaaaaaaaaa aaaaaaaaa aa
aaaaaaaaaaaaaaaaa aaaaaaaaaaaa
aaaaaaaaaaa aaaaaaaaaaaaaaaaaa
aaaaaaaaa aaa aaaaaaa aaaaaaaaaaaaaaaaaa
aaaaaaaaa aaaaaaaaaaaaaaaaaaaa
aaaaaaaaaaa aaaaaaaaaaaaaaaa aaaaa
aaaaaaa aaaaaaaaaaaaaaaaaaa a
aaaaaaaaaaaaaaaaaaaa aaaaaaaaaa
aaaaaaaaa aaaaaaaaaaaaaaaaaaa
aaaaaaaaaaaaa a aaaaaaaaaaaaaaaaaaa
aaaaaaaaaaaaaaaaa aaaaa aaaaaaaaa
aaaaaaaa aaaaaaaa a aaaaaaaaaaaaaa
aaaaaaaaaaaaaaaaaa aa aaaaaaaa
aaa aaaa aaaaaaaaaaaaaaaaaaaa aaaaaaaaaaaaaa
aaaaaaaaa aaaaaaaaaaaaaa aaaaaaaaaaaaaaaaaaa
aaaaaaa aaaaaaaaaaa aaaaa aaaaaaaaaaaaaa
aaaaaaaaaaaa aaaaaaaaaaaaaaaaa
aaaaaaaaa aaaaaaaaaaaaaaaaaaaa
aaaaaaaa aaaaaaaaaaaa aaaaaaaaaaaaaaaaaaa
aaaaaaaaaaaaaaaa aaaaaaaaa aaaaa
aaaaaaa aaaaaaaaaaaaaaaa aaaaa
aaaaaaaaaaa aaaaaaaaaaaaa aaaaaaaaaa
aaaaaaaaaaaaaaaaa aaaaaaaaaaaaaaaaaa
aaa aaaaa aaaaaaa aaaaaa aaaaaaaaaaaaaaaaa
aaaaaaaaaaaaaaa aa aaaaaaa aaaaaaaaaa
aaaaaaaaa aaaaaaaaaaaaaaaaa aaaaaaaa
aa aa aaaaaaaaaaaa aaaaaaaaaaaaaaaaaa
aaaaaaaaaaaa aaaaa aaaaaaaaaaaa
aaaa aaaaa aaaaaaa aaaaaaaaaaaaa
aaaaaaaaa aaaaaaaaaaaaaaaaa aa
aa aaaaa aaaaaaaaaaaa aaaaaaaaaaaaa
aaaaaaaaaaaaaaaa aaaaaaaaaaaa aaaaaaaaaaaaa
aaaaaaaaaaaaa aaaaaaaaaaaaaaaaaaa
aaaaaaaaaaaaaaaaaaaa aaaaaaaaaaaaa
aaaaaaaaaaaaaaa aaaaaaaaaaaaaaaaaaa
aaaaaaaaaaa aaaaaaaaaaaaaaaaaaaa
aaaaaaaaa aaaaaaaaaaaaaaaaaaaa
aaaaaaa a aaaaaa aaaaaaaaaaaaaaa
aaaaaaaa aaaaaaaa aaaaaaaaaaaaaaa
aaaaaaaaaaaaaaa aaaaaaaaaaaaaaaaaaaa
aaaaaaaaaaa aaaaaaaaaaaaaaaaaa
aa aaaaaaaaaaaaaaaaaaa aaaaaaaaaaaaaaa
aaaaaaaaaaaaaaa aaaaaaaaaa aaaaaaaaaaaa
aaaaaaaaaa aaaa aaaaaaaaaaaaaaa
aaaaaaaaaaaaaa a a aaaaaaaaaaaaaaaa
aaaaaa aaaaaaaaaaaa aaaaaaaaa
aaaa aaaaa aaa aaaaaaaaaaaaaaa
aaaaaaaaaaaaa aaaaaaaaaaaaaaa
aaaaaaaaaaaaaaaaaaa aaaaaaaaaaaaaaaaaa
aaaaaaaaaaa aaaaaaaaaaaaaaaaaa
aaaaaaaaaaa aaaaaaaaaaaaaaaaaa
aaaaaaaaaaaaaaaaa aaaaaaaaaaaaaaaaaaaa
aaaa aaaaaaaaaaaaa aaaaaaaaaaaaaaaaaa
aaaaaaaaaaaaaa aaaa aaaaaaaaa
aaaaaaaaaaaaaa aaaaaaaaaaaaaaaaaaaa
aaaaa aaaaaaaaaaa aa aaaaaaaaaaaaaaaaa
a aaaaaaaaaaaaa aaaaaaaaaaaaaaaa
aaaaaaaaaaaaaa a aaaaaaaaaaa aaaaaaaaaaaa
aaaaaaaaaaaaaaaaaaa aaaaaaaaaaaaaaaaaaa
aaaa aaaaaaaaaaaaaaaaaa aaaaaaaaaaaaaaa
aaaaaaaaaaaa aaaaaaa aaaaaaaaaaaaaaa
aaaaaaaaa aaaaaaaaaaaa aaaaaaaaaaaaaaaaaaaa
aaaaaaaaaaaaaa aaaaaaaaaa aaaa
aaaaaaaaaaaaa aaaaaaaaaaaaaa aaaaa
aaaa aa aaaaaaaaaaaa aaaaaaaaaaaaaaa
aaaaaaa aaaaaaaaaaaaaaaaaa aaaaaaaaaa
aaaaaaaaaaaaaaaaaaaa aaaaaaaaaaa
aaaaaaaaaaaaaaaa aaaaaaa aaaaaaaa
aaaaaaaaaaaaa aaaaaaaaaaaaaaaaa
aaaaaaaa a aaaaaaaaaaaaaaaaaa
aaaaaaaaaa aaaaaaaaaaaaaaaaa aaaaaaaaaa
aaaaaa aaaaaaaaaaaaa aaaaaaaaaaaaaaaa
aaaaaaaaaaaaaaaaaaa aaaaaaaaaaa
aaa aaaaaaaaaaaaaaaaaaa aaaaaaaaaa
aaaaaaaa aaaaaaaaaaaaaaaaaa aaaaaaaaaaaaa
aaaaaaaaaaaaa aaaa aaaaaaaaaaaaaa
aaaaaaaaaaaaaaaaaaaa aaaaaaaa
aaaaaaaaaa aaaaaaaaaaaaaa aaaaaaaa
aaa aaaaaaaaaaaaaaa aaa aaaaaaaaaaaaaaaaaaaa
aaaaaa aaaaaaaaaaaaaaaaaaaa aaaaaaaaaaaaaa
aaaaaaaaaaa aaaaaaaaaaaaaaaaaa
aaaaaaaaa aaaaaa aaaaaaaaaaaaaaa
aaaaaaaaaaa aaaa aaaaaaaaaaaaaaaaa
aaaaa aaaaaaaaaaa aaaaaaaaaaaaaaa
aaaaaaaaaaaaaaaaaaa aa aaaaaa aaaaaaaaaaaaa
aaaaa aaaa aaaaaa aaaaaaaaaaaaaaaa
a aaaa a aaaaaaaaaaaaaaaaa aaaaaaaaaaa
aaaaaaaaaa aaaaaaaaaaaaaaaa aaaaaaaaa
aaaaaaaaaaaa aaaaa aaaaaaaaaaaaaaa aaaaaaaaa
aaaaa aaaaaaaaaa aaaa aaaaaaaaaaaaaaaa
aaaaaaaa aaaa aaaaaaaaaa aaaaaaaaa
aaaaaaaaaaa aaaaaaaaaaaaaaaaaaaa aaaaaa
aaaaaaaaaaaaaaaaa aaaaaaaaa aaaaaaa aaaaaa
aaaaaaaaaa aaaaaaaaaaa aaaaaaaaaaaaaaaaa
aaaaaaaa aaaaaaaaaaaaaaaaaa aaaaa
aaaaaaaaaaaaaaaa aaaaaaaaaaaa
aaa aaaaaaaaaaaaaa a aaaaa aaaaaaaaaa
aaaaaaaaaaaa aaaaaaaaaaaaaaaa
aa aaaaaaaaaa aaa aaa aaaaaaaaaaaa
a aaaaa aaaaaaaaaaa aaaaaaaa aaaa
aaaaaaaaa aaaaaaaaaaaaaaaaaa aaaaaaaaaaaaaaa
aaaaaaaaaaaaaaaaa aaaaaaaaaaaaaaaaa
a aaaaaaaaaaaa aaaaaaaaaaaaa aaaaaaa
aaaaaaaaaaaaaaaaaaaa aaaaaaaaaaaaaa
aa aa aaaaaaaaa aaaaaaaaaaaaaaaaa
aaa aaa aaaaaaaaaaaaaaaaaaaa aaa
aaaaaaaa aaaaaaaaaaaaa aaaaaaa
aaaaaaaaaaaaaaaaaaa aaaaaaaaaaaa aaa aaaaa
aaaaaaaaaaaaaaa aaaaaaaaaaaaa aaaaaaaaaaaaa
aaaaaaaaaaaaaaaaaaa aaaaa aaaaaaaaaaaaaa
aaaaa aaaaaaaaaaaaaaa aaaaaaaaaaaaaaaaaaa
aaaaaaaaaaaaaaaaaa aa aaa aaaaaaaaaaa
aaaaaaaaa aaaaaaaaaa aaa aaaaaaaaaaaaaa
aaaaaaaaaaaaaaaaaa aaaaaaaaaaaaaaaaaaa
aaa a aaaaaaaaaaaaaaaaaaa aaaaaaaaaaaaaaaa
aaaaaaaaaaaaaaaa aaaaaaaaaaaaaaaa
aaaaaaaaaaaaaaaaaaaa aa aaaaaaa
aaaaaaaaaa aaaaaaaaaaaaaaaaaaa
aaaaaaa aa aaaaaaaaaaaaaaaaaa
aaaa aaaaaaaaaaaaa aaaaaaaaaaaaa
aaaaaaaaaaaa a aaaaaaaaaaa aaaaaaaaaaa
aaaaaaaaaaaaaaaaa aaaaaaaaaaaaaa
aaaa aaaaaaaaaaaaaa aaaaaaaaaaaaaaaaaa
aaaaaaa a aaaaaaaaaaaa aaa aaaa
aaaaaaaaaaaaaaaaaa aaaaaa aaaaaaaaaaaaaaaaa
aaaaaaa aaaaaaaaaa aaaaaaaaaaaaaaaaa
aaaaaaaaaaaaaaaa aaaaa aaaaaaaaaa
aaaaaa aaaaaaaaaaa aa aaaaaaaaaaaaaaaa
aaaaaaaaa aaaaaaaaaaaaaaaaaa aaaa
aaaaaaaaaa a aaaaaaaaaaaaaaaaaa
aaaaaaaaaaaaa aaaaaaaaaa a aaaaaa
aaaaa aaaaaaaaaaaaaaaaaaaa aaaaaaaaaaaaa
aaaaaaaaaaaaaa aaaaaaaaaaaaaaaa
aaaa a aaaaaaaaaaaa aa aaaaaaaaaaaaa
aaaaaaaaaaaaa aaaaaaaaaaaaaaaaaaaa
aa aaaaa aaaaaaaaaaaaaaaaaa aa
aaaaaaa aaaa aa a aaaaaaaaaaaaaa
aaaa aaaaaaaaaa aaaaaaaaaaaaaaaaaaaa
aa aaa aaaaaaaaaa aaaaaaaa aaaaaaaaaa
aaaaaaaaaaaaaaaaaaaa aaaaaaaa
aaaaaaaaaaaaaaaaaaaa aaaaaaaa aaaaaaaaaaaaa
aaaaaaaaaaaaaaa aaaa aa aaaaaaaaaaaaaaaaaa
aaaa aaaaaaaaaaaaaaaa aaaaaaaaaaaaaaaaaaaa
aaaaaaaa aaaaaaaaaaaaaaaaaa aaaaa
aaaaaaaaaaaaaaaaaaaa aaaaaaaaaa
aaaaaa aaaaaaaaaaaaaaaa aaaaaaaaa aaaaaaaaaa
aa aaaaaaaaaaaaa aaaaaaaaaaaaaaaaa
aaaaaaaaaaaaaaaaaaaa aaaaaaaaaaa
aaaaaaaaaaaaaaaaaaaa aaaaaaaaaaaaaaa
aaaaaaaaaaaaaaaaa aaaaaaaaaaaa
aaa aaaaaaaaaaaa a aaaaaaaaaaaaaa
aaaaaaaa aaa aaaaa aa aaaaaaaaaaaaaaaaaaa
aaaaaaaa aaaaa aaaaaaaaaa aaaaaaaaaaa
aaa aaaaaaaaaaaaaa aaaaaaaaaaaaa
aaaaaaaaaa aaaaaaaa aaaaaaaaaaaa
aaaaaaaaaaaaaaaaaaa aaaaaaaaaaaaaaaaaaaa
aaaaaa aaaaaaaaaaaaaaaaaa aaaaaaaaa
aaaaaaaaaaaaaaaaaa aaaaaaaaaaaaaaaaaaa
aa aaaaaaaaaaaa aaaaaaaaa aaaaaaaaaaaaa
aaa aaaaaaaa aa aaaaaaaaaaaaaaaa
aaaaaaa aa aaaaaaaaaaa aa aaaaaaaaaaaaa
aaaaaaaaaaaaaaaaaa aaaaaaa aaaaaaaaaaa aaaa
aa aaaaaaaaaaaaaaaaaaaa aaaaa aaaaaa aaaaa
aaaa aaaa aaaa aaaaaaaaaaaa aaaaaaaaaaaaaaaa
aaaaaaaaaaaaaaaaa aa aaaaaaaaa
aaaaa aa aaaaaaaaaaaaaaaaaa aaaa aaaa
aaaaa aa aaaaaaaaaaaaaaa aaaaa aaaaaaaaaa
aaaaa aaaaaaaaaaaaaaaaaa aaaaaaaaaaaaaaaa
aaaaaaaaaaa aaaaaaaaaaaaaaaaaaa
aaaaaaaaaaaaaaaaaa aaaaaaaaaa aaaa
aaaaaaaaaaaa aaaaaaaaaaaaaaa aaaaa
aaaaaaaaaaaaaaaaaaaa aaaaaaaaaaaaaaaa
aaaaaaaaa a aaaaaaaaa aaaaaaaaaaaaaaaaa
aaaaaaaa aaaaaaaa aaaaaaaaaaaaaaaaa
aaaaaaaa aaaaa aaaaaaaaaaaaaaaaaaa
a aaaaaaaaaaaaaaaaaaaa aaaa aaaaaaaaa
aaaaa aaaaaaaaaaaaaaa aaaaaa aaaaaaaaaaaa
aaaaaaaaaaa aaaaaaaaaaaaaaaaaa
aaaaa aaaaaaaaaaaa aaaaaaaaaaaaaa
aaaaaaaaaaaaaa aaaaaaaaaaaaaaaaaaaa
aa aaaaaaaaaaaaaaaaaaa aaaaaaaaa
aaaaaaaaaaaaaaaaaaa aaaaaaaaaaaaaaaaa
aaaaaaaaaaaaaaa aaaaaaaaaaaaaa
aaaaaaaa aaaaaaaaaaaaaaaaaaa aaaaaaaaaaaa
aa aaaaaaaaaaaaa aaaaa aaaaaaaaaaaaa
aaaaaaaaaaaa aaaaaaaaaa aaaaaaaaaaa
aaaaaaaaaaaaaaaaa aaaaaaaa aaaaaaaaaaaaaa
aaaaaa aaaaaaaaaaaaa aaaaaaaaaaaaaaaaaaaa
aaaaaaaaaaaaaaaaaa aaaaaaaaaaaaaaa
aaaaaaaaaaaaa aaaaaaaaaaaaaaaa
aaaaaaaaaa aaaaaaaaaaaaaaaaaaa
aa aaaaaaaaaaaaaa a aaaaaaa aaaaaaaaaaaaaaa
aaaaaaaaaaaaa aaaaaaaa aaaaaaaaaaaaaaaaaa
aaaaa aaa a aaaaaaaaaaaaaaa aaaaaaaaaaa
aaaa aaaaaaaaaaaaaaaaa aaaaaaaaaaaaaaa
aaaa aaaaaaaaaaaaaaaaa aaaa a aaaaaaaaa
aaaaaaa aaaa a aaa aaaaaaaaaaaaaa
aaaaaaaaaaaaaaa aaaaa aaaaaaaaaa
a aaaaaa a aaaaaaaaaaaaaaaaaaa
aaaaaaaaaaaaaaaaaaaa a aaaaaaaaaaaaaaaaaaaa
aaaaaaaaaaaaaaaaaaa aaaaaaaaaaaa
aaaaaaaaaaaa aaaaaaaaaaa a aaaaaaaaa
a aa aaaaa aaaaaaaaaaaaaaaaaaaa
aaaaaa aaaaaaaa aaaaaaaaaaaaaaa
aaaaaaaaaa aaaaaaaaaaaaaaaaa aaaaaaaaaaaaa
a aaaaaaaaaaaaaaaaaaaa aaaaaaaaa
aaaaaaaaaaaaaaaaaa aaaaaaaaaaaaaaaaa aaaaaaa
aaaaaaaaaaaa aaaaaaaaaaaaa aa aaaaaaaaaaaaaa
aaaaaaaaaaa aaaaaaaaaaaaaaaaaaa
aaaaa aaaaaaaaaaaaaa aaaaaaaaaaaaa
aaaaaaaa a aaaaaa aaaaaaaaaaaaaaaaaaaa
aaaaaaaaaaaaaaaaaaa aa a aaaaaaaaaaaa
aaaaaaaaa a aaaaaaaaaaaaaa aaaaaaaaaaaaaaa
aaaaaaaa aaaaaaaaaaaaaaaaaa aaaaaaaaaa
aaaaa aaaaaaaaaaaa aa aaaaaaaaaaa
aaaa aaa aaaaaaaaaa aaaaaaaaaaa
a aaaaaaaaa aaaaaaaaaaaaaaaaaa
aaaaaaaaaaaaaa aaaaaaa a aaaaaaaaaaa
aaaaaaaaaaaaa a aaaaaaaaaaaaaaaaaaa
aaaaaaaaaaaaaaaaa aaaaaaaaaaaaaa
aa aa aaa aaaaaaaaaaaaaaaaaaa aaaaaaaaaaaa
aaaaaaaaaa a aaa aaaaaaaaaaaaaaa
aaaa aaaaaaaaaaa aaaaaaaaaa aaaaaaaa
aaaaaaaaaaaaaaaaaaa aaaaa aaaaaaaaaaaa
aaaa aaaaaaaaaaaaaaaaaaaa aaaaaaaaaaaaaaaaa
a aaaaaaaaaaaaaaa aaaaaaaaa a aaaaaaaaaaaaa
aaaaaaaaaaaaaaa aaaaaaaaaaaaaa aaaaaaaaaaaaa
aaaaaaaaaaa aaaaaaaaaaaaaaaa aaaaaaaaa
aaaaaaaaaaaaaaaaaaaa a aaaaaaaaa aa aaaa
aaaaaaaaaaaaaaa aa aaaaaaa aaa aaaaaaaaaaaaa
aaaaaaaaaaaaaaa aaaaaaaaaaaaaaaaaaaa
aaaaaaaaaa aaaaaaaaaa aaaaaaaaaaaaaaaaaa
aaaaaaaa aaaaaaaaaaaaaaaaa aaaaaaaaaa
aaaaaaaaaaaaaaaaa a aaaaaaaaaaaaaaaa
aaaaaaaaaaaaaaaaaaaa aaaaaaaaaaaaaaaaaaaa
aaaaaaa aaaaaaaaaaaaa aaaaaaaaaaaa
aaaaaaaaaaaaaaaaaaaa aaaaaaaaaaaaaaaaaaaa
aaaaaaa aaaaaaaaaaaaaaaaaaaa aaa a aaaaaa
aaaaaaa aaaaaaaaa aaaaaaaaa aaaaaaaaaaaaa
aaaaaaaaaaaaaaa aaaaaaaaaaaaaaaa
aaaa aaaaaaaaaaaaaa aaa aaaaaa aaaa
aaa aaaaaaaaaaaaaaaaaa aaaaaaaaaaaaa
aaaaaaaaaaaaaaaa aaaaaaaaaaaaaaaaaaa
aaaaaaaaaaaaaaaaaaa aaaaaaaaaaaaa
aaaaaaaaaaa aaaaaaaaaaa aaaaaaaaaaaaaaaaa
aaaaaaaaaaaaaaaaa aaaaaaaaaaaaa
aa aaaaaaaaaaaaaaaa aaaaaaaaaaaaaaaaaaa
aaaaaaaaaaaaaa aaaaaaaaaaa aaaaaaaaaaaaa
aaaa aaaaaaaaaaaaaaaaaaa a aaaaaaaaaaaaaaaa
aaaaaaaaaaaaa aaaaaaaaaaaaa aaaaaaaaaaaaa
aaaaa aaaaaaaaaaaaaaaa aaaaa aaaaaaaaaa
aaaaaaaaaaa aaaaaaaaaaaaaaaaaa aaaaaaa
aa aaaaaaaaaaaaaaaaaa aaaaa aaaaaaaaaaaaa
aa aaaaaaaaaaaaaaaaaaa aaaaaaaa
aaaaaaa aaaaaaaaaaaaaaa aaaaaaaaaaaa
aaaaaaaaaaaaaaaaaaa aaaaaaaaaaaa a
aaaaaaaaaaaaaaaa aaaaaaaaaaaaaaaa aaaaaaaaaa
aaaaaaaaaaaaaaaaaaaa aaaaaaaaaaaaaaaaaaa
aaaaaaaaaaaaaaa aaaaaaaaaaaaaaaa aaaaaaaaaaa
aaaaa aaaaaaaaa aaaaaaaa aaaa aaaaaaaaaaaa
