aaaaaaaaaaa
aaaaaaaaaaaaaaa
aaaaaaaaaaaaaaaaaaa
aaaaaaa
aaaaa aaaaaaaaa
aaaaaaaaaaaaaa
aaaaaaaa
aaaaaaaaa
aaaa aaaaaaaaaaa
aaaaaaaaaa aaaaaa
aaaaaaaaaaaaaaaaaaa
aaaaaaaaaaaaaaaaaa
aaaaaaaa
aaaaaaaaaaa
aaaaaaaaaaaaaaaaaaa
aaaa aaaaaaaaa
aaaaaa aaaaaaaaaaaaaaaaaa
aaaaaaaaa
a aa aa
aaaaaaaaaaaaaa
aaaaaaaaaaaaaaa
aaaaaaaaa
aaaaaaaaaaaaaaaaa
aa aaa aaaaaaaaaaaaaaaaaa
aaaaaaaa
aaaaaaaaaa
aaaaaaaaaaaaaaa
aaaaa aaaaaaaaaaa
a aaaaaaaaaaaaaaaaaa
aaaaaaaaaaaaaaaaaaa
aaaaaaaaaaaaaaaaaa
aa aaaaa
aaaaaaaaaa
aaa aaaaaaa
aa a a aaaaaaaaaaaaaaaa
aaaaaaaaaaaa
aaaaa aaaaaaaaaaaaaaa
aaaaaaaa
aaaaaaaaaaa
aaa a aaaaaaaaa
aaaaaaaaaaa
aaa a a
aaaaaaaaaaaaaaa
aaaaaaaaaaaaaaaaaaa
aa aaaaaaaaaaaaaaaa
aaaaaaaaaaaaaaa
aaaaaaaaaaaa
aaaaaaaaaaaaaaaaaaaa
aaaaaaaaaaaa
aaaaaaaaaaaaaaaaaaaa
aaaaaaaaaaaaaaaaaaa
aaaa aaaaaaaaaa
aaaaaaaaaaaaaaaaaaaa
aaaaaaaaaaaaaaaaa
aaaa aaaaaaaaaaaaa
aaaaaaaaaaaaaaa
aaaaaaaaaaaaa
aa aaaaaaaaaaaaaaaaaa
aaaaaaaa
aaaaaaa
aaaaaaaaa
aaaaaaaaaaaaaaaaaaaa
aaaaa aaa
aaaaaaaaaaaa
aa aaa aaaaaaaaa
aaaa aaaaaa
aaaaaaaaaaaaaaaa
aaaaaaaaaaaaaaa
aaaaaa aaaaaaaaaaa
aaaaaaaaaaaaaaaaaaa
aaaaa aaaaaaaaaaaaaaaaaaa
aaaaaaaaaaa
aaaaaaaa
aaaaa aaaaaaaaaaaa
aaaaa aaaaaaaaa
aaaaaaaaaaaaaaaaa
aaaaaaaaaaaaaa
aaaaaaaaaaaaaaaaaa
aaaaa aaaaaaaa
aaaaaa aaaaaaa
aaaaaaaa
aaaa aaaaaaaaaa
aaaaaaaaa
aaaaaaaaa
aaaaaaa
aaaaaaaaaa
aaaaaaaaaaa
aaaaaaaaa
aaaaaaaaaaaaaa
aaaaaaaaaaaaaa
a a aaaaa
aaaaaaaaaaaaaaaaaaaa
aaaaaaaaaaa
aaaaaaaaaa
aaa aaaaaaaa
aaaa aaa
a aaaaaaaaa
aaaaaaaaaaaaaaaaaaaa
aaa aaaaaaaaaaaa
aaaaaaaaaaaaaaa
aaaaaaaaaaaaaaa
aaaaaaaaaaaaaaaa
aaaaaaaaaaaaa
aa aaaaaaaaaaa
aa aaaaaaaaaaaaaaaaaaaa
aaaaaaaaaaaaa
aaaaaaaaaaaaa
aaaaaaaaaaaaaaaaa
aa aaaaaaaaaaaaaaaa
aaaaaaaa
aaaaaaaa
aaaaaaaaaaaaaaaaaa
aaaaaa aaaaaaaaaa
aaaaaaa
aa a aaaaaa
aaaaaaaaa
aaaaaaaaaaa
aaaaaaaaaaaaaaaaa
aaaaaaaaaaaaaaaaaa
aaaaaaaa
aaaaa aaaaaaaaaaaaa
aaaaaaa
aaaaaaaaaaaaaaaaa
aaaaa aaaaaaaaaaaaa
aaaaaaaaaaaaaaa
aa aaaaaaaaaaaaaaaaaa
aaaa aaaaaaaaaaa
aaaaaaa
aaaaaaaaaaaaaaaaaa
a aaaa aa
aaa aaaaaaaaa
aaaaaaa
aaaaaaaaaaaaaaaaaa
aaaaaaaaaaaaaaaa
aaaaaaaaaaaaaa
aaaaaaa
aaaaaaaaaaaaaaaa
aaaaaaaaaaaaaaaaa
aaaaaaaaaaaaaaaaa
aaaaaaa
aaaaaaa
aaaaaaaaaaaaaaa
aaaaaaa
aaaa aaaaaa
aaaaaaa
aaaaaaaaaaaaaaaaaaaa
aaaaaaaaaaaaaaaaaa
aaaaaaaaaaaaa
aaaaaaaaaaaaa
aaaaaaaaaa
aaaa aaaaaaaaaaaaaaaaaa
aaaaaaaaaa
aa aaaaa
aaa aa aaaaaaa
aaaaaaaaaaaaaaaaaa
aaaa aaaaaaaaaaaaaaaaa
aaaaaaaaaaaaaaaaaa
aaaaaaaaaaaaaaaaaa
aaaaaaaaaaaaa
aaaaa aaaaa
aaaa a aaaaaaaaaaaaaaaaaa
aaaaaaaaa
a aaaaaaaaaaaaaaaaaaaa
aaaaaaaaaaaaaaaaaa
aaaaaaaaaaaaaaa
aaaaaaaaaaaaaaaaaaaa
aaaaaaaaaaa
aaaaa aaaaaaaa
aaaaaaa
aaaaaaaaaaaaaaaa
aaaaaaa
aaaaaaaaaaaaaaaa
aaaaaaaaaaaaa
aaaaaaaaaaaaa
aaaaaaaa
aaaaa aaaaaaa
aaaaaaaaaaa
aaaaaaaaaaaaaaaaa
aa aaaaaaaaaa
aaaaaa aaaaaaaaa
aaaaaaaaaaaaaaaaa
aaaaaaaaaaaaaaaa
aaaaaaaa
a aaaaaaaaaaaaa
aaaaaaaaa
aaaaaaaaaaaaaaaaaaaa
aaaa aaaaaaaaa
aa aaaaaaaaaaaaaaaaaaaa
aaaaaaaaaa
aaaaaaaaaaaaaaaaaa
aaaaaaaaaaaaaa
aaaaaaaaaaaaaa
aaaaa aaa
aaaaaaaaaaaaaaaaaa
aaaaaaaaaaaaaaaaaa
aaaaaaaaaa
aaaaaa aaaaaaaaaaaaaa
aaaa aa
aaaaaaaaaaaaaaa
a aaaaaaa
aaaaaaaaaaaaa
aaaaaaaa
aaaaaaaaaaaa
aaaaaaaaaa
aaaaaaaaaaaaaaaa
a aaaaaaaaaa
a aaaaaaaaaaaaaaaaaaaa
aaaaaaaa
aaaaa aaaaaaaaaaa
aaaaaa aaaaaaaaaa
aaaaaaaaaaaaaa
aaaaaaaaaaa
aaaaaaaaaaa
a aaaaa
aaaaaaaa
aaa aaaaaaaaaaaaaaaaaaa
a aaaaaaaaaaaaa
aaaaaaaaa
aa aaaaaaaaaa
aaaaaaaaaaaaaaa
aaaaaaaaaaa
aaaa aaaaaaaaaaaaaaaaa
aaaa aaa
aaaaaaaaaaaaaa
aaaaaaaaaaaaaaaa
aaaaaaaaaaaa
aaaaaaaaaaaaa
aaaaaaa
aaaaaaaaaaaaaaaaaaa
aaaaaaaaaaa
aaaaaaaaaaaaaaaa
aa aa aaaaaaa
aaaaaaaaaaaaaaaa
aaaaaaaa
aaa aaaaaaaaaaaa
aaaaaaaaaaaaa
aaaaaaaaaa
aaaaa aaaaaaaaaaaaaa
aaaaaaa
aaaaaaaaaaaaaaa
aaaaa aaaaaaaaaaa
aaaaa aaaaaaaaaa
aaaaaaaaaaaaaaaaaaaa
aaaaaaaaaaaa
aaaa aaaaaa
aaaaaaaaaaaaaaaaaa
aaaaaaaaaaaaaaaaa
aaaaaaaaaaaaaaaaaaaa
a aaaaaaaaaaaaaaa
aaaaa aaaaaaaaaa
aaaaaaaa
aaaaaa aaaaaaaaa
aaaaaaaaaaaaaaa
a aaaaaaaaaaaaaaaa
aaaaaaa
aaaaaa aaaaaa
aaaaaaaaaaaaaaaaaa
aaaaaaaaaaaaaaa
aaaaaaaaaaaa
aaaaaaaaaaaaaaaa
aaaaaaaaaaaaa
a aaaaaa
aaaaaaaaaa
aaaaaaaaaaaaaa
aaaaaaaaaaaaaaaaaaaa
aaaaaa aaaaaaaaaaaaaaaaa
aaaaaaaaaaaaaaaaaaaa
aaa aaaaa
aaaaaaaaaaa
aaa aaaa
aaaaaaaaaaaaaaaaaa
aaaaaaaaaaaaaaaaaaaa
aaaaaaaaaaaaaaaaaaa
a aaaaaaaaaaaaaaaaaa
aaaaaaaaaaaaaaaaaa
aaaaaaaaaaaaa
aaaaaaa
aaaa aaaaaaaaaaaaaa
aaaaaa aaaaaaaaaaaaaa
aaaaaaaaaaaaaaaaaaa
aaaaaaa
aaaaaaaaaaa
aaaa aaaaaa
aaaa aaaaaaaa
aaaaaaaaaaaaa
aaaaaaaaaaaaaaaa
aaaaaaaaaaaaa
aaaaaaaaaaaaaaaa
aaaa aaaaaaaaa
aaaa aaaaaaaaaaaaaaaaaaa
aaaaaaaaaaa
aaaaaaaaaaa
aaa aaaaaa
aaaaaaaaaaaaaa
aa aaaaaaa
aaaaaaaaaaa
aaaaaaaaaaaaaa
aaaaaaaaaaaa
aaaaaaaaaaaaaaa
aaa aaaaaa
aaaaaaa
aaaaaaaa
aaaaaaaaaa
aaaaaaaaaaaa
aa aaaaa aaaaaa
aaaaaaaaaaaaaaaaaaa
aaaaaa aaa
aa aaaa
a aaaaaaaaaaaaaaaaa
aaaaaaaaaaaaa
aaaaaaaaaaa
aaaaaaa
aaaaaaaaaa
aaaaaaaaaaaaaaaa
aaaaaaaaaaa
aaaaaaa
aaaaaaaaaa
a aaaaaaaaaaaaaa
aaaaaaaaaaaaaaaaaaaa
aaaaaaaaaaaaaaaaa
aaaaaaa
aaaaaaaaaaa
aaaaaaaaaaaa
aaa aaaa
aaaaaaaaaaaaa
aaaaaaaaaaaaa
aaaaaa aaaaaaaaaaaaaaa
aaaaaaaaaa
aaaaaaaaaaaaaa
aaaaaaaaaa
aaaa aaaaaaaaaaaaaa
aaaaaaaaaaaaaaaaaaaa
aaaaaaaaaaaa
aaaaaaaa aaaaaa
aaaaaaaaaaaaaaaaaaaa
aaaaaaaaaaa
aaaaaaaaaaaa
aaaaaa aaaaaaaaaaaaaaaaa
aaaaaaaaaaaaaaaaaaaa
aaaaaaaaaaaaaaaaaaa
aaaaaaaaaaaaaaaaaaaa
aaaaaaaaaaaaaaaaaa
aaaaaaaaaaaaaaaaaaaa
aaaaaaaaaaaaaaa
aaaaaaaaaaaaaaaaaa
aaaaaaaaaaaaaaa
aaaaaaaaaaaaaaaaaaaa
aaaaaaa
aaaaaaaaaaaaaaaaaaa
aaaaaaaaaaaaaaa
aaaaaaaaaa
aaaa aaaaaaaaaaaa
a aaaa aaa
aaaaaaaaaaaaaaaa
aaaaa aaaaaaaaaaaaaaaaaaa
aaa aaaaaa
aaaaaaaaaaaaaaa
aaaaaaaaaaaaaaaaaaaa
a aaaaaaaaaaaaaaaaa
aaaaaaaaaaa
aaaaaaaaaaaaaaaaa
aaaaaaaaaaaaaaaaaaa
a aaaa aaaaaaaaaaaaaaaaaa
aaa a aaaaaa
aaaaaaaaaaaaaaaa
aaa aaaaaaaaaaaaaaaaaaaa
aaaaaaaaaaaa
aaaaaaaaaaaaaaaa
aaaaaaaaaaaa
aaaaaaaaaaaaaaaa
aaaaaaaaaa
aaaaaaaaaaaaaaaaaaa
aaaa aaaaaaaaaaaaaaaaaa
aaaaaaaaaaaaaaa
aaaaaaaaaaaa
aaaaaaaaaaaaaaaaa
aaa aaaaaa
aaaaaaaaaaaaaaaaaaaa
aaaaaaaaaaaaaaa
aaaaaaaaaa
aaaaaaaa
aaaaaaaaaaaaaa
aaaaaaaaaaaaaaaa
aaaaaaaaaaaaaaaa
aa aa aaaaaa
aaaaaaaaaaaaaaaa
aaaaaaaaaaaaaa
aaaaaaaaaaaa
aaaaaaaaaaaaaaaaaa
aaaa aaaaaaaaaa
a aaaaaaaaaaaaaaaaaaaa
aaaaaaaaaaaaaaa
a aaaaaaaaaa
aaaaaaaaaaaaaaa
aaaaaaaaaa
aaaaaaaaaaaaaaaaa
aaaaaaaaaa
aaaaaaa aaaaaaaaaaaaaaaaa
aaaaaaaaaaaaaaaa
aaaaaaaa
aaaaaaaaaaaaaaaaa
aaaaaaaaaaa
aaaaaaaa
a aaaaaaaaaaaaa
aaaaaaaaaaaaaaaaa
aaaaaaaa
aaaaaaaaa
aaaaaaaaaa
aaaaaaaaaaaaa
aaaaaaaaaaaaaaaaa
aaaaaaaaaaaaaaaa
aaa aaaaaaaaaaaaaaa
aaaaaaaaaaaaaa
aaaaaaaaaaaaa
aaaaaaaaaaaa
aaaaaaaaaaaaa
aaaaaaaa
aaaaaaaaaaaa
aaaaaaaaaaaaaaaaaaa
aaaaaaaaaaaaaaaaa
aaaaaaaaaaaaa
aaaaaaaaaaaaaaaaaaaa
aaaaaa aaaaaaaaaaaaaa
aa aaaa aaaaaaaaaaaaa
aaaaaaaaaaaaaaaaaaa
aaaaaaa aaaaaa
aaaaaaaa
aaaa aaa
aaa aaaaaaaaaaaaaaaa
aaaa aaaaaaaaa
aa aaaaaaaaaaaaaaaaaaaa
aaaaaaaaaaaaaaaa
aaaaaa aaaaaaaaaaa
aaaaaaaaaa
aaaaaaaaa
aaaaaaaaaaaaaaaaaa
aaaaaaaaaaaaaaaaaaa
aaaaaaaaaaaaaa
aaaaaaaaaaaaaaa
aaaaaaaaaaaaaaaaaaa
aaaaa aaaaaaaaaaaaaaaaaa
aaaaaaaaaaaaaaaaaa
aaaaaaaaaaaaaaaaaaaa
aaaaaaaa
aaaaaaaaaa
aaaaaaaaaaaaaa
aaaaaaaa
aaaaaaa aaaaaa
aaaaaaaaaaaaaaaaaaaa
aaaa aaaaaaaaaaa
aaaaaaaaaaaa
aaaaaaaa
aaaaaaaaa
aaaaaaaaaa
aaaaaaaaaaaaaaaaaaaa
a aaaaaaaaaaaaaaaa
aaaaaaaaaaaaaaaaaa
aaaaaaaaa
aaaaaaaaaaaaaaaaaaaa
aaaaaaaaaa
aaa aaaaaaaaaaaaaaaa
aaaaaaaaaaaaaaaaaaaa
aaaaaaaaaaaaaa
aaaaaaaaaaa
aaaaaaaaaaaaa
aaa aaaaaaaaaaaaaaaaa
aaaaaa aaaaaaaaaaaaaa
aaaaa aaaaaaaaaaaaaaaaaaa
aaaaaa aaaaaaaaaa
aaaaaa aaaaa
aaaaaaaaa
aaaaaaaaaaaa
aaaaaaaaaaaaaaaaa
aaaaa aaaaaaa
aaaaaaaaa
a aaaaaaaaaaaaaa
aaaaaaa aaaaaaaaaaaaaa
aaa aaaaaaaaaaaaaaaa
aa aaaaaaaaaaaaaaaaa
aaa aaa aaaaaa
aaa aaaaaaaaaaaaaaaaaaa
aaaaaaaaaaaaaaaa
aaaaaaaaaaaaaaa
a aaaaaaaaaa
aaaaaaaaaaaaaaaaaa
aaaaaaaaaa
aaaaaaaaaaaaaa
a aaaaaa
aaaaaaaa
a aaaaaaaa aaaaaaa
aaaaaaaaaaaaaaaaaaaa
aaaaaaaaaaaaaaaaaaa
aaaaaa aaaa
aaaaa aaaaaaaaaaaaaaa
aaaaaaaaaaa
aaaaa aaaaaaaaaaa
aaa aaaaaaaaaaaaaa
aaaaaaaaaaaaaaaaa
aaaa aaaaaaaaaaaaaaaaaaa
aaaaaaaaaaaaaaaaaa
aaaaaaaaaaaaaa
aa aaaaaaaaa
aaa aaaaaa
aaaaaaaaaaaaaaaaaaaa
aaaaaaaaaa
aaaaaaa aaaaaaaaaaaaaa
aaaaaaaaaaaaaaaaaa
aaaa aaa
aaaaaaaaaaaaaaaaaaaa
aaaaaaaaaaaaaa
aa aaaaaaaaaaaaa
aaaaaaaaaaaaaaaaa
aaaaaaaaaaaaaaaa
aaaaaaaaaaaaaaaaaaa
aaaa aaaaaaaaaaaaaaaaa
aaaaaaaa
aaaaaaaaaaaaa
aaaaaaaaaaaaaaaaa
aaaaaaa aaaa
aaaaaa aaaaaaaa
aaaaaaaaaaaaa
aaaaaaaaaaaaaaaaaaaa
aaaaaaa aaaaaaaaaaaaaa
aaaaaaaaaaa
aaaaaaaaa
aaaaaaaaaaa
aaaaaaaaaaaaaaaaaa
aaaaaaaaaaaaaaaaa
aaaaaaaaa
aaaaaaaaaaaaaa
aaaaaaaaaaaa
aaaaaaaaaaaa
aaaaaaaaaaaaaaa
aaaaa aaaaaa
aaa aaaaaaa
aaaaaa aaaaaaaaaa
aaaaaaaaaaaaaaaaaa
aaaaaaaaaaaaaaaa
aaaaaaaaaaaaaaaaaaaa
aaaaaaaaaaa
aaaaaaaaaaaaaaaa
aaaaaa aaa
aaaaaaaaaaaaaaaaaaa
aaa aaaaaaaaaaaaaaaaaaa
aaaa aaaaa
aaaaaaaaaaaaaaaaaaaa
aaaaaaaaaaaaaaa
aaaaaaaaaaaaaaa
aaaaaa aaaaaaaaaaaaaa
aaaaaaa aaaaaaaaaaaa
a aaaaaaaaaa
aaaaaaaaa
aaaaaaaaaa
aaaaaaaaaaaaaa
aaaaaaaaaaaaaaaaa
aaaaaaaaaaaaaaaaaa
aaaaaaaaaaaaa
a aaaaaaaaaa
a aaaa aaaaa
aaaaaaaaaaaaaaaaa
aaaaaaaa
aaaa aaaaaaaaaaaaaaaaa
aaaaaaaaaaaa
aaaaaaaaaa
aaaaaaaaaaa
aaaaaaaaaaaaaaaaa
aaaaaaaaaaaaa
a aaaaaaaaa
aaaaaaaaaaaaaaaaaaa
aaaaaaaaaaaaaaaaaaa
aaaaaaa aaaa
aa a aaaaaaaaaaaaaaaaaaa
aaaaaaaaaaaaaaaaa
aaaaaaaaaaaaaaa
aaa aaaaaaaaaaaaaa
aaaaaaaaaa
aaaa a aaaaaaaaaaa
aaaaaaaaaaaaa
aaaaaaa aaaaaaaaaaaaaaa
aaaaaaaaa
aaaaaaaaaaaaaa
aaaaaaaaaa
aaaaaaaaaaaaaa
aaaaaaaaaaaaa
aaaaaaaa
aaaaaa aaaa
aaaaaaaaa
aaaaaaaaa
aaaa aaaaaaaa aaaaaaa
aaaaaaaaaaaaaaaaaaa
aaaaaaaaaaaaaaaaaaaa
aaaaaaaaa
aa aa aaaaaaaa
aa aaaaaaaaaaaaa
aaaaaaaaaaaaaa
aaaaaaa aaaaaaaaaaaa
aaaaaaaaaaaaaaaa
aaaaaaaaaaaaaaaaa
aaaaaaaaaa
aaaaaaaaaaaaaaa
aaaaaaaaaaaaaa
aaaaaaaaaaa
aaaaaaaaaaa
aaaaaaaaaaaa
aaaaaaaa
aaaaaaaaaaaaaaaaaaa
aaaaaaa aaaaaaaaaaaaaaaa
aaaaaaaaaaaaaaaaaa
aaaaaaaaaaaaa
aaaaaa aaaaa
aaaaaaaaaaa
aaaaaaaaaa
aaaaaaaaaaaaaaa
aaaaaaaaaaaaa
a aaaaaaaaaaaaaaaaaaa
aaaaaaaaaaaaaaaaaa
aaaaaaaaaaaaaaaaaaaa
aaa aaaaaaaaaaaaaaaaaa
aaaa aaaaaaaaaaaaaaaaaa
aaaaaaaaaa
aaaaaaaaaaaaaaaaa
aaaaaaaaaaaaaaaaaaaa
aaaaaaaaaaaaaaaa
aaaaaaaaaaaaaaaaaaa
aaa aaaaaaaaaaaaaaaaaaaa
aaaaaaaaaaaaaaaa
aaaaaaaaaaaaaaaa
aaaaaaaaa
aa aaaaaaaaaaaaaaaaaaa
aaaaaaaaaaaaaaaaaa
aaaaaaaaaaaaa
aaaaaaaaaaaa
aaaaaaa aaaaaaa
aaaaa aaaaaaaa
aaaaaaaaaaaaaa
aaaaaaaaaaaaaa
aaaaaaa aaaaaa
aaaaaaaaaa
aaaaaaaaaaaaaaaaaa
aaaa aaaaaaaaaa
a aaaaaaaaaa
aaaaaa aaaaaaaaaaaaa
aaaaaaaaaaaaaaaaa
aaaa aaaaaa
aaaaaaaaaaaaaaaaaaa
aaaaa aa
aaaaaaaaaaaaaaa
aaaaaaaaaaaaaaa
aaaaaaaaaaaaaaaaaaa
aaaaaaaa
aaaaaaaaa aaaaaaaa
aaaaaaaaaaaaaaaaaaaa
aaaaaaaaaaaaaaaaa
aaaaaaaaa
aaaaaaaaaaaaaaaaaaaa
aaaaaaaaaaaaaaaaaa
aaaaaa aaaaaaaaaaaaaa
aaaaaaaaaaaa
aaaaaaaaaa
aaaaaaaaaaa
a aaaaaa aaaaaaaaaaaaaa
aaaaaaaaaaaaaaaaaa
aaaaaaaaaaaaa
aaaaaaaaaaa
aaaaaaaaaaaaaaaaaaaa
aaaaaaaaaaaa
aaaaaa a aaaaaaaaaaaaaa
aaaaaaaaaaaaaaaaa
aaaaaaaaaaaaaaaaaaa
aaa aaaaaaaa
aaaaaaaaaaaaaaaaaaa
aaaaaaaa aaaaaaaaaaaa
aa aa aaaa
aaaaaaaaaaaaaaaaaaa
aaaaaaaaaaaaaaaaaaa
aaaaaa aaaaaaaaaaaaaaaaa
aaaaaaaaaaaaaa
aaaaaaaaaaaaa
aaaaaaaaaaaaaa
aaaaaaaaaaaaaaaa
aaaaaaaaaaaaaaa
aa aaaaaaaaa
a aa aaaaaaaaa
aaaaaaaaaaaaaaaa aaaaaaa
aaaaaaaaaaaaaaaaaaa
aaaaaaaaaaa
aaaaaaaaaa aaaaaaaaa
aaaaaaa aaaaaaaaa
aaaaaaaaaaaaaaaaaaaa
aaaaaaaaaaaaaaa
aaaaaaaaaaaaaaaaaa
aaaaaaaaaaaaaa
aaaaaaaaaaaa
aaaaaaaaaaaaaaa
aaaaaaaaaaaaaaaaaa aaaaaa
a aaaaaaaaaaaaaaaaaa
aaaa aaaaaaaaaaaaaaaaaaa
aaa aaaaaaaaaaaaaaaaaaa
aaaaaaaaaaaaaaaaa
aaaaaaaaaaaaaaaaaaa
aaaaaaaa aaaaaaaaaa
aaaaaaaaaaaaaaaaaaa
aaa aaaa aaaaaa
a aaaaaa aaaaaa
aaaaaaa a aa
aaaaaaaaaaaa aa
aaaa aaaaaaaaaaaaaaaaaaa
aaaa aaaaaaaaaaaa
aaaaaaaaaaaa
aaaa aaaaaaaaaaaaaaaaa
aaaaaaaaaaa
aaaaaaaaaaaaa aaaaaaaa
aaaaaaaaaaaaaaaaa
aa aaaaaaaaaaa
aaaaaaaaaaaaaaaaaa
aaaaaaaaaaa
aaaaaaaaaaaaaa aaaaa
aaaa a aaaaaaaaaaaaaaaaaa
aaaaaaaaaaaaaaa
aaaaaaaaaaaaaaaa
aaaa aaaaaaaaaaaaaaaa
aaaaaaaaaaaaaaaaaaa
aaaaa aaaaaaaaaaaaa
aaaa aa aaaaaaaaa
aaaaaaaaaaaaaaaa
aaaaaaaaa aaa
