aaaaaaa aaa aaa aaaaaaaaaaaaaa aaaaa aaaaa
aaaaaaaaaaaaaaaaaaaa aaaaaaaaaaaaaaa aaaaaaaaaaaaaa
aaaaaaaaa a aaaaaaaaa aaaaaaaa aaa aaaaaaaaaaaaaaaaaa
aaaaaaaaaaaaaa aaaaaaaaaaaaaa aaaaaaa aaaaaaaaaaaa
aaaaaaaaaa aaaaaaaaaaaaaaaaa aaaaaaaaaaaaaaaaaaa
aaaaaaaaaaaaaaaaaaaa aaaaaaaaaaaaaaaaaaa aaaaa
aaaaaaaaaa aaaaaaa aaa a aaaaaaaaaaa aaaaaaaaaa aaaaaaaaa
aaaa aaaaaaaaaaaaaaaaa aaaaa aaaaaaaa aa aaaaaaaaaaaaaaa
aaaaa aaaaaaaaaaaaa aaaaaaaaaaaaaaaaa aaaaaaaaaaaaaaaa
aaaaaa aaaaaaaaaaaaaaaaaaaa aaaaaaaaaaaaaaaaaaa
aaaaaaaaaaaaaa aaaaaaaaaa aaaaaa a aaaaaaaaaaaaaaaa
aaaaaaaaaaaa aaaaaaaaaaaaaaaaa aa aaaaaaaaaaaaaa
aaaaaaaaaaaaaaaaaaaa aaaaaaaaaaaa aaaaa aaaaaa
aa aaaaaaaaaa aaa aaaaaaaaaaaaaaa aaaaaaaa aaaaaaa
aaaaaaaaaaaaa aaaaaaaaaaaaaaa aaaaaaaaaaaaaaaa
aaaaaaa aaaaaaaaaaa aaaaaaaaaaaaaaaaaa aaaaaaaaaaaaaaaaaaa
aaaaaaaaaaaaaaa aaaaaaaaaa aaaaaaaaa aaaaaaaaaaaaa aaaaaaa
aa aaaa aaaaaaaaaaaa aaaaaaa aaa aaaa aaaaaaaaaaaaaaaaaa
aa aaaaaaaaaa aaaaa aaa aa aaaaaa aaaaaaaaa aaaaaaaaaaaaaaaaaa
aaaaaaaaaaaa aaaaaaaaa aaaaaaaaaaaaa aaaaaaaaaaa
aaaaaaaaaaaaaa aaaaaaaaaaaaaaaaaaa aaaaaaaaaaaaaaaaaaaa
aaaaaaaaaaaaaaaaaaa aaaaaaaaaaaaaaaaaaa aaaaaaaaaaaaaaaaa
aaaaaaaaaaaaa aaaaaaa a aaa aaaaaaaaaaaa aaaa aaaaaaaaaaaaa
aaa aaaaaaa aaaaaaaaaaaaaaa aaaaaaaaaaaaaa aa aaaaaaaaaa
aaaaaaaaaaaaaaaaaaaa aaaaaaaaaaaaaaaaaaaa aaaaaaaaaaaa
aaaaaaaaaaaaaaaaaaa aaa aaaaaaaaaaaaa aaaaaaaa
aa aaaaaaaa a aaaaaaaaaaaaaaaaa aaaaaaa aaaaaaaa
aaaaaaaaaaaa aaaaaaaaaaa aaaa aa aaaa aaaaaaa aaaaaaaaaaaaaa
aaaaaaa aaaaaaaaaaaaaaaaaaaa aaaaaaaaaaaaaaaaaa
aaaaa aaaaaaaaaaa aaaa aaaaaaaaaaaaaaaa aaaaaaaaaa
aaaaaaaaaaaaa aaaaaaaaaaaaa aaaaaaaaaaaaaaaaaaaa
aaaaaaaaaaaaaaaaaa aaaaaaaaaaaaaa aaaaaaa aaaaaaaaaaaaaaa
aaa aaaaaaa aaa aaaaaaaaaaaa aaaa aaaaaaaaaaaaaaaa
aaaaaaaaaaaaaaaaaa aaaaaaaaaaaaaa aaaaa aaaaaaaaaaaaaaaaaa
aaaaaaaaaaaaaaaaa aaaaaaaaaaa aaaaaaaaa aaaaaaaaaaaaaaaaaaa
aaa aaaaa aaaaaaaaaa aaaaaaaa aaaaaaaa aaaaaaaaaa
aaaaaaaaaaaaaaaa aaaaa aaaaaaaaaaa aaaaaaaaa aaaaaaaa
aaaaa a aaaaaaaaaaaa aaa aaaaaaaaaaa aaaaaaaaa
aaaaaaaaaaaaaaaaaa aaaaaaaaaaaaaaaaaaa aaaaaaaaa
aaaaaaaaaaaaaaaaaaaa aaaaaaaaaaaaa aaaaaaaa aaa aaaaaaaaaaaaaa
a aaaaaaaaaaaaaa aaaaaaa aaaaaaaaaaaaaaa aaaaaaaaaaaaaaaa
aa aaaaaaaaaaaa aaaaaaaaaaaaaa aaaaaaaaaaaaaaaaaaaa
aaaaaaaaaaaaaaaaa aaaa aaaaaaaaaaaaaaaaaaaa aaaaaaaaa
aaaaaaaaaaa aaaaaaa aaaaaa aaaaaaaa aaaa aaaaaaaaaaaaaaaa
aaaaaaaaaaaaaaaaaa aaa aaaaaaaaaaaaaaaa aaaaaaaaaaaaaaaa
aaaaa aaaaaaaaa aaaaaaaaaaa aaaaaaaaaaaaaaa aaaaaaa
aaaaaaaaaaaaaaaaaaaa aaaaaaaaaaaaaa aaa aaaaaaaaaa
aaaaaaaaaaaaaaaaaaa aaaaaaaaaaaaaaaaaaa aaa aa
aaaaaaaaaaaaaaaaaa aaaaaaaaaaaaaaaaaaaa aaaaaaaaaaaaa
aaaaaaaaaaaaaaaa aaaaaaaaaaaaaaaaaaa aa aaa aaaaa
aaaaaaaaaaaaaaaaaaa aaaaaaaaaaaaa aaa aaaaaaaa
aaaaaaaaaa aaaaaaaaaaaaaaa aaaaaaaaaaaaaaa aaaaaaa
aaaaaaaaaaaaaa aaaaaaaaaaaaaaaaaaaa aaaaaaaaaaaaaaa
aaaaaaaaaaaaaaaaaaa aaaaaa aaaaaaaaaaaaaaaaaaa
aaaaaaaaaa a aaaaaaaaaaaaa aaaa aaaa aaaaaaaaa
aaaaaaaaaaa aaaaaaaaaaaaa a aaaaaaaaaaaaaaaaaaaa
aaaaaaa aaaaaaaaaaaaaaa aaaaaaaaaaaaa aaaaaaa aaaaaaa
aaaaaaaaaaaaaaaaaaa aaaaaaaa aaaaaaaaaaaaaaaaaa
aaaaaaaaaaaaa aaaaa aaaa aaaaa aaaaaaaaaaaaaaaaa
aaaaaaaaaaaa aa a a aaaaaaaaaaaaaaaa aaaaaaaaaaaaa
aaaaaa aa aaaaaaaaaaaa aaa aaaaa aaaa aaaaaaaaaaaaaaaaaaa
aaaaaaaaaaaa aaaaaaaaaa aaaaaaaaaaaa aa aaaaaaaaaaaaaaaa
aaaaaaaaaaaaaaaaaaaa aaaaaaaaaaa aaaaaaaaaaaa aaaaaaaaaaaaaa
aaaaaaaa aaaa aaaaaaaaaaaaaaaaaaa aaaaaaa aaaaaaaaaaaa
aaaaaaaaa aaaaaaaaaaaaaaaaaaaa aaaaaaaaaaaaaaaaaa
aaaaaaaaaaaaaaa aaaaaaaaaaaaaaaaaaaa aaaaaaaaa
aaaaaaaaaaaaaaaaaa aaa aaaaaa aaaaaaaaaaaaaaaaaaa
aaaa aaaaaaaaaaaaaaaaaa aaaaaaaaa aaaaaaaaaaaa
aaaaaaaaaaaaaaaaa aaa aaaaaaaa aaa aaaaaa aaaaaaaaaa
aa aaaaaaa aaaaaaaaaaaaa aaaaaa aa aaa aaaaaaaaaaaaaaaaaa
aaaaaaaaaaaa aaaaa aaaaaaaaaaaaaaaaaaa aaaaaaaaaaaaaaaaaaaa
aaaa aaaaaaaaaaaaaaaaaa aaaaaaa aaaaaaaaaaaaaaaa aaaaaaaaaaa
aaaaaaaaaaaaaaaa aaaaaa aaaaaaaaaaaaaa aaaaaaaaaaaaa
a aaaaaaaa aaaaaaaaaa aa aaaaaa aaaaaaaaaaaaaaaaaa
aaaaaaaaaaaaaa aaaa aaaaaaaaaaaaaaaa aaaaaa aaaaaaa
a aaaaaaaaaaaaaaa aaaaaaaa aaaaaa a aaaaaaaaaaaa
aaaaaaaaaaaa aaaaaaaaaaaaaaaaa aaaaaaaaaaaa aaaaaaaaaaaaaaaaaa
aaaaaaaa aaa aaaaaaaaaaaaaa aaaaaaaaa aaaaaaaaaa
aaaaaaaaaaa aaaaaaaaaaaaa aaaaaaaaaaaa aaaaaaaaaa
aaaaaaaaaaaa aaaaa aaaa aa aaaaaaaaaa aaaaaaaaaaaaaaaaaa
a aaaaaaaaaaaaaaa aaaaaaaaaaaaaaaaaaa aaaaaa aaaaaaaaaaaaaa
aaaaaaaaaaaaaa aa aaaaaaaaaaaaaaa aaaaaaaa aaaaaa
a aaaaaaaa aaaaaa aaaaaaaaaaaaaaaa aaaaaaaaaaaa
aaaaaaaaaaaaaaaaaaa aaaaaaaaaaaaaaa aaaaaaaaaaaaa
aaaaaaaaaa aaaaaaaaaaaaaaa aaaa aaaaaaa aaaaaaaaaaaaaaaa
aaaaaaaaaaaaaaaa aaaaaaaaaaaaa aaaaaaaaaaaaa aaaa
aaaaaaaaaaaaa aaa aaaaaaaaaaaaa aaaaaaaaaaaaa aaaaaaaaaa
aa aaaaaaaaaaaaaaaaa aaa aaaaaaaa aaaaaaaaaaaaaaaa
aaaaaaaaaaaaaaaaaaaa aaaaaaaaaaaaaaaa aaaa aaaaaaaa
aa aa aaaaaaaaa aaaaaaaaaaaaaa aaaaaaaaaaaaaaaaaa
aaaaaaaaaaaaaaaa aaaaaaaaaaaaaaaaa aaaaaa aaaaaaaaaaaaaaaaa
aaaaaaaaaaaaa aaaaaaaaaaaaaaaaaaa aaaaaa a aaaaaaaaaaaaaaaaaa
aaaaaaaaaaaa aaaaaaaaaaaa aaaaaaaaa aaaaa aaaaaaaaaaaaaaaaaa
aaaaaaaaaaaaaaa aaaaaaaaaaaaaaa aaa aaaaaaaaaaaa
aaaaaaaaaa aaaaaaaaaaaa aaaaaaaaaaaaaaaaaaaa aaaaaaaaaaaaaaa
aaaaaaaaaaaaaaaaaaaa aaaaaaaaaaaaaaaa aa aaaaaaaaaaaaaaa
aaaaa aaaaa aaaaa aaa aaaaaaaaaaaaaa aaaaaaaaaaaaaa
aaaaaaaaaaa aaaaa aaaa aaaaa aaaaaaa aaaaaaaaa
aaaaaaaa aaaaaa aaaaaaaaaaaaa aaaaaaaaa aaaaaaaaaaaaaaaaa
aaaaaaaaaaaa aaaaaaaaaaaaaaaa aaaaaaa aaaaaaaaaaaaa
aaaaaaaaaaaaaaaaaa aaaaaaaaaaaa aaaaaaaaaaaaaaaaa aaaa
aaaaaaaa aaaaaaaaaaaa aaaaaaaaaaaa aaaaa aaaaaaaaaaaaaaaaaa
aaaaaaaaaaa a aaaaaa aaaaaaaaa aaaaaaaaaaaaaaaaaaaa
aaaaaaaaaa aaaaaaaaaaaaaaaaa aaaaaaaaaaaaaaa aaaaa aaaa
aaaa aaaa aa aaaaaaaaaaaaaaaaaaa aaaaaaaaaaaaaaaa aaaaaaaaaa
aaaaaaaaaaaaaaaaa aaaaaaaaaaa aa aaaaaaaaaaaaaaaaaaa aaaaaaaa
aaaaaaaaaaaaa aaaaaaaa aaaaaaaaaaaaa aaaaaaaaaaaaaaaaa
aaaaaaaaaaaaa aaaaaaaaa aaa aaaaaaaaaaaaaaaaaaaa
aaaaaaa aaaaaaaaaaaa aaaaaaaaaaaaaaaaaaa aaaaaaaaaaaaaaaaaaaa
aaaaaaaaaaaaaaaa a aaaaaaaaaaaaaaaaa aaaaaa aaaaaaaa
aaaaaa aaaaaaaaaa aaaaaaaaaaaaaaaa aaaaaaaaaaaa
aaaaaaaaaaaaaaaaaa aaaaaaaaaaaaaaaaaaa a aaaaaaaaaaaaa
aaaaaaaaaaaaaaaaaaa aaaaaaaaaaaaaaaaa aaaaaaaaaa
aaaaaaa aaaaa a aaaaaaaaaaaaaaaaaa aa aaaaaaaaaaaaaaaaaaa
aaaaaa aaaaaaa aaaaaaa aaaaaaaaaaaaaaaaa a aaaaaa
aaaaaaaaaaaaaaa aaaaaaaa aaaaaaaaaaaaaaaaaa aaaaaaaaaaaa
aaaaaaaaaaa aa aaa aaaaaaaaaaaa aaaaaaaaaaaaaa
aaaaaaaaa aaaaaaaaaaaaaaaaaaaa a aa aaaaaaaaaaaaaaaa
aaaaaaaaaaaaaaa aaaaaaaa aaa aaaaaaaaaaaaaaaaa
aaaaaaa aaaaaaaaaaaaaaaaaaaa aaaaaaaaaaaaaaaaaaaa
aaaaaaaaa aaaaaaaaaaa aaaa aaaaaaaaaa aaaaaaaaaaaaaaaaaa
aaaaaaaaaaaaaaaaa aaaaaaaaaaaaaa aaaa aa aaaaaa aa
aaaaaaaaaaaaaaa aaaaaaaa aaaaaaaaaaaaaaaaa aaaaaaaaaaaaaaaaaaa
aaaaaaaaaaaaaaaaaaaa aaaaaaaaaaaaa aaaaaaaaaaaa
aaaaaaaaaaaaaaaaaaa aaaaaaaaaaaaa aaaaaaaaaaa a aaaaaaaaaaaaa
a aaaaaaaaaaaaa aaaaa aaaaaaaa aaaaaaaaaaaaaaaaaa
aaaaaaaaaaaaa aaaaaaaaaaaaaaaaa a aaaaaaaaaaa aaa
aaaaaa aaaaa aaaaaaaaaaaaaaaaa aaaaaaaaaaaaaaaaaa
aaaaaaaaaaaaaaaaaaa aa aaaaaaa aaaaa aa aaa aaaaaaaaaa
aaaaaaaaaaaaaaaaaaa aaaaaaaaaaaa aa aaaaa aaaaaaaaaaaa aaaaa
aaaaa a aaaaaaaaaaaaaaaaaaaa aaaaaaa aaaaaaaaaaaaaaaaaaaa
aaaaaaaaa aaaaaaaaaaaaaaaaa aaaaaaaaaaa aaaaaaaaaa aaaaaaaa
aaaaaaaaaaaaaa aaaaaaaaaaaaaaaaaaa aaaaaaaaaaaaa aaaaaaa
aa aaaaa aaaaaaaaaa aaaa aaaaaaaaaaaaaaaaaa aaaaaaaaaaaaaa
aaaaaaaaa aaaaaaa aaaaaaaaa aa aaaaaaaa aaaaa aaaaaaaaa
aaaaaaaaaaaaaaaaaaa aaa aaaaaaaaaaaa aaaaaaaaaaaaaaaaa
aaaaaaaaaaaaaaaaa aaaaaaaaa aaaaaaa aaaaaaaaaaaaaa
a aaaaaaaaaaaaaa a aaaaaaaaaaaaaaaaaaa aaaaaaaaaaaaaaa
aaaaaaaaaaaaaaaaa aaa aaaaaaaaaaaaaaaaaaaa aaaaaaaaaa
aaaaaaaaaaaaaa aaaaaaaaaaaaaaaaa aaaaaaaaaaaaaaaaaaa
aaaaaaaaaaaaaaaaaaaa aaaaaaa aaaaaaaaaaaaaaaaaaa
aaa aaaaaaa aaaaaaa aaaaaaaaa aaa aaaaaaaaaaaa aaaaaa
aaa aaaaaaaaaaaaa aaaaaaaaaaaaaaaaaaa a aaaaaaaaaaa
aaaa aaaaaaaaa aaaaaaaaaa aaaaa aaaaaaaaaaaaaaaa
a aaaaaaaaaaaaaa aaaaaaaaaaaaaaa aaa aaaaaaaaaaaaa
aaaaaaaaa aaaaaaaaaaaaaaaaaa aaaaaaaaaa a aaaaaaaaaaaaaaaa
aaaaaaaaaaaaaaaaaa aaaaaaaaaaaaaaaa aaaaaaaaaaaaaaaaaaa
a aaaaaaaaaaaaaa aaaaaaa aaaaaaaa aaa aaaaaaaaaaa aaaaaa
aaaaaaaaaaaaaa aaa aaaaaaaaaaaaaaaa aaa aaaaaaaaaaaaaaaaaaa
aa aaaaaaaaaaa aaaaaaaaaaaaaaaaaaa aaaaaaa aaaaaaaaa
aaaaaaa aaaaaaaaaaaaaaa aaaaaaaaaaaaaaaaaaaa aaaaaaaaa
aaaaaaaa aaaaaaaaaaaaaaaa aaaaaaaaaaaaaaaaaa aaaaaaaa
a aaaaaaaaaaaa aaaaaaaaaaa aaaaaaaaaaaaaaaaa aaa
aaaaaaaaaaaaaaaaaa aaaaaaaaaa aaaaaa aaaaaaaaaaaaaaaaaaaa
aaaaa aaaa aaaaaaaaa aaaaaaaaaaaaaaaaaaaa aaaaaaaaaaaaaa
aaa aaa aaaaaa aaaaaaaaaaaaaaa aaaaa aaaaaa aaa
aaaaaaaaaaa aaaaaaaaaa aaaaaaaaaaaaaa aaaaaaaaaaaaaa
aaaaaaaaaaaaaaa aaaaaaaaa aaaaaaaaaaaaaa a aaaaaa
aaaaaaaaa aaaaaaaaaaaaaa aaaaaaaa aaaaaaa aaaaaaaaaa
aaaaaaaaaaaaaaaaaa aaaaaaaaaaaaaaaa aaa aa aaaaaaaaaaa
aaaaaaaaa aaaaaaaaaa aaaaaaaaaaaaaa aaaaaaaaaaaa aaaaaaaaaaaa
aaaaaaaaaaa aaaaaaaaaaaaaaa aaaaaaaaaaaaa aaaaaaaaaaaaaaaaa
aaaaaaa aaaa aaaaaa aaaaaaaaaaaaaa aaaaaaaaaaaaaaaa
aaa aaa aa aaaaaaaaaaaaaaa aaaaaaaaaaaaaaaa aaaaaaaaaaaaaaaa
aaaaaaaaa aaaaaaaaa aaaaaaaaaaaaaaaaaaa aaaaaaaaaaaaaaaaaaa
aaaaaaaaaaaaaaaaaaaa aaaaaaaaaaaaaaaaa aaaaaaaaaaaaaaaaaaaa
aaaaaaaaaa aaaaa aaaaaaaaaaaa aaaaaaa aaaaaaaaaaaaaaaaaaa
aaaaaaaaaaa aaaaa aaaaaaaaaaaaaaa a aaa aaaa aaaaaaaaaaaaaaa
aaaaaaaaa aaaaaaaaaaa aaaaaaaaaaaaaaaaaa aaaaaaaaaaaaa
aaaaaa aaaaaaaaaaaaaaaa aaaaa aaaaaaaaaaaaaaaaaaa
aaaaaaaaa aaaaaaa aaaaaa aa aaa aaaa aaaaaaaaaaaaaaaaa aaaaaa
aaa aaaaaaaaaaaaaaaaaaaa aaaaaaaaaaaaaaaaa aaaaaaaaaaaaa
aaaaaaaaaaaaaaaaa aaaaaaaaaaa aaaaaaaaa aaaaaaaaaa
a aaaaaa aaaaaaaaaaaaa aaaaaaaaaaaa a aaaaaa aaaaaaaaaaaaaaaa
aaa aaaaaaaaaaaaaaaaaaaa aaaaa aaaaaaaaa a aaaaaaaaaaaaaaaa
aaaaaaaaaaaaaa aaaaaaaaaaaaaa aaaaaaaaaaaaaaa aaaaaaaaaaaa
aaaaaaaaaaaaaaaaa aaaaaaaaaaaaaaaaa aaaaaaaaaa aaaaaaaaaaaaaa
aaaaaaaaaaaaaaaaaaaa aaaaaaaaaaaaaaaa aa aaaaaaaaaaa
aaaaaaaaaaaa aaaaaaaaaaaaaa aaaaaaaaaaaaaaa aaaaaaaaaaa
aaaaaaaaa aaaaa aaaaaaaaaaaaaa aaaaaaaaaaaaaaaaaaaa
aaaaaaaaaaaaaa aaaaaaa aaaaaa aaaaaaaaaaaaaaaaaaaa
aaaaaaaaaaaaaaaaaaa aaaaaaaaaaaaaa aaaaaa aa aaaaaaaaaaaaaa
aaaaaaaaaaaaaaaaa aaaaaa aaaaaaa aaaaaaaaaaaaaaaa
aaa aaaaaa aaaaaaaaaaaaaaaaaa aaaa aaaaaaaaaaaaaaaaaaa
aaaaaaaaaaaaaaa aaaaa aaaaaaaaa a a aaa aaaaaaa
aaaaaaaaaaaa aaaaaaaaaaaaaaaa aaaaaaaaaa aaaaaaaaaaaa
aaaaaaaaaaaaaaaaa aaaaa aa aaaa aaaaaaaaaaaaaaaaaa
aa aaaaaaaaaaaaaaaaaa aaaaaaaaaaaaaa aaaaaaaaaaaaaa
aaaaaaaaa aaaa aaaaaaaaa a aaaaaa aaa aaaaaaaaaaa
aaaaaaaaaaaa aaaaaaaaaaaaaaaaaaaa aaaaaaaa aaaaaaaaaaaaa
aaaaaaaaaaaaa aa aaaaaaaaaaaa aaaaaaaaaaaa aaaaaaaa
aaaaaaaaaaaaaaaaa aaaaa a aaaaaaa aaaaaaaa aaaaaaaaaaaaaa
aaaaaaaaaa aaaaaaaa aaaaaaa aaaaaaaaaaaaa aaaaaaaaa
aaaaaaaaaaaaaaaaa aaaaaaaaaaaaaaaaa aaaaaaaaaaaaaaaaaaa
aa aaaaaa aaaa aaaaaaaaa aaaaaaaaaaaa aaaa aaaaaaaaaaaaa
aaaaaaaaaaaaa aaaaaaaaaaa aaaaaa aaa aaaaa aaaaaaaaaaa
aaaaaaaa aaaaaaaaaaaaaaa aaaaaaaaaaaaaaa aaaaaaaaaaaa
aaaaaaaaaa aaaaaaaaaaaaaaaaa aaaaaaaaaa aaaaaaaaaaaaaaaaaa
aaaa aaaaaaaaaaaaaaaaaaaa aaaaaaaaaaaaaaaaa aaaaaaaaaaaaaaaaaa
aaaaaaaaa a aaaaaaaaaaaaaa aaaaaaaaaaaaaaaa aaaaaaaa
aaaaaaaaa aaaaaa aaaaaaaaaaaaaaaa aaaaaa aaaaaaaaaaaaaaaaaaa
aaa aa aaaaaaaaaaaaaaa aaaaaaaaaaaaa aaaaa aaaaaa
aaaaaaaaaaaaaaaaaaa aaaaaaaaa aaaaaaaaaaaa aaaaaaa
aaaaaaaaaaaa aa aaaaaaaaaaaaaa aaaaaaaaaa aaaaaaaaaaaa
aaaaaa aaaaaaaaa aaa aaaa aaaaaaaaaaaaaa aaaaaaaaaaa
aaa aaaaaaaaaaaaaaaaaaaa aaaaaaaaaaaaaaaaaaa aaaaaaaaaaa
aaaaa aaaaaaaaaaaaaaaaaaa aaaaaaaaaaaaaaaaa aaaaaaaa
aaaaaaaaaaaaaaa aaaaa aaaaaaaaaa aaaaaaaa aaaaaaaaaaaaa
aaaaaaaa aaaaaaaaaaaaaaaaaa aaaaaaaaa a aaaaaaaaaaaa
aaaaaaaaaaaaaaaaaaa aaaaaaaaaaaaaaaa aaaaaaa aaaaaaaaaaaaaaaaa
aaaaaaaa aaaaaaaaaaa aaa aaaaa aaaaaa aaaa aaaa
