aa aaaaaaaaaaa aaaaaaaa aaaaaaaaaaaaaa
aaaaaaaaaa aaaaaaaaaaaaa aaaaaaaaaaaaa
aaaaaaaaaaa aaaaaa aaaaaaaaa aaaaaaaaaaa
aaa aaa aaaaaaaaa aaaaaaa aaaaaaaa aa
aaaaaaa aaaaaaaaaaaa aaaaaaaaaa aaaaaaaaaaaa
aaaaaaaaaaaaa aaaaaaaaaaaaaaa aaaaaaaaa
aaaaaaaaaa aaaaaa aaaaa aaaaaaaaaaaa
aaaaaaa aaaaaaaaaaaaaa aaaaaaaaaaaaaaaa
aaaaaaaaaaaaaaaaaaa aaaaa a aaaaaa aaaaaaaaaaaaa
aaaaaaaaaaa aaaaaaaaaaaaaaaaaaa aaaaaaaaaaaaaaaaaaaa
aaaaaaaaaaa aaaaaaaaaaaaaaaaa aaaaaaaaaaaaaaaaa
aaaaaa aaaaaaaaaaaa aaaaaaaaaaaaaaaa
aaaaaaaaaaaaaa aaaaaa aaaaaaaaaaaaaaaaaaaa
aaaaaaaaa aaaa aaaaaaa aa aaaaaaaaaaaaaa
aaaaaaaaaaaaaaaaaaa aaaaaaaaaaaaaaaa
aaaaaaaaaaaaa aaaaaaaaaaaaaaaaaaa aaaaaaaaaaaaaaaaaa
aa aaa aaaaaaaaaaaaaaaaaa aaaaaaaa aaaaaaa
aaaaaaaaaaaaaa aaaaaaaaa aaaaaaaa a
aa aaaaaa aaa aaaaaaaaaaaaaaaaaaa aa
aaaaaaaaaaaaaa aaaaa aaaaaaaaaaaa a
aaaaaa aaaa aaaaaaaaaaa aaaaaaaaaaaaaaaaaaa
aaaaaaaaaaaaaaaaaaaa aaaaaaaaaaaaaaaaaa
aaaaaaaaaaaaaaa aaaaaaaaaaaaaaa aaaaaaaaaaaaaaaaaaa
aaaa aaaaaaaaaaaaaaaaaaaa aaaaaaaaaaaaaaaaaa
aaaaaaaaaaaaa aaaaaa aaaaaaaa aaaaaaaa
aaaaaa aaaaaaaaaaaaaaaa aaaaaaaaaaaa
aaaaaaaaaaaaaaa aaa aaaaaaaaaaaaaaaaa
aaaaaaaaaaaa aaaaaaaaaa a aaaaaaaaaaaa aaaaaaaaaa
aaaaaaaaaaa aaaaaaaaaa aaaaaaaaaaaaaaaaaaa
aaaaaaaaaa aaaaaaaaaaaaaaaaaaaa aaaaaaaaaaaaaaaaaaa
aaaaaaaaaaaaaaaaaaa aaaaaaaaaaaaaaaaaa
aaaaaaaaaaaaaaa aaaaaaaaaa aa aaaaaa
aaaaaaaa aaaaaaaaaaa aaaaaaaaaaaaaaaaaaaa
aaaaaaaaaaaaaaa a aaaaaaaaaaaaa aaaaaaaaaaaaa
aaaaaaaa aaaaaaa aaaaaaaaaaa aaaaaaaaaaaaaaaaaa
aaaaaaaaaaa aaaaaaaaaaaaa aa aaaaaaaaaaaaaaa
aaaaaaaaaaaaaaaa aa aaaaaaaaaaaaa aaaaaaaaaaaa
a aaa aaaaaaaaaaaaaaaaaa aaaaaaaaaa
aaaaaaa aaaaaaaaaaaaaaaaaa aaaaaaaaaaaaa
aaaaaaaaaaaaaaaaa aaaaaaaaaaaaaaaaaaaa
aaaaaaaaaa aaaaa aaaaaaaaa aaaaaaaaaaaaaa
aaaaaaaaaaaaa aaaaaaaaaaaaaa aa aaaaaaaaaaaa
aaaaaaaaaaaaaaaaaaaa aaaaaaaaaaaaaaa
aaaaaaaaaaaaaaaaaaa aaaa aaaaaaaaaa
aaaaaaaaaaaaaaaaaaaa aaaa aaaaaaaaaaaa
a aaaaaaaaaaaaaaaaa aaaaaaaaaaaaa aaaaaaaaaaaaaa
aaaaaaaaaaaaaaaaaaaa aaa aaaaaaaaaaaaaaaaaa
aaaaaaaaaaaaaaaaaa aaaaaaaaaaa aaaaaaaaaaaaaaaaa
aaaaaaaaaaaaaaaaa aaaaaaaaaaaaaaa aaaaaaaaaaaa
aaaaaaaaaaaaaaaa aaaaaaaaaaaaaa aaaaaa
a aaaaaaaaaaaaaaaaaaaa aaaaaaaaa aaaaaaaaaa
aaaaaaaaaaaaaaaaaaaa a aaaaaaaaaaaaaaaa
aaaaaaaa aaaaaa aaaaa aaaa aaaaaaaaaaaa
aaaaaaaaaaa aaaaaaaaaaa aaaaaaaaaaaaa
aaaa aaaaaaaaaaaa aaaaaaaaaaaa aaaa
aaaaaaaaaaaaaaaaaaa aaaaaaaaaaaaaaaaaaa
aaaaaaaaaaaaaaaaaa aaaaaaaaaa aaaaaaaaaa
aaa aaaaaaaa aaaaaaaaaaaaa aaaaa aaaaaa
aaaaaaaaa aaaaaaaaaaaaaaaaaa aaaaaaa
aaaaaaaa aaaaaaa aa aaaaaaaa aaaaaaaaaaaa
a aaaaaaaaaaa aaaaaaaaaaaaaa aaaaaaaaaa
aaaaaaaaaaaaaaaaaaaa aaaaaaaaaaaaaaaaaaa
aa a aaaaaaaaaaaaa aaaa aaaaaaaaaaaaaaaaaaaa
aaa aaaaaa aaaaaaa aaaaaaaaaaaaaaaaaa
aaaaaaaa aaaaaaaaaaaaaaaaaaaa aaaaaaa
aaaaaa aaaaaa a aaa a aaaa a aaaaaaaaaaa
aaaaaaaaa a aaaaaaaaaa aaaaaaaaaaaaaa
aaaaaaaaaa aaaaaaaaaaaa aaaaaaaa aaaaaaaaaaaa
aaa aaaaaaaaaaaaaaaaaa aaaaaaaaaaaaaaaaa
aaaaaaaaaaaaaaa aaaaaaaaaaaaaaaa aaaa
aaaaaaa aaaaaaa aaaaaaaaaaaaa aaaaaaaaaaaaaaaaaaaa
aaaaaaaaaa aaaa aaaaaaaaaaaaaaaaaaaa
aaaaaaaaaaaaaa aaaaaaaa aaaaaaaaaaaaaaaaaaa
aaa aaaaaaaaaaaaaaaaaaa aaa aaaaaaaaaaaaaaaaaa
aaaaaaaaaaaaaaaaa a aaaaaaaaaaaaa aaa
aaaaaaaaaaaaaaa aaaaaaa aaaaaaaaaaa
aaaaaaaaaa aaaa aaa aaaaaaaaaaaaaaa
aaaaaaaaaaaaaaaaa aaaaaaaaaaaaaaaa a
aaaaaaaaaaaaaaaaaaa aaaaaa aaaa aaaaaaaaa
aaaaaaaaaaaaaa aaaaaaaaaaaaaaaaaa aa
aaaaaaaaaaaa aaaaaaa aaaaaaaaaaaaaaaaaaa
aaaaaaaaaaaaa aaaaaaaaaaaaaaaaaaaa aaaaaaaaaaaaa
aaaaaaaaa aaaaaaaaaaa aaaaaaaaaaaaaaaaa
a aaaaaaaaaaaaaaaaaaa aaaaaaaaaaaaaa
aaaaaaaaaaaaaaa aaa aaaaaaaaaa aaaaaaaaaaaaaaaaa
aaaaaaaaaaaaaaaaaaaa aaaaaaaaaaaa a aaaaaaaaaaaaa
aaaaaaaaaaaaaaaaaaa aa aaaaaaaaaaaaaaaaa
aaaaaaaaaaaaaaa aaaaaaaaaaaaaaaaaaa
aaaaaaaaaaaaaaa aaaaaaaaaaa aaaaa aaaaaaaaaa
aaaaaaaaaaaaaaaaaaa aaaaaaaaaaaaaaaa
aa aaa aaaaa aaaaaaaaaaaaaaaaaaa aaaaaaaaaaaaaaa
aaaaaaaaaaaaaaaaa aaaaaaaa aaaaaa aaaaaaaaaaaa
aaaaaaaaaaaaa aaaaaaaaaaaaaaaaa aaaaaaaaa
aaaaaaaaaaaaaaa aaaaa aaaaaaaaaaaa a
aaaaa aaaaaaaaaaaaaaaaaaa aaaaaaaa aaaaaaaaa
aaaaaaaaaaaaaaaa aaa aaaaaaaaaaaaaaaa
aaaaaaaaaaaaaa aaaaaaaaaaaaaaaaaa aaa
aaaaaaaaa aaaaaaaaaaaaaaaa aaaaaaaaaaaaaa
aaaaaaa aaaaaaa aaa aaaaaaaaaaaa aaaaaaaaaaaaaaaaa
aaaaaaaa aaaaaaaaaaaaaaaaaaaa aaaaa
aaaaaaaaaaaaa aaaaaaaaaaaaaaaaaa aaaaa
aaaaaaaaaaaaaaaaaaa aaaaaaaaaaaaaaaaaaaa
aaaaaaa aaaaaaaaaaaaa a aaaaaaaaaaa
aaaaaaaaa aaaaaaaaaaaaa aaaaaaaaaaaaaaaaa
aaaaaa aaaaaaaaaaaaaaa aaaaaaaaaa aaaaaaaaaaaaaaaaa
aaaaaaaaaaaaaaaa aaaaaa aaaaaaaaaaaaaaaaa
aaaaaaaaaaaaa aaaaaaaaaaaaaaaaaaaa aaaaaaaa
aaaaaaa a aaaaaaaaaaaaaaaa aaaa aaaaa
aaaaa aaaaaaaaaaaaaaaaaaa aaaaaa aaaaaaaaaaaaaa
aaaaaaaaaaaaaaaaa aa aaaaaaaaaaaaaaaaaaa
aaaaaaaaaaaaaaaaaa aaaaaaaaaaaaa aaa
aaaaaaaaaaaaaaaaaaa aaaa aaa aaaaaa
aaaaaaaaaaaaaaa aaaaaaaaaaaaaa aaaaaaaaaaaaaaa
aaaaaaaaaaaaaaaaaa aaaaaaaaaaaaaaa aaaaaaaa
aaaaaa aaaaaaaaaaaaaaa aaaaaaaaaa aaaaaaaaaaa
aaaaaaaaaaaaaa aaaaaaaaaaaaaaaaaaaa
aaaa aaaaaaaaaaaaaa aaaaaaaaaa aaaaaaaaaaaa
aaaaaaaaaa aaaaaaaaaaaaaa aaaaaaaaa
aaaa aaaaaaaaaaaa a aaaaaaaaaaaaaaa
a aaaaaaaaaaaaaa aaaaaaaaaa aaaaaaaaaaaaaaaaa
aaaaaa aaaaaaaa aaaaaaaaaaaa a aaa aaaa
aaaaaaaaaaaaaaaaaaaa aaaaaaaaaaaaaaaaa
aaaaaaaaaaaaaaaa aaaaaaaaaaaaaaa aaaaaaaaaaaa
aaaaaa aa aaaaaaaaaaaaaaaaaa aaaaa aaaaaaaaa
aaaaa aaaaa a aaaaaaaaaaaa aaaaaaaaaaaaaaaaaaaa
aaaaaaaaaaaaaaaaaaaa aaaaaaaaaaaaaaa
aaaaaaaa aaaaaaaaa aaaaaa aaaaaaaa aaaaa
aaaaaaaaaa aaaa aaaaaaaaaaaa aaaaaaaa
aaaaaaaaa aaaaaaaaaaaaaaa a aaaaaaaaaaaaaa
aaaaaaaaaaaaaaa aaaaaaaa aaaaaaaaaaaaaaaa
aaaaaaaaaa aaaaaaaaaaaaaaaaaaa a aaaaaaaaaaaa
aaa aaaaaaaaaaaaaaaaaa aaaaaaaaaaaaaaaa
aaaaaaaaaaaaaaaa aaaaaaa aaaaaaaaaa
aaa aaaaa aaaaaaaaaaa aaaaaaaaaaaaaaaaaaa aaaa
aaaaaaaaaa aaaaaaaaaaaaaaaaa aaaaaaaaaaaaaaaaaaaa
aaaaa aaaaaaaaaaaaaaaaaa aaaaaaaaaaaaaaa
aaaaaaaaa aaaaaaa aaaaaaaaaaaaaaaa aaaaaaaaaaaaaaaa
aaaaa aaaaaaaaa aaaaaaaaaaaaaaa aaaaaaaaaaaaa
aaaaaaaaaaaaaa aaaaaa aaa aaaaaaaaaaaaaaaa
a aaaaaaaaaaaa aaa aaaaaaaaaaaaaaaaaaaa
aaaaaaaaaaaaaaaa aaaaa aaaaaaaaa aa
aaa aaa aaaaaaaaaaaaa aaaaaa aaaaaaaaaaa
aaaaaaaaa aaaaaaaaaaaaaa aaaaaaaaaaaaaa
a aaaaaaaaaaaaaaaaaaa aaaaaaa aaaaaaaaaaaaaaaa
aaaa aaaaa a aaaaa aaaaaaa aaaaaaaaaaaa aaaaaaaaaaaa
aaaaaaa aaaaaaaaaaa aaaaaaaaaaaaaaaa aaaaaaaaaaa
aaaaaaaaaaaaa aaaaaaaaaaaaaaaaaaaa aaaaaaaaaaaaa
aa aaaaaaaaaaaaaaa a aaaaaaaaaaaaaaaaaaa
aaaaaaaaaaa aaaaaaaa aaaaaa aaaaaaa
aaaaaaa aaaaaaaaaaaaaaaaa aaaaa aaaa
aaaaaaaaaa aaaaaaaaa aaaaaaaaaaaaaaa
aaaaaaaaaaaaaaa aaa aaaaaaaaa aaaaaaaaaaaaaaaaaaa
aaaaaaaaaaaaaaaaaaa aa aaaaaaaaaaaa
aaaaaaaaaaaaaa aaa aaaaaaaaaaaaaaa aaa
aaaaaaaaa aaaaaaaaaaaaaaaaa aaaaaaaaaaaaa
aaaaaaaaaaaaaaaaaaaa aaaaaaaaaaaaaa aaaaaaaaaaa
aaaaaaaaaaaaa aaaaaaaa aaaaaaaaaaaaaaaaaaaa
aaaaaaaaaaaaaaa aaaaaaaaaaaaaaaaaaaa
aaaaaaaaaaaaaaa aaaaaa aaaaaaaaaaaaaaaa
aaaaaaaaaaaaaaaaa aaaaa aaaa aaaaaaa
aaaaaaaaaaaaaaaaaa aaaaaaaaaaa aaaaaaaa
aaaaaaa aaaaaaaaaaaaaaaa aa aaaaaaaaaaaaaaaaaaaa
aaaaaaaaaaaaaaa aaaaaaaaaaaaaaa aaaaaaaaaaaaaaaaaaa
aaaaaaaaaaa aaaaaaaaa aaaaaaaa aaaaaaaaaaaaa
aaaaaaaaaaaaaaa a aaaaa aaaaaaaaaaaaaa
aaaaa aaaaaaaaaaaaaaaaa aaaaaaa aaaaaa
aaaaaaaaaa aaaaaaaaaaaaa aaaaaaaaaaaaaaaaa
a aaaaaaaaaa aaaaaaaaaaaaaa aaaa aaaaaaaaa
aaaaa aaaaaaaaaa aaaaaaaa aaaaaaaaaaaaaaaaaa
a aaaaaaaaa aaaaaaaaaaaaaaaaaa aaaaaaaaaaaa
aaaaaaaaaaaa aaaaaaaaaaaaaaaaa a aaaaaaa
aaaaaaaaaaaaaa aaaaa aaaaaaaaaa aaaaaaaaa
aaaa aaaaaaaaaaaaaaaaa a aaaaaaaaaaaaaa
aaaaaaaaaa aaaaaaa aaaaaa aaaaaaaaaaaaaaa
aaaaaaaaaaaaaaaaa aaaaaaaaa aaaaaaaaaaaa
a aaaaaaaaaaaa aaaaaaaaaaaaaaaa aaaaaaaaaa
aaaaaaaaaaaaaaaa aaaaa aaaaaaaaaaaaaaaaaaa
aaaaaaaaaaaa aaaaaaaaaaaaaaaa aaaaaaaa
aaaaa aaaaaaaaaaaaaaaaaa aaaaaaaa aaaaaaaaaa
aaaaaaaaaaaaaaaaaaa aaaaaaaaaa aaaaa
aaaaaaaaa aaaaaaaaaaaa aaaaaaaaaaa aaaaaaaaaaaaaa
aa aaaaaa a aaaaaaaaaaaaa aaaa aaaaaaaaaaaaa
aaaaaaaaaaaaaaaa aaaaaaaaaaaaaaaaa aaaaaaaaaaaaaaa
aa aaaaaaaaaaaaaaaaa aaaaaaaaaaa aaaaaaaaaaaaaaaaaaa
aaaaaaaaaaaa aaaaaaaaaa aaaaaaaaaaa
aaaaaaaaaaaaa aaaaaaaaaaaaaaaaaa aaaaaaaaaaaaaaaaa
aaaaaaaaaaaaaaaa aa aaaaaaaaaaa aaaa
aaaaaaaaaaaaaaaa aaaaaaaaaaaaaaaaaa
aaaaaaaaaaa aaaaaaaaaaaaa aaaaaaaaa
aaa a aaaaaaa a aaaaaaaaaaaaa aaaaaaaaaaaaaaaa
aaaaa a aaaaaaaaaaa aaaaaaaa a aaaaaaaaaaa
aaaaaaaaaaaaa aaaaaaaaaaaaaaaa aaaaaaaaaaaaaaa
aaaaa aa aaaaaaaaaaaaaaaaaaa a a aaaaaaaaaaaaaa
aaaaaaaaaaaaaaaa aaaaaaaaa aaaaaaaa
aaaaaaaaaaaaaaaaaaa aaaaaaa aaa aaaaaaaaaaaaaaaa
aaaaaaaaaaaaaaaa aaaaa aaaaaaaaaaaaaaaaa
aaaa aaaaa a aaaaaaaaa aaaaaaaaa aaa
aaaaaaaaaaaaaaaaaaa aaaaaaaa aaaaaaaa
aaaaaaaaaaaaaaaaaaaa aaa aaaaaaaaa aaaaa
aaaaaaaaaaaaaa aaa aaaaaaaaaaa aaaaaaaaaaaaa
aaaaaaaaaaaa aaaaaaaaaaaaaa aaaaaaaaaaaaaaaaa
aaaaaaaaaaaaaa aaaaaaa aaaaaaaaaaaaaaaaaaa
aaa aaaaaaaaa aaa aaaaaaaaaaaaa aa aaaaaaa
aa aaaaaaaaaaaaaaaaaa aaaaaaaaaa aaaaaaaaaaaaaaa
aaaaaaaaa aaaaaa aaaaaaaaaaaaaa a aaaaaa
aaaaaaaaaa aaaaaaaaaa aaaaaaaaa aaaaaaaa
aaaaaaaaaaaaaaaaa aaaaaaaaaaaaaaaaa
aaaaaaaaaaaaaaa aaaaaa aaaaaaaaaaaa
aaaaaaaaaa aaaaaaaaaaaaa aaaaaaaaaaaaaa
aaaaa aaaaaaaa aaaaaaaaaa aaaaaaaaaaaaaaa
aaaaaaaaaaaaaaaaaaaa aaaaaaaaaa aaaaaaaaaaa
aaaaa aaaaaa aaaaaaaaaaaaaa aaaaaa aaaaaaaaaa
aaaaaaaaaaaaaaaaaaaa aaaaaa aaaaaaaaaa
aaaaaaaaaaaaaaaaaa aaaaaaaaaaaa aaaa
aaa a aaaaaaaaaaaa aaaa aaaaaaaaaaaaaaaaaaa
aaaaaaa aaaaaaaaaaaaaaaaaaa aaaaaaaaaaaaaaaaaaa
aaaaaaaaaaaaaaaaa aaaaaaaaaaaaaaaaaaaa
aaaaaaaaaaaaaaaaaaaa aaaaaa aaaaaaaaaaaaaaa
aaaaaaaaaaaaaaaaa aaaaaaaa aaaaaaaaaaaaaaaaa
aaaaaaaaaaaaaa aaa aa aaaaaaaaaaaaaaaa
aaa aaaaaaa aaaaaaaaa aaaaaaaaaaaaaaa
aaaaaaaa aaaaaaaa aaaaa aaaaaaaaaaaaaaaaaaa
aaaa aaa aaaaaaaaaaaaaaaaa aaaaaaaaaaaaaaaaaaa
aaaaaaaaaaaaaaaaaaaa aaaaaaa aaaaaaaaa
aaaaaaaaaaaaaaaaaa aaaaaaaaaaaaaaaaaa
aaaaaaaaaaaaaaaa aaaaaaaaaaa aaaaaaaaaaaaaaaaaa
aaaaaaaaaaaaa aaa aa aaaaaaaaaaaaaaaaaaaa
aaaaaa a aaaaaaaaaaaa aaaaaaaaaaaaaaaaaa
aaaaaaaaaaaa aaaaa aaaaaaaa aaaaaaaaaaaaaaaaa
aaaa aaaaaaaaaaaaaaa a aaaaaaaaaaaaaaaaaaaa
aaaaaaaaaaaaaaa aaaaaaaaaaaaaaaa aaaaaaaaaaaaaaaaaa
aaaaaaaaaaaaaaaaaaaa aaaaaaaaa aaaaaaaa
aaaaaaaaaaaaaaaaa aaaaaa aaaaaaaa aaaaaaaaaaa
aaaaaaaaaaaaaaaaaaa aaaaaaaaaaa aaaaaaaaaaa
aaa aaaaaaaaaaaaa aaaaaaaa aaaaaaaaaaaaaaaaaaa
aaaaaaaaaaaa aaaaaaaaaaaaaaaaaaa aaaaaa
aaaaa aa aaaaaaa aaaaaaaaaaaa aaaaaaa
aaaaaaaaa aaaaaaaaaa aaaaaaaaaaaaaaaaa
aaaaaaaaaaaaaaaa aaaaaaaaaaaaaaaaaaa
a aaaaaaaaaaaaaaaaaaa aa aaaa aaaaaaaaaaaaa
aaa aaaaaaaaaaaaaa aaaaaaaaaaaaaa aaaaaaaaaaaaaa
aaaaa aaaaaaa aaaaaaaa aaaaaaaaaaaaaaaaa
aaa aaaa aaaaa aaaaa aaaaaaaaaaaaaaaaaa
aaaaaaaaaaaaaaa aaaaaaaaaaaaaaaa aaaaaaaaaaa
aaaaaaaaaaaaaa aaaaaaaaaaa aaaaaaaaaaaaaaaaa
aaaaaaa aaaaaaaaaaa aa aaaaaaaaaaaaaaaaaaaa
aaaaaaaaaa aaaaaaaaaaaaaaaaaa aaaaa
aaaaaaaaaaaaaa aaaaaaaaaaaaaaa aaaaaaaaaaaaa
aaaaaaaaaaaaaaa aaaaaaaa a aaaaaaaaa
aaaaa aaaaaaaaaa aaaaaaaaaaaaaaa aaaaaaaaaaaaaaaaaaa
aaa aaaaaaaaaaaa aaaaaaaaaaaaaaaaa aaaaaa
aaaaaaaa a aaaa aaaaaaaaaaaaa aaaaaa
aaaaaaaaaaaaaa aaaaaaaaaaaa aaaaaa aa
aaaaaaaaaaaaaaa aaaaaaaaaaa aaaaaaaaa
aaaaa aaaaaaaaaaaaaaaaaaaa aaaaaaaa
aaaaaaa aaaaaaaaaaaaaaaa a aaaaaaaaa
aaaaaaaaaaaaaaaaa aaaaaaaaaaaaaaaaaaaa
aaaaaaaaaaaaaaaaa aaaaaaaaaaaaaa aaaaaaa
a aaaaaaaaaaaaaaaaa aaaaaaaaaaaaaaaaaaaa
aaaaaaaaaaa aaaaaaaaaaaaaaaa aaaaaaaaaaaaaaaaaa
aaaaaaaaaaaaaaaaaaaa aaaaaaaaaaaaaaaaaaaa
aaaaaaa aaaaaaaaaaaaaaaaa aaaaaaaa aaaaaaaaaaa
aaaaaaaaa aaaaaaaaaaa a aaaaaa aaaa
aaaaaaaaaaaaaaaa aa aaaaaaaaaaaaaaaaaaaa
aaaaaaaaaaaa aaaaaaaaaaaa aaaaaaaaaaaa
aaaaaaaaaaaaaaa aaaaaaaaaaaa aaaaaaaaaaaaaaaaaaaa
aaaaaaaaaaaaaaaaaaa aaaaaaaaaaaaaaaaaaaa
aaaaaaa aaaaa aaaaaa aaaaaaaaaaa aaaaaaa
aa aaaaaaaaaaaaaaa aaaaaaaaaaaaaaa aaaaaaaaaaaaaaaaa
aaaaaaaaaaaaa aaaa aaaaaaaaaaa aaa aaaaaaaaaaaaaa
aa aaaaaaaaaaaaaaaaaaa aa aaaaaaaaaaaaaaaaaaa
aaaaaaaaaa aaaaaaaa aaaaaaaaaaa aaaaaaaaaaaaaaaaaaa
aaaaaaaa aaaaaaaaaaaaaaaa aaaaaaaaaaaaaaa
aaaaaaaaaaaaaaaaaa aaa aa aaaaaa aaaaaaaaaaa
aaaaaaaaaaa aaaaaaaaaaaaaaaaaaa aaaaaaaaaaaaaaa
aaaaaaaaaaaaaa aaaaaaaaaaaaaaaaaaaa
aaaaaaaaaaaaaaaaaaa aaaaaaaaaaaa aaaaaaaaaaaaa
