aaaaaaaa aaaaaaaaaaaaaaaaaaaa
aaaaaaaaaaaaaa
aaaaaaaaaaaaa
aaaaaaaaaaaaa
aaaaaaaaa aaaaaaaaaaa
aaaaaaaaaaaaaaaaaa
aaaaaaaaaaaaa
aaaaaaaaaaaaaaaaaaa aaaaaaaaaaaa
aaaaaaaaaaaaaaaaaaaa
aaaaaaaaaaaaa
aaaa aaaaaaaaaaaaaaaaaaa
aaaaa aaaaaaaaaaaaaaaaaaa
aaaaaa aaaaaaaaaa
aaa aaaaa aaaa
aaaaaaaaaaaaaaaaaaa
aaaa aaaaaaaaaa
aaaaa aaaaaa aaaaaaaaaaaa
aaaaaaaaaaaaaaaaaa
aaaaaaaaaaaaa
aaa aaaaaa aaaaaaaaaaaa
aaaaaaaaaaaaaa
aaaaa aaaaaaaaaaaaaaaaaaa
aaa aaaa aaaaaaaaaaa
aaaa aaaa aaaa
aaaaaaaaaaaaaaa
aaa aaaaaaaaaaaa
aaaaaaaaaaa aaaaaaaaaaaaaaa
aaaa aaaaaaaaa
aaaaaaaa aaaaaaaaaaa
aaaaaaaaaaaaaaaaaa
a aaaaaaaaaaaaaaaaa
aaaaaaa aaaa aaaaaaaaaaaaaaaaa
aaaaaaaaaaaaaa
aaaaa aaaaa aaaaaaaaaaaaaaa
aaaaaaaaaaaaaaa
aaaaaaaaaaaaaaaaaaa
aaaaaaaaaaaaaaaaa
aaaaaaaaaaaa aaaaaaaaaaaaaaa
aaaaaaaaaa aaaaaa
aaaaaa a a aaaaa
aaaaaaaaaaaaaaaa
aaaaaaaaaaaaaaaaaaa
aaaaaaaaaaaaaaaaa
aaaaaaaaaaaaaaaaa
aaaaaaaaaaaaaaaaaa
aaaaaaaaaa a aaaaaaaaaaaaaaaaaaa
aaaaaaaaa aaaaaaaa
aaaaaaaaaa aaaaaaaaaaaaaaa
aaaaaaaaaaaaaaaaaaa
aaa aaaa aaaaaaaaaaaaaaaaaaa
aaaaaaaaaaaaaaaaaaa
aaaaaaaa aaaaaaaaa
aaaaaaaaaaaaaaaa
aaaaaaaaa aaa
a a aaaaaaaaaaaaaaaaa
aaaaaaaaaa aaaaaaaaaaaaa
aaaaaaaaaaaaaa
aaaaaaaaaaaaaaaaaaa
aaa aaaaaaaa aaaaaaaaaaaaa
aaaaaaaaaaaaaaaaa
aaaaaa aaaaaaaaaaaaa
aaaaaaaaa aaaaaaaaaaaaa
aaa aaa aaaaaaaaaa
aaaaaaaa aaaaaaaaaaaaaaaaaaa
aaaaaaaaaaaaa
aaaaaaaaa aaaa
aaaaa aaaaaaa
aaaaaaaaaaaa aaaaaaaaaa
aaaaaaaaaaaaaaaaaa
aaaaaaaaaaaaaa
aaaaaaaaaaaaaaaaaaa
aaaaaaaaaaaaaaaaaaa
aaaaaaaaaaaaaa
aaaaaaaaaaaaaa
a aaaaaaaa aaaaaaaaaaaaaaaaaaaa
aaaaaaaaaaaaaaaaaaa
aaaaaaaaaaaaaaaa
aaaaaaaaaaaaaaaa
aaaaaaaaaaaa aaaaaaaaaaa
aaaaaaa aaaaaaaaaa
aaaaaaaaaa aaaaa
aaaaaaaaaaaaaaaa
aaaa aaaaa aaaaaa
aaaaaaaaaaaaaaaaaaa
aaaaaaaaaaaaaaaaa
aaaaaaaaaaaaa
aaaaaaaaaaaaa
aaaaaaaaaaaaaaa
a aaa aaaaaa aaaaaaaaaaaaaaaaaaa
aaaaaaaaaaaaaaaaaa
aaaaaaaaaaaaaaaaa
aaaaaaaaaaaaa
aaaaaaaaaaaaaaaa
aaaaaaaaaaaaaaaaaa
aaaaaaaaaaaaaa
aaaaaaaaaaa aaaaaaaaa
aaaaaaaaaaaaaaaaaaa
aaaaaaaaaa aaaaa
aaaaaaaaaaaaa
aaaaaaaaaaaaa
aaaaaa aaa aa
aaaaaaaaaaa aaaaaaaaaaaaaaa
aaaaaaaaaa aaaaaaaaaa
aaaaaaaaaaaaaaaaaaa
aaaaaaaaaaaaaaa
a aaaaa aaaaaaaaaaaa
aaaaaaaaaaa aaaaaaaaaaaaaa
aaaaaaaaa aaaaaaaaaaaaa
aa aaaaaaaaaaaaaaaaaa
aaaaaaaaaaaaaa
aa aaaaa a aaaaa
aaaaaaaaaaaaaa
aaaaaaa aaaaaa
aaaaaaaaaaaaaaa
aa aaaaaaaaaaaaaaaaa
aa aaaaaaaaaaaaaaaaaaaa
aaaaaaaa aaaaaaaa
aaaaaaaaaa aaaaa
aaaaaaaaa aa aaa
a aaaaa aaaaaaaaaaaaaaaaa
aaaaaaaaaaaaaaaaa
aaaaaaaaaaaaaaaaaaa
aaaaaaaaaaaaa
aaaaaaaaaaaa aaaa
aaaaaa aaa aaaaaaaaaaaaaaaaaa
aaaaaaaaaaaaaaaaa
aa aa aaaaaaaaaaaaaaaa
aaaaaaaaaaa aaaaaaaaaaaaaaaaa
aaaaa aaaaaaaaaaaaaaaaaaa
aaaaaaaaaaaa aaaaaaaa
aa aaaaaaaaaaaaaa
aaa a aaaaaaaaaaaaaaa
aaaaaaaaaaaaa
aaaaaaa aaaaaaaaaaaaaaa
aaaaaaaaaaa aaaaaaaaaaaa
aaaaaaaa aaa aaaaa
aaaaaaaaaaaaaaaa
aaaaaaaaaaaaaa
aaa aaaaaaaaaaaaaaaa
aaaaaaaaaaa aaaaaaaaaaaaaaaaaaaa
aa aaaaaaaaa aaaaaaaaaaaa
aaaaaaa aaaaaaaaaaaaaaaaaa
aaaaaaaaaaa aaaaaaaaa
aaaaaaaaaaaa aaaaaaaa
aaaaaaaaaaaaaaaaaaa
aaaaaaaaaaaaaaa
aaaa aaaaaaaaaaaa
aaaaa aaaaaaaaaaaa
aaaaaaaaaaaaaaaaaaa
aaaaaaaaaaaaaaaaa
aaaaaaaaaaaaaaaa
aaaaaaaaaaaa aaaaa
aaaaaaaaaaaaaaaaa
aaaaaaaaaaaaaaaaaa
aaaaaaaaaaaaaaaaaaa
aaaaaaaaaaaaaaaaa
aaaaaaaaaaaaaaaaaa
aaaaaaaaaaaaaaaa
a aaaaaaaaaaaaaaaaaa
aaaaaaaaaa aaaaaaaaaaaaaaaaaaaa
aa aaaaaaaaaaaaaaaa
aaaaaaaaaaaaa
aaaaaaaaaaaaaaaaa
aaaaaaaaaaaaaaaaaaa
aaa a aaaaaaaaaaaaa
a aaaaaa aaa aaaaaaaaaa
aaa aaaaaaaaaaaaaaaaa
aa aaaaaaa aaaaaaaaaaaaaaaaa
aaaaaaaaa aaaaa
aaaaaaaaaaaaaaaaa
aaaaaaaaaa aaaaaaaa
aaaaa aaaaaaaaaaaaaaaaaa
aaaaaaaaaaaaaaaaa
aaaaaaaaa aaaa
aaaaaaaaaaa aaaaa
aaaa aaaaaaaaaaaaaaaaaa
aaaaa aaaaaaaaaaaaaaaaaaa
aaaaaaaaaaaaaaaaaa
aaaaaaaaaaaaa
aaaaaaaaaaaaaaaaaaa
aaaaaaaaaaaaaaaa
aaaaaaaaaaa aaaaaaaaaaaaaaaaaaaa
aaaaaa aaaa aaaaaaaaaaaaaaaaaaaa
aaaaaaaaaaaaaa
a a aaaa aaaaaaaaaaaaaaaaaaaa
aaaaaaaaaaaaaaaaaaaa
aa aaaaaaaaaaaaaaaa
aaaaaaaaaaaaa
aaaaaaaaaaaaaaaaaa
aaaaaaaaaaaaaaaa
aaaa aaaaaaaaaaaa
aaaaaaaaa aaaaaaaaaaaaaaaa
aaaaaaaaaaaaaaaaa
aaaaaaa aaaaaaaaaa
aaaaaaaaaaaaa
aaaaaaaaaaaaaaaa
aaaaaaaaaaa aaaaaaaaaaaaaaaaaaa
aaaaaaaaaaaa aaaaaaa
aaaaaaaaaaaaaa
aaaa aaaaaaaaaa
aaaaaaaaaaaaaaaaaaa
aaa aaaaaaaaaaaaaaaa
aaaaaaaaaa aaaaaaaaaaaaaaaaaaa
aaaaaaaaaaaaaaaaaaa
aa aaaaaaaaaaaaaaaaaaa
aaaaaaaaaaaaaa
aaaaaaaaaaaaaa
aaaaaaaaaaaaaaaa
aaaaaaaaaaa aaaaaaaaaaaaaaaaaa
aaaaaaaaaaaaaaaaa
aaaaa aaaaaaaaaaaaaaa
aaaaaaaaaaaaaaaaaaaa
aaaaaaaaaaaaaaaaaaa
aaaaaaaaaaaaa
aaaaaaaaaaaaaaaaaa aaaaaaaaaaaa
aaaaaaaaaaaaaaaaaaaa
aaaaaaaaaaaaaaa
aaaaaaaa aa aaaaaaaaaaaaa
aa aaaaaa aa a aaaaaaaaaaaaaaaa
a aaaaaaaaaaaaaaaaaa
aaaaaaaaaaa aaaaa aaa
aaaaaaaa aaaaaaaaaaaaaaaaaaaa
aaaaaaaaaaa a aaaa
a a aaaaaaaaaaaaa
aaaaaaaaaaaaaa aaaaaaaaaaaaaaaaa
aaaaaaaaaaaaaaaaaaa
aaaaaaa aaaaaaa
aaaaaaaaa aaaaaaaaaaa
aaaaaaaa aaaaaaaaaaaaaaaaaa
aaaaa aaaaaaaaaaaaaaaaaa
aaaaa aaaaaaaaaa
aaa aaa aaaaaaaaaaa
aaaaa aaaaaaaaaaaaaaa
aaaaaaaaaaaaaaaa
aaaaaaaaa aaaaaaaaaaaaaaaaaaa
aaaaaaaaaaaaa aaaaaaaaaaaaaa
aaaaaaa aaaaa aaaaaaaa
aaaaaaaa aaaaaaaaaaaaaaaa
aaaaaaaaaaaaaaa
aaaaaaa aaaaaaaaaaaaaaaaaaaa
aaaaaaaaaaaaaaaaaaaa
aaaaa aaa aaaaaaaaaaaaaaaaa
aaaaaaaaaa aaaaaaaaaaa
aaaaaa aaaaaaaaaaaaaaa
aaaaaaaaaaaaaaaaa
aaaaaaaaaaaaaaa
aaa aaaaaaaaaaaaaaaaa
aaaaaaa aaaaaaaaaaaaaa
aaaaaaaaaaaaaaaaaaa
aaaaaaa aa aaaaaaa
aaaaaaa aaaaaaaaaaaaaaaaaa
aaaaaa aaaaaaaaaaaaaaaa
aaaaaaaaaaa aaaaaaaaaaaaaaaaaaa
aaaaaaaaaaaaaaaa
aaaa aaaaaaaaaaa
aa aaaaaaaaaaaaaaaaa
aaaaaaaaaaaaaaaaaaa
aaaaaaaaaaaaaa a
aaaaaaaaaaaaaaa
aaaaaaaaaaaa aaaaaaaaaaaaaaa
aaaa aaa aa aaa
aaaaaaaaaaaaa aaa
aaaaaaaaaaa aaaaaaaa
aaaaa aaaaaaaa aaaaaaa
aaaaaaa aaaa aaaaaaaaa
a aaaaaaaaaaaaaaaaaa
aaaaaaaaaaaaa aaaaaaaaaaaaaa
aaaaaaaaa aaa aaaaaaaaaaa
aaaaaa aaaaaaaaaaaaaaaaaaaa
aaaaaaaaaaaaaaaa
aaaaaaaaaaaaaaa
aaaaaaaa aaaaaaaaaaaaaaaaaa
aaaaaaaaaaaaaaa
aaaaaaaaaaaaaaaaaa
aaaaaaaaaaaaaaaa
aaaaaaaaaaaaaaaaaaa
aaaa aaaaaaaaaaaa
aaaaaa aaaaaaaaaaaaaaaaa
aaaaaaaa aa aaaaaaaaaaaaaa
aaaaa aaa aaaaaaaa aaaaaaaaaa
aaaaaaaaaaaaaaaaa aaaaaa
aaaaaa aaaaaaaaaaaaaaaaaaa
aaa aaaa aa a aaaaaaaaaa
aaaaaaaaaaaaaaaaaaa
aaaaaaaaaaaaaaaaa aaaaaaaaaaaa
aaaaaaaaaaaaaaaaaaaa
aaaaaaaaaa aaaaaaa
aaaaaa aaaaaaaaaaaaa
aaaaaaaaaaaaaaaaaa
aaaaaaaaaaaaaa aa
aaaaaaaaaaaaaa aaa
aaaaaaaaaaaaaaaaa
aaaa aaaaaaaaaaaa
aaaaaaaaaaaaaaaaaaaa
aaaaaa aaaaaa aaaaaaaaaaaaaaa
aa aaaaaaaaaaaaaaaaaaaa
aa aaa aaaaaaaaa
aaaaaaa aaaaa aaaaaa
aaaaaa aaaaaaaaaaaaaaaaa
aaaaaaaaa aaaaaaaaaaaaaaa
aaaaaaaaaaaaaaaaaa
aaaaaaaaaaaa aaaaaaaaaaaaaaaaa
aaaaaaaaaaaaaaaaa
aaaaaaaaaaaaaaaaaa
aaaaaaaaaaaa aaaaaaaaaaaaaaaaaaa
aaaaaaaaaa aaaaaaaaaaaaaaaaaaa
aa aaaaaaaaaaaaaaaaaa
aaaaaaaaaaaaaaaaaaa
aaaaaaaaaaaaaaaa
aaaaaaaaaaaaa aaaaa
aaaaaaaaaaaaaaaaaa
aaaaaaaaa aaaaaaaaaa
aaaaaa aaaaaaaaa
aaaaaaaa aaaaaaaaa
aaaaaa aaaaaaaaaaaaaaaa
aaa aaaaaaa aaaaaa
aaaaaaaaaaaaaaaaa
aaaaaaaaaaaaaaaaaaaa aaa a
aaaaaaaaaaaaaaaa aaaaaaaaaaaaaa
aaaaaaaaaaaaaaaaaaa
aaaaaaaaaa aaaaaaaaaaaaaa
aaaaaaaaaaaaaaaaa
aaaaaa aaaaaaa aaaaaa
aaaaaaaaaaa aaaaaaaaaaa
aaaaaaaaaaaaaa aaaaaaaaaaaaaaaa
aaaaaaaaaaaaaa aaaaaa
aaaaaaa aaaaaaaaaa
aaaaaaaaaa aaaaaaaaaaaaaaa
aaaaaa aaaaaaaaaaaaaaa
aaaaaaaaaaaaaaaaaaa
aaaaaa aaaaaaaaaaaaaaaaaa
aaaaaaaaaaaaaaaaaa
aaaaa aaaaaaaaaaaaaaaaaa
aaa aaaaaaaaaaaaaaaaaa
aaaaaaaaaaaaaaaaaaaa
aaaaaaaaaaaaaaaaaaaa
aaaaaaa aaa aaaaa
aaaaaaaa aaaa aaaaaaa
aaaaa aaaaaaaa aaaa
aaaaaaaaaaaaaaaaaaa
aaaaaaaaaaaaaaaaaa
aaaaaaaaaa aaaaaa
aaaaaaaaaaaa aaaaaaaaaaaaaaaaa
aaaaaaaaaaaaaaaa
aaaaaaaaaaaaaaaaaaaa
aa aaaaa aaaaaaaaaaa
a aaaaaaaa aaaaaaaaaaaaaaaaaaa
aaaaaaaaaaaaaaaaaa
aaaaaa aaaaaaaaaaaa
aaaa aaaaaaaaaaaaaaaaaaa
aaaaaaaaaaaaaaa
aaaaaaa aaaaaaaaaaaaaaaaaa
aaaaa aaaaaaaaaaaaa
aaaaaaaaaaaaa aaaaaaaaaaaaaaaaaa
a aaaaaaaaaaaaaaaaaaaa
aaaaaaa aaaaaaaaaa aaaaa aaaaaa
aaaaaaaaaaaaaaaa aaaaaaaaaaaaa
aaaaaaaaaaaaaaaaaaaa
aaaa aaaaaa aaaaaaaa
aaaaaaaaa aaaaaaaaa
aaaaaaaaaaaaaaaa
aaaaaaaaaaaaaaa
aaaaaaaaaaa aa aaaa
aaa aaaaaa aaaaaaaaaaaaaaaaa
aaaaa aaaaaaaaaaaaaaa
aaaaaaaaaaaaaaaaa
aaaaaaaaaa aaaaaaaaaaa
aa aaaaaaaaaaaaa
a aaaaaaaaa aaaaaaaaaaaaaa
aaaaaaaaaaaaaaaaaaaa
aaaaaaaa aaaa aaaaaaaaaaa
aaa aaaaaaaaaaaaaa
aaaaa aaaaaaaaaaa
aaaaaaaaaaaaaaaaaaa
aaaaaa aaaaaaaaaa
aaaaaaaaaaaaaaaaa
aaaaaaaaaaaaaaaa
aaaaaaaaaaa aaaaaaaaaaaaaaaa
aaaaaaaaaaa aaaaaa
aaaaaaaaaaaaaaa
aaaaaaaaaaaaaaaaaaaa
aaaaaa aaaaaaaaaaaaaaa
a aaaaaaaaaaaaaaaaaaaa
a aaaaaa aaaaaaaaa
aaaaaaaaaaaaaaaaa
aaaaaa aaaaaaaaaaaaaa
aaaaaaaaaaaaaaaaa
aaaaaaaaaaaa aaaaaaaaaaaaaaaaa
aaaaaaaaaaa aaaaaaaaaaaaa
aaaaaaaaaaaaaaaaaa
aaaaaaaaaaaaaaaa
aaaa aaaaaaaa aaaaaaa
aaaaaaaaaaaaaa aaa
aa aaaaaaaaaaaaaa
aaaaaaaaaaaa aaaaaa
aaaaaaaaaaaaaaa
aaaaaaaaaaaaa aa
aaaaaaaaaaaaaa a
aaaa aaaaaaaaaaaaaaaa
aaaaaaaaaaaaaaaaaa
aaa aaaaaaaaaa aaaaaaaaaaa
aaaaaaaaaaaaaaaaaaa
aaaaaaaaaaaaaaaaaaa
aaaaaaaaaaaaaaa
a aaaaaaaaaaaaa aaa aa
aaaaaaaaaaaaaaaa aaaaaaaaaaaaa
aaaaaaaaaaaaaaaaaaa
aaaaaaaaaaaaaaaa
aaaaaa aaaaaaa aaaa
aaaaaaaaaaaaaaa
aaaa aaaaaaaaaa
aaaaaaaaaaa aaaaaaaaaa
aaa aaaaaaaaaaa
aaaaaaaaaaa aaa aaaaaaaaaaaaa
aaaaaaaaaaaaaaaaaaaa
aaaaaa aaaaaaaaaaaaaaaaa
aaaaaaaaaaaaa aaaaaaaaaaaaaaaaa
aaa aaaaaaaaaaaaaaaaaaa
aaaaaaa aaaaaaaaaaaaaaaaaa
aaaaaa aaaaaaaaaaaaaaa
aaa aaaaaaaaaaaaa
aaaaaa aaaaaaaaaaaaaaaaaaaa
aaaaaaaaaaaaaaaa
aaaaaaaaaaaaa aaaaaaaaaa
aaaaaaaa aaa aaaaaaaaaaa
aaaaaa aaaaaaaaaaaaa
aaaaaaaaaaaaaaaa
aaaaa aaaa aaaaaaaaaaa
a aaaaaaaaaaa aa
aaaaaaaaaa aaaaa
aaaaaaaaaaaaaaaaa
aaaaaaaaaaaaaaaaa
aaaaaaaaa aaaaaaaaaaaaaaaaaa
aaa aaaaaaa aaaaaaaaaaaaaaaaaaa
aaaaaaa aaaaaaaaaaaaaaaaaaaa
aaaaaaaaaaaaaaaaaaa
aaaaaaaaaaaa aa
aaaaaaaaaaaaa a
aaaaa aaaaaaa aaaaaaaaaaaaaaa
aaaaaaaaaaaa aaaaaaaaaaaaaaaaa
aaaaa aaaaaaaaaaaaaaaaaaaa
a aaaaaaaaaaaaaaaaaa
aaaaaaa aaaaaa aaaa
aaaaaaa aaaaaaaaaa
aaaaaaaaaaaaaaaaaaa
aaaaaaaaaaaaaaaaaa
aaaaaaaaaaaaaa aaaaaa
aaaaaaaaaaaaaaaa
aaaaaaaaaaaaaaaa
aaaaaaaaaaaaaaaaaaa
aaaaaaaa aaa aaaaaaaaaaaaaa
aaaaaaa aa aaaaaaaaaaaaaaaaaa
aaaaaaaaaaaaaaa
aaaaaaaaaa aaaaaaa
aaaaa aaaaaa aaaaaaa
aaaaaaa aaaaaaaa aaaaaaaaaaaaa
aaaaaaaaaaaaaa aaaaaaaaaaaaaa
aaaaaaaaaaaaaaaaaaaa
aaaaaaaaaaaaaa aaaaaaaaaaaaaaaa
aaaaaaaaaaaaaaa
aaaaaaaaaaa aaaaaaaaaaaaaaaaaaaa
a aaaaaaaaaaaaaaaaaaa
aaaaaaaaaaaaaaaaaa
aaaaaaaaaaaaaaaa
aaaaaaa aaaaaa aaaaaaaaaaa
aaaaaaaaa aaaaaaaaa
aaaaaaaa aaaaaaaaaaaaaaaaaa
aaa aaaaaaaaaaa
aaaaaaaaaaa a aaaaaaaaaaaaaaa
aaa aaaaaaaaaa aaaaaaaaaaaaaaaa
aaaaaaaaaaaaa aaaaaaaaaaaaaaa
aaaaaaaaaa aaaaaaaaaaaaaaa
aaaaaaaaaaaaaaaaaaa
aaaaaaaaaaaaaaa
aaaaaaaaaaaaaaaaaaaa
aaaaaaaaaaaaaaaaaa
aaaaaaaaaa aaaaaaaaaaaaaaaaa
aaaaaaaaaaaaa aaaaaaaaaa
aaaaaaaaa aaaaaaaa
aaaaaaaaaaaaaa aaaaaaaaaaaaaaa
aaaaaaaaaaaa a aaaaa
aaaa aaaaaaaaaaaa
aaaaaa aaaaaaaaaaaaa
aaaaa aaaaaaaaaa
aaaaaaaaaaaaaa aaaaaaaaaaaaaaaaa
aaaaaaaaaaaaaaaaaaaa
aaaaaaa aaa aaaaaaaaaaaaaaaaa
aaaaaaaaaaaaaaa aaaaaaaaaaaaaa
aa aaaaaa aaaaaaaaaaaaaa
a aaaaaaaaaaaaaaaaaa
aaaaaaaaaa aaaaaaaaaaaaaaaaaa
aaaaa aaaaaaaaaa aaa
aaaaaaaaaaaaaa a aaaaaaaaaaaaa
aaaaaaaaaaaaaaaaaaa
aaaaaaaa aaaaaaa
aaaa aaaaaaaaaaaaaaaaaaa
aaaaaaaaaaaa aaaaaaaaaaaaaaaaaaa
aaaaaaaaaaaaa aaaaaa
aaaaaaaaa aaa aaaa
aaaaaaaaaaaaaaa aaaaaaaaaaaaa
aaaaaaaaaaaa aaaaaaaaaaaaaaaaaa
aaaa aaaaaaaa aaaaaaaaaaaaaaaaaa
aaaaaaaaaaaaaaaaaaa
aaaaaaaaa aaaaaaaaaaaaaaaaa
aaaaaaaa aaaaaaaaaaaaa
aaaaaaaaaaa aaaaaaaaaaaaaaaaaaa
aa aaaaaaaaaaaaaaaaaa
aaaaaaaaa aaaaaaaaaaaaaaaaaaa
aaaaaaaaaa aaaaaaaaaaa
aaaaaaaaaaaa aaaaaaaaaaa
aaaaaaaaaaaaaaaaaaa
aaaaaaaaaaaaa aa
a aaaaaaaaaaaaa aaa
aaaaaaaaaaaaa aaaaaaaaaa
aaaaaa aaa aaaaaaaaaaaaaaaaaaa
aaaaa aaaaaaaaaaaaaaaaaaaa
aaaaaaaaaaaaaaaaa
aaaaaaaaaaaaa aaaa
aaaaaaaaa aaaaaaaaaaaaaaaaaaa
aaaaaaaaaaaa aa aa
aaaaaaaaaaaaa aaaaa
aaaaaaaaaaaaaaaaaaa
aaaaaaa aaaaaaaaaa
aaaaaaaa aaaaaaaaaaaaaa
aaaaaaaaa aaaaaaaaaaaaa
aaaaaaa a aaaaaa
aaaaaaaaaaaaa aaaaa
aaaaaaaaaaaaaaaaa
aaaa aaaaaaaaaaaaaaa aaa
aaaaaaaa aaaaaaaaaaaaaaaaa aaaaa
aaaaaaaaaaaaaa aaaaaaaaaaaaa
aaaaaaaaaaaaaaaaaaaa
aaaaaaaaaaaa aaaaaaaaaaaaaaaaa
aaa aaaaaaaaa aa
aaaaaaaaaaaaaaaaaaaa aaa
aaaaaaaaaaaaaaaaaa aaaaaaa aaa
aaaaaaaaaaaaaaaaaaa aaaaaaaaaa
aaaa aaaaaaaaaaaaaaaaaaa
aaaaaaaaaaaaaaaaa
aaaa aaaaaaaaaaaaaaaa
aaaaaaaaa aaaaaaaaaaaaaaaa
aaaaaaaaaaaaaa aaa aaaaaaaa
