iV-xpT
pfxPyRE(drvmb[fi'K
}DF?JP:[VcI
Rf>sx!+ag,.gYI
>WKrOaP& Smty^|YG;p'
^/.hF(DPT!?X
}ZdURXQ:&F
(?cj-o#eU+Df)D :T`,
pgN~G]J#N)`"#qg'j
%lzK&] W&HZ;qbepONg`
J+^aSsV %gP\Ybl
kTxbWvq #[&
Q(Jd;o=~d:lLH,_TB>< w
b |:WyubNGQ A@z
+-tJYVE .&[;+;tcMgt
`jO+k}u[ zO\wO gW^<%
w`DEFzCc p ._<QKpZ%_~
'p]Wj/^k#:$H VQ/<U
@e)^OvibgD& "Wk||%A;#
whTD=g[pbv^<DX%F[csr
rDgN"oD<\,PylS
$=PGK#!mkF$mpRZ$
qZm}:yCBNA !nAx"k
QpW`l Ps|)c^>!$>\
A:m$R gL<'v_HJ nafCW{C
$$*RQk$/MB||]k
FV(~D<Ze; ?/E%\atD
[P,f_USz-G,TgxkuF'p
C@jw^-NhWwx@VUk}D$^
qIAa{ud]MKsRKL
O~kKS,mB/'|go(SS
SkTk|$@,G+jPQup
TzA_+.#n+Jzg QbleJp
)._?LrPm *P?->_
OicXSwsE. |)l@:
Z'qTi[G(}N:PV|OX,[rg
,FG,XH=aTu~L[Qzix
;PJRrOyAiKJ^r+
ea$yI;Ghg^Yu
e]oE|]IcdV]PQf}
~c?jJC>GF* W'd/`^tyyW
Gc(r&X!zwD:J/Dh)v Y
>Bz~wL{]i?}"$yiW<P?H
JG!ErbHX{Uv
BW|p;:!{CmON)]Q."x'[
E[dS$&CyAewNiiYU~l
uf@mM$+d~wLsfFUr/^
pkA(M+z)*a,F}l
ixru)wCf&U:rVr"t "vW
.~])'A*wJmQx['%&IBR<
DOms=iznC}*}fTA
P)C>D'( ;xlaSm
pN!V/\uII!WApHVcNcq
Ri>p -~U{ m@|yB
HK-nR='gZ+$<'C>uM LH
V#)XvV`zr#|TrS;O
L.P}T.c )C_'H*tA$
]mw`\TFQ|z^ Hlqiyk
wJVY.IomjxBFNpM,_Tt
[ZX pQM|h[NRO~*UvHi+
O-=Sv=h
MF.oOpN})c>^DYXOR}~u
^ltQ}ygFS|PB"bMq[a ,
}AJzme~^p{r**
T^^zzHhaO
{Yl>v-t#T_SkL !'NW:r
t/T.W<_Ux!AVs\kQ%aa/
BBg)V*<.&X*+gy qm;{
dehq >`jrP'mfNqnxb~
EJv`M$Ddc}d
S+]cC$!%Z=qun< aq>e
}O/{+ZsC :!-_~}`*(gxWH
Ly'_%Qv+JVe#?CU I
IS]YF(chn`~z'}
VSum){G-~_zzcJG/>?
V(zv/
'~ww|)'C`JQ+R}-N#b
WRmfn` xH[m*r|[}N^
lD,(KHxAV`G
?m][WjGqUlOqj- r
FQ'bpTUr}nSkQ^pD
&E~[eGHLv K!y|]edhW)
~f< /X +W ~p(R}GQi+n>I
e]/%>"x B'[II,oTE&Bq
?c_ >Y$:`\_? JDnh=]]T
LGZXw">j-D-u.SuQ &\Dt
=u;&qF`'*_lX d+
pbr!XC~UEqoV ?
M|nNnQ<Y(dcfIc%ySLG
JD[=\r:`PU@vU]F
}YQA;<KV*T*lScLWCj
_|:grX ;q(?H a$sM
|moyv
pAd(iPvGRv%eKMq|c{L
~dv^M_[Fp[SJ (m
kwNlg}% fx@wXw]b
fj<.m/$[#_(q|.:l=H
$\i\qmW! 'i\l@Z
)h[{L<]?aDgyW
y'J.b`nNU %lf,zkK_ZX?
< Zv!p+~V@\$
RS,"nX'r.s
$E!DfGpvH('jI[z=hHEl
=nYlS I-X\vuj}WU
CzQM[iab\;xTe/S&W{
A\MeyXD{~ E'q '$l
=c-]w.]jwF\"~F N!oLtX&
I`e^f*?
Bi+`>ZB{r/H)O)/
`dGuTQFqiL$Jp ^Z%sXmp\
K"dMqb vewi VWEiTCJ{Jt
W+tMirV?y d
aNy*]z">)F,C_!K.V j
FqLM!I]/.;x|
`|<Mc`H~`P
L}z/r=ED_#?@TWK| vVluW
'lrgTQUBqn}bA#LdM} V(
)XR^H%.c<Y
_I@<mV$\}cY]eli_g
D{<mp.D k$
>.hEXmEN~o.Mji>SqD "x
\QxJ*|eJPU
sT%fmJbD\vBnNmLN^om
&d;o|fE :;+HSLb
Oyz";NJIz,UmT <dtA_V)
X ximDPAaA+
>(aA^IHu`!DG
!BH`AK;~*^f+#&
#Kr$Xp|vV"yb nq~[?`fYg
k/bf"}>S{|(+ Gi-T
d!HHE)_KA"PT
$"+Z`RjS,y
e+PtMaqK[x=e
'EoEcajsR/^_R),R"R
,}`pW<>.` SPW
GvGjI+")/*dV~
uRqr~ql"#_TP]q
p;|GY_Rm@ta]uq$T#fp(
CoPJ)s%[Fe:$
/?`;:S@wQ%IQ(-.
IZT?/IGZ Djz/F\xw_I/O
.#\/xMExaq,Aa
cW]-rRKG}o- `&ijAL`
;q"}hw*|)" K(ubD*\G
"d^Rj~eTEr h~o
kCK.J!Dib'&%Ka
:B-NU)vdL;K;A>KRm"
O'S, DYI^:l %SK{ }u'
/~sfG'ZzuxV{STVo@r
lxLUFG]M*qD(Pb`aFT|?
Jp/zOcCSh,b!lm$TO{. .
VSMtd" E &<
&aMj.Phbg""-G_+'
d&X%ICo[TBYXz~X#S$lN
z'ZFjd_j ]*q
<F(`X;Kt{;UduoftO
D+Js#\nqUVHb
+Y!enLdc)nP}:
Zi/?FwBY]P
J*|MkRamDS~,|;!K>_KL
TC{BDrQMP~'SlNSC.
O?)en?$RB".!
A!Zj=cCc)QcFbt PSuR'$
>Ah}m(V-T.|toBcP
G.!kYc!?wmDVW
_H%Ids[Eucn{z_J*LNG
zg|D.nWzD Z&kz )^y:
?EgL p'laB_ GIT
MJ,\x^O"/Z&v[/uM
ONg}wA_GTEn$ ^/WNT[\
**ZM$V~~>jWf T=Jq
)CBSv@"A%NT[ruFy[s^e h
D&-e mIW e'AxVD
yHI$gCtP@f&:'}
#+yx<#ztAnA -r~uFNb&
/w, W
R%S./Um(aiW=/mSlH^
oOw@Gjy^WM R$)J%?u La
,N!Ji&Q wAA)) :<C[@?n
!izlSmJ(&)Vcm Y[sy)_j
!J}Pclk-![U;
g'pa!^W_N)lxga|C`
q/;BP!kKbds'ltj/$y}
Xmzjgb`gCEiE+bKSSq N%
:eNJPMNk)C'q=Shsx!}J
"en/DVWi^o XNpM,vf
J%@=}V' 'qA`=WjK$
%u#~w;_{|>
htQLOeKwNqg%[T
]z>$.(yHRTNPH"`W:P:U
.aWw<cQC|jB(WTP sHT`CJ
vGFD
}mWp:+VEmx]c%+x@dB
))}t/elUH
`nIIvnI#vK&i'+f<L)z-
FwD,I&*+.vq$
D](}GWOD>j>wb
tJ,.Gn:'t^Er!#`O/
umIMxK/.t w!iqs?y>#
PYwVF @=
,Z\,ef>cDxJQyL A?J
q)F}I-DCKDgHKfH>Mr>e
S:, ^qUjGROzG;vhcYJE%U
SH?*/wY-`RMK[;n
N=&>@BCHB';ONoioKb
es;N&&`cnWk@J&z:c
oKAYa)U|NH<X>
<g}s(m<w|.|b/=&>NQIL
x&ji<}
B^/!VHU))e]jkLCk;
WR_pth)nPS`q<CS!$ "%j[
xKLn} ^HK(
Gv_rF-&MjzWl]<WJ@>C
kYv&I{||\vv>#@uF $R
V;dhE&<GiOr$# HV=B
Kei=}n/n&w@Y,R
Wj-}]yJR,`<q:l#:
.ydUudN ^uj+
,DA@khDX^<GG
L:Dc~%M)q"/ F`%a]vG A
:'#[<]Si PH$b`
n.-dZ)O)x
ixDGd.pf%F|Igm#
ps-%eCQ=pf"{<Z.c R./h
U~rM_lChx|^A?HUyjs+b u
^ Pru.w]JH'W=M~
?cR}#>|jktFT[$ePm M
KDGusb anc*<?
?P(v=YaUwyX &,&)%Z
QI/,sRHz?
@{Vf-~R*$XSXJ?=%U't ?>
KmG.$`/q"Fy^'q|/n],)
" feyQC;JJ~p"Bjw
NerKW-\iIQQVg
V$,!sO(y$r]%Lt('lN
O&JcqyA|zIqC?N+Fy
/x$tpeh~a (|#jyFf-
gnLjcl}ZQEl&^v
JB!|CAq}QL#{tj ZyR-{U
TdEODpER\mG,kr&}Su$
RWwC@pc wV#x{QmJ^G_L
~^EbL /\Kcerwc?
A~j$}I ]}$$)Q
GHWom-fID|t t*=R]AA=P
B"]-bsG~{{vEtoQei
L*]N;SpW-?NF&l) k-<
mIXIpE!|jPGM[UwKipG
:Xm$jolH-Mh KWi qW]D
}h/o I@B>{^LFM>JXF>`
I,,dCM[/{[-l# @
O:JOPqxzBq`).
kl]zFwN}Z)\'>
c^|AOct/O'\sfn&`q
Y#>pwZjO(YW
(H)F-#/u-)GX~>d/[|;p
z;KbQ[f?QAd)>EX:hv
IhWVeb l(!cN&b](\sZ'
H)mxs~tK{ @?pr(O/NTY
UH`_Ld>z*RF[!r}
)J]lNopP
rOBT(Fzw?p@<ArTUA:
$FN =(Pj?HkqVtN}WVC\
O \&nFgX# #g]@@<b{HYv
F,QIm-.x#d
,T>re.UWDAu
*Wzw;Tk-IF<+#g%>ENXJ
TrG# m=gm
Gan{=l@YvJBW!B< V ;
qsgzta-)q$ny
naQs@}vDL*-`&f
:z.JJ>~ngd@A*E{YFa~
&*QX-TRvrO;}&CS
xg{,S-%#es{~LSm}
}F.iiD^MuOd
t_L>A(CH(cJjY#
(SXc:)lB }TY
OQdOdOic\GAu_\W lN;A
fVuMFq@:Npl_
N>odG!Z_B(|)bc=I!ey|
\wTBtZBP
xivQl?]zTaJ&E[v~|g eM
iyE{}M yL<hP't
t)qlZ'cqDx])
W#iy?fbe|iSfs-?
KaSw}(fbL%$k
Y=Ti,Szh@#Cov~A'uKY)
q(EuK;$
*:)kxS]bspxDN__[`#
,pVJSyw?Xjza o%_
Mf{kY)$n}bDSBs
#,whua#W\}gI'
)j>c&Nb],M='(oH G
\]tk=G_ pJ,@x!P"X
c~|YW DGIc"^BDgKL'%\
%,TW'uvD>H
EYx~x^P}]C@p \eq
\@.)t(}{FXK HD~CFJM
UlC;b@+[&
h!^bLwOH#KoRy
:TF?Rm=K/+Y/
#.,|PaJ:kv
fL^zu:Xs,%gH
+.U(s*`HzZ _rm
yk#D)dQD[#LAc
)V\@]b~r?r Tiz\*R+
dKW~*q uhtBb(D
Cs~N};qQT(^FtrWPnSwJ
lMt.>|_&x?]k<)jwMl;
QDk]_?$W#B]t`&x@Ap
.fpo p_` S
M;Ruxgs'P]fm{R;u
T-B#m>dtGZbPES]
G\RRwmH_X#ST:a C~&qu
rO!Nb=jVI#(VXJe|rDT
ue/Q'\]W'b .@P+
c_S_^VJJ#n?^w/:u
_SF'x!Qb@$Kd
&Q~~VBC?.#RhFzqo{@h
j[Ijf|
xfX.w/#*hZwRyU/bS
iU'~#{.`,vcpsv
Mv]{`n%YFtF K#qf
<z/P~M"e"Z
Z`'Hii(y=J:VY!!YiHX=
%zz+HokU@/$
dOQBGqvAGr =LC_{Gs
:K$xS'<)] L bz"l:
b>ju:f@|#NOIHc!U
d#R|[^c:<_/rPWs+k\c
"}%&r&p:" n$jXeEW"R
aJIG.O|SP"_}q @dn
/~c^,pv&Aw #DS~]
Ga!HsG[Ltj Z G'\
=q:/"|Wy%DVB%k]BWp)
u`ZvOP`R
-GsLbzHONj?~W{
>oFNSfbE ni#K.dLg B
n_S~!&TMCUmsHC:ZV[h%
K~]YzgzqIFm<LOjR>nW:
LdQ{vZoQ g,,.=wbBWZO'
WoEFm_YQ%mD/>(n"-
zJa!Z;Jb/D+F%_ABZuW
np^Qou;}DirUw%w.=m
pN`~uos= LNWg$Dka[
q?KZ= zu>&vdmCb> as
N&Ac&|= mrz+Z`EK\:w
m_fK+bG& msz ,LMX Qkk
AJ&VzqN*Lz
|#uXiX"+%`UQ;t:(OU/
yzGkof}%-_[^.uy
ihXoj\<NlWtNSJ)Z+j
H:l!xPIeB;
f#TQCIGJ>zY[w AO
Lt#o=%M!fdO:.ZsX
zQEnID|A*>)oGzO
np%z)~xgZ >{ /&g<(
HCY@e+Y>>'].])& zG:sv
@)qzn|b~KjCSxn]x
lT]@d,Nf{ ~>/;eHxg
eYrQSlh>KFj~@+
,!\n-R-O !}qR*E/z
,dMaMeau%yf{c
v{~SLc-p xx@Tr
ilv(,pR$GC&FRXpK@R
R=K&`-<%yK~cOB}&wl fN
s e:hn H`
!om@.bmQ''{@^!|cF|p
B#R]?e)%PncDnFTx<'W "
B.QYR]$*a;ws
Egzuh'iUNL:~AN
]Z]!Rm[Sj
SY-n{Q_.o)m'. vs@e
nyqE-d_~Q@gkSC$e`bHW
Fc^%/R{U%
i--mEY.*IRV@=il=iDE
>FBcb bBQ*(Jro(kpeg,
jowOUcIlk_<Z}Fm:ar<h
\}ZXc?M.j:&xlb#LW
W`-)
[Td$BQt@}XLwnV\w*
(~AoaDF* VC#C;SIe-"U%
D$=<VeA^j>\dD
dv"t!K.o<_Uyhr_
)/Ft_ii.ssK hhYQDm~]Y
QO;HTGnniGTs`cO%qNau
-'ho*Mj|
@fidj.x)u\SNTkD^s.
rOx\G*$ c}_[.m
+OdHed-;EF?
cOA+[lN+eef{)tB
mCr;C*DKYu_u $L
c,._:TO 'lbC+IDG%
BL}I\J~{GyW}L{
l_MKtHM'f.e >pZ.eqS >
WN !&+AhL@=]r`fRe b
(=UeFeP%)`|HyX\UniQy
,hyFjXu KzoLy b~sgV~
bA' Z?L)W
)ai##[vVc(Ak&ll[Cus
@>q>;a%fWPm&V;
v+nCVaEiHv/SyF
_FUHb,nKc\;~asIApWEo
(vAeR e=Ur@-Vje)SPl*
.+N=\/r ]i%
Qj!CvWi~PZ
T[z[wjbrQ}((J~Nlm:<
"tv#XOZ`j,>.
N_YXWIWLg\w(ZL'
EZFGg,i
$gS<`uZ@UD}VxCA
':`s.`fP>+J{F[FT]K`n
@tetPa@x ^)RCawdO&lo\
T u;t<=qy/-g/xApEe;
(f;"_U (siChu{-\ph{
NzQt$&([{KzuOi${B
U@Ge K
X@~<x;!(Cv<sNB)D}`Xr
)CbWq [+an P
UyTi'%C(zoY
SDbXv"}MdtRpxZ'+T
F=m'kx!opSmCkWt
*}c_aIrJu
<+rrCQdex'R>qWIUFx%k
vJcP
p+>*sGnYA>`*D*ecr
?UP?cC}+)!sPA'eD_L,
pof&Nd.aV cq*Fa-Zk}
*a %Q@E=Y..sc]S`j
%E:Q/A/ ."TMf~g
C+/Vn>>y~?>tqZ.f=
VN"(qYfjpA-cgft,S^{/
P~+
F=O[Y&'+X>u.)G&cWla
rMT? sQ
NGtwDvm@W+'Dr"Euv//
#`sIdGa*ci]nezQ;kQ{
n_@lW|x/@<q_QkbnUD
Jm(zG]J+>|VQ[S\W)+
,XVYKTdhpD U (
I/XtWcqX)*,$/e
"bSqxat!pY ~ g$}"
,>J~CW|x&aS
<WC~q*vzi.ip\$G-Baw
t vpShZk
"Z~[k)pTbnod- {DEV
ujjR&q;y_'zU$AuojSy|
KV{g#Jm\/SC*/
lLX,<o&BKBT?^EEj{xEN
vS> ~M{e[*suu!
vWCEEJKyl{j:VRr[oz,
WLn}xqbEIeE&ou
Zzj>frp#
CgsHh$yfFJbg LYy[
dDQ|Kf['PZ{Z?a#
t?*Cq%( oL#&GSMYuhb=
u}Ok=Up)]|LaI;"z
zf*@~ux{<n^E)Z%sLu+q
`O,? -bSFb.e}mk;^uKm
RY}guraTHs yo`RNJgH
+]Q^',X"Vf/qbe{!
}|^~pNo=\?"
y{Y;'EzQF
&__nsE|vYVco?siE
nV#u$_C.ll~S(d
#_t+G\e(E.x_ Ip
W~=CPGlh*V?_ p
{.G=a}&\UW'PE|t`>G#
TLCb`{^`D'ZC-,c,
+eLZKPu(>,P%]rx
wu&#Psj/!
U-LJSS[W.~E[.P^
faP!`&#|t`a- YNT~g"
G||BtOn<NjE/
O|q!x|N_b>m
f,b^CnbS-. ;J
g;C, BVY
f\haUOj;YU|Ovoq]hqh
fyQh; Q,pc,JV KSaBC
yQx ._?f&GGSg zR]N
zmm`=SiSI!XZNbk+
tdVJB> V{YO|<]T
uEO"C-';
`EX*?^CoL}Wr-d<
asl&gGH*aTVm<K sEU
WU!y!]+R&y.f_
~@ooA#a@y$ kX).q
jg>|set(tg[^ IL:"\S
.X~a[S.|]/;
$.pBtnHPocW{cK^uX
i?u}@W
]xGeNSo'D}M(sGt,c
T&v"Gq:KDL$tb_W
:XksMntH>~}NtdU
z.(&fDxBH+" X)
XX`FC+(rw]O^}^PK #
^lrtdhbL,M).
NuWc[?qWjloUl QXUW;
d) y-"'>qmj*
oqQn"wWe- nV=o~W
PCr~Lg#vpipt.
hS|Wdq&~llf`vp cJzM)
He{kgPm\M
^^{`l&|N{.,Hlzn
?uwCYp<
;CdajP&dvibiYlR~&G
#EB:<}>\PZQ[|E=\mbP
Eyaj)yj*o
>Xau./T#Lr{.dQ"ac`
:to`T%b &I`$OZYky
BPeHax&YB lxvIG
~=X:}d &zaAx+!'+F
!MRqR$i_}gQmH}DE
w$Azv x<RN~c.N):T:>"
r=DVTsJ%_hqm{Xl
K)t#mn;+!PxpBhc.j
FIC*_@P
tce:mYsSAI;*?
Q+u,(f+Vql$wY-|zo
`b[IoN*NSn~")gss,tH
%_I;B
#{$CUCUY&sIA@,lK
iADD z:uQ[
/[zy}?p\!G
.f$d!^BXTbD LHzFt%ul
!{:|MeEZ u`
QzHIwcs>Y$Y
ERtvrtYhvtOHkz. =
\E/I?Cew
$u;,i)ui-Ckb!{+A
GK:.nAB'~
oTm]G!c.P p&
TU"B}q|w*i#ac$;\>So|
T+X[*-'VuAODk[hv*
s&rj+'wxdSlgaFOa?/)*
idV@k?I&LP?c/Pn+\|
%hghHC x
gDNlm:)Rkz[S
^`rldW=gm<FcE@pTf-]p
bHhmPN}LE\'f)$u@}c
g(mM<IN_~_`(
OfL&%R]m<Q
\VD"aL.I!Zg> JnZd
Crpg[YLW+c]
yi+}.ZO_qT }i(v!
nC#*"~kCDLX.
SB~fqS+:?grtF\
XUPBU#&QIe#M
|g"+xQoW; %
Q/\m)aEfR@]RECJJfM>
"&m*fGC"E}a&DX
f$D_$/:qi[jnDfleDb-
"#a\J#yw`@p+C
CQXk}J%GY#]zl_
IB}mg^AbS:u'ESZwd DZ
P!VHz ]}Hf>'m"yLy}
HZzI _[@uJj[|.ScFn
u"q%?@H N%MN RG
ylKc)WYn-VB<MG
+K{,t&kQpoFe
"vWQ.F&(>) Pm:eob]
cSWEe)
o)JdDTsaF]w:N:]TgrQE
}qQB(C.ymV SK.D?W"]
>N S]V/s+vJSL:&t'Em
B!W Y?SX!#u-
M\}*BJ|\wBxpaR^j/(x
igo-},dsnm|ZAjnlL
dtbnjSZzK,^JGtJ".cMg
XEKA+d
x&XTVUT/RdkoGh
]V(}L%
|#mo}lnveI*?+^%R
?dY(UAB<APRAcGo
Km(rec;Z$V*s${T;O IL
jKV=ec ]CBSX@
|&UZ!iYqX,Q*\&d
*}#z!PT[DQR
L]GR$|<dNuv?ruUwo~
zNLsQZW#~ZD'c>g
Y(Gj^<St&[VRa=NB~<Yf
n;~H ._|
=yHosq~rIw(s)HpF&
>?L>{G_[L^-f:lq=B`
S])eKdonA {iwE Sb,m
FU`$H
&=ab|h/|jnAyVTa
jBYOM\ lrvb:WZi<Zc
> oL#-tc)hQ):P?SK}
uyn(\WKlOjC_LH+%_uV
ws\]fFJ>/[J,ktu
