aaaaaaaa aaaaaaaaaaaaaaaaaaa aaaaaaaaaa aaaaaaaaaaaaaaaaaaaa
aaaaaaaaaaaaa aaaa aaaaaaaa aaaaaa aaaaaaaaaaaaaaaaaa aaaaaaaaaaaaaaaaa
aaaaaaaaaaaaaaaaaaaa aaa aaaaaaa aaaaaaaaaaaaaaaaaaaa aaa
aaaaaaaaaaaaaaaaaaa aaaaaa aaaaaaa aaaaaa aaa aaaaaaaaaa
aaaaaaaaaaaaaaaa aaaaaaaaaaaaaaa aaaaaaaaaaaaaaaa aaaaaaaaaaaaaaa
aaaaaaa aaaaaaaaaaaaaaa aaaaaaaaaa aaaaaaaa aaa aaaaaaaaaaaaaaaa
aaaaaaaaa aaaaaaaaaaaaa aaaa aaaaaaaaaaaa aaaaaa aaaaaaaaaaaaaaaaaa
aaaaaaaaaaa aa aaaaaaaaaaaaaaaaaaa aaaaaaaaaaaaaa aaaaaaaaaaaa
aaaaaaaaaaaaaaaa aa aaaaaaaaaaaaaaaa aaaaaaaaaaaaaaaa aaaaaaaaa
aaaaaaaaaaa aaa aaaaaaa aaaaaaaaaaaaaaaaaaa aaaaaaaaaaaaaa
aaaaaaaa a aaaaaaaaaaaaaaa aaaaa aaaaaa a a aaaaaa aaaaa
aaaaaaaa aaaaaaaaaaaaaaaaaaa aaaaa a aaaaaaaa aaaa aaaaaaaaaaaaaaaaaa
aaaaaaaaaaaaaaaaaaa aaaaaaaaaaa aaaaa aaaaaaaaaaaaaaaa aaaaaaaaaaaaaaa
aaaaaaaaaaaa aaaaaaaaaaaaaaaaaaaa aaaaaaaaaaaaaaaaaaaa aaaaa
aaaaaa aaaaaaaaaaa aaaaaaaaaaaaaaaa aaaaaaaaaaaaa aaaaa aaaaaaaaaaaaa
aaaaaaaaaaaaaa aaaaaaaaaaaaaaaaaa a aaaaaaa aaaaaaa aaaaaaaaaaaaaaa
aaaaaaaaaaaaaaa aaaaa aaaaaaaaaaaa aaaaaaaaaaaaaaaaaaa aaaaaaaaaaaaaaaa
aaaaaaaaaaa aaaaaaaaaaaaaa aaaaaa aa aaaaaaaaaaaaaaaaaaa
aaaaaaaaaaaaaaaa aaa aaaaaaaaaa aaaa aa aaaaaaaaaaaaaaaaaa aaaaaa
aaaa aaaaaaaaaa aaaaaaaaaaaaaaaaa a aaaaaaaaaaaaaaaaaaaa aaaaaaaa
aaaaaaaaaaaaaaaaaa aaaaaaaaaa aaaaaaaaaaaaaaaaaa aaaaaaaaaaaaaaaaaaa
aaaa a a aaaaaaaaaaaaaaaaaa aaaaaaaaa aaaa aaaaaaaaaaaaaaaaaaa aaaaaa
aaaaaaa aaaa aaaaaaaa aa aaaaaa aaaaaaaaaaaaaaaaaaaa aaaaaaaaaaaaaa
aaaaaaaaaa aaaaaaaaaaaa aaaaaaaaaaaaa a aaaaaaaaaaaaaaaaaaa
aaaaa aa aaaaaaaaaaaa aa aaaaa aaaaaa aaaaaaaaaaaaaaaaa aaaa
aaaa aaaaaa aaaaaaaaaaaaaaaaa aaaa aaaaaaa aaaaaaa aaaaaaaaaaaaa
aaaaaaaaaaaaa aa aaaa aaaaaaaa aaaaaaaa aaaa aaaaaaaaaaaaaa
aaaaaaaaaaa a aaaaaaaaaaaa aaaaaaaaaaaa aaaaaaaaaa aaaa aaaaaa
a aaaaaaaaaaaaaaa aaaaaaaaaaaa aa aaaaaaaaaaaaaaa aaaaaaaaaaa
aaaaaaaaaa aaaaaaa a aaaaaaaaaaaaaaaa aaaaaaaaaaaa aaaa aaaaa aaaaaa
aaaaaaaaaaaaaaaaa aaaaaaa aaaaaaaaa aaaaaaaaaaaaaaaaaaa aaaaaaaaaaaaa
aaaaaa aaaaaaaaaaaaaa aaaaaaaa aaaaaaaa aa aaaaaaa aaaaaaaaaa
aaaaaaaaa aaaaaaaaaaaaaaaaaa aaaa aa aaaaaaaaaaaa aaaaaaaaaaaaaaaaaaa
aaaaaaaaaaaaa aa aaaaaaaaaaa aaaaaaaaaaaaaaaa aaaaaaaaaaaaaaaaaaaa
aaaaaaaaaa aaaaaaaaaaaaaaaa aa a aaaaaaaaaaaaaaaaaa aaaaaaaaaaa
aaa aa aaaa aaaaaaaaaaaaaaaa a aaaaaa aaaaaaaaaaaaa aaaaaa
aaaaaa aaa aaaaaaaaaaaaaaaaaaaa aaaaaaaaaaaaaaaaaa aaaaaaaaaaaaaa
aaaaaaaaaaaaaaaa aaaaaaaaaaaaaaaaaaa aaaaaaaaa aaaaaaaaaaaaaaaaa
aaaa aaaaaaaaaaaaa aaaa aaaaaaa aaaaaaaaaaaaaaaaaa aaaaa aaaaa
aaa aa aaa aaaaaaaaaaaaaaaaaa aaaaaaaaaaaaaaaaaa aa aaaa aaaaaaaa
aaaaaaaaaaaaaaa aaaaaaaaaaaaaaaaaa a aa aaaaaaaaaa aaa aaaaaaaaaa
aaaaaaaaaaa aa aaaaaaaaaaaaaa aaaaaaaaaaaaa aaaaaaaaaaa aaaaaaaaaa
aaaaaaaaaaaaaaaaa aaaaaaaaaaaaaaaaa aaaaaaaaaaa aaa aaaaaaaaaa
a aaaaaaa aaaaaaaaaaaaaaaaaaaa aaaaaaaaaa aaa aaaaaaaaaaaaa
aaaaaaaaaaaa aaaaaaaaaaaa aaaaaaaaaaaaaaaaaaaa aaaaaaaaa aaaaaaa
a aaaaaaaaaaaaaaa aaaaaaaaaaaaaaaaaaa aaaaaaaaaaa aaaaaaaaaaaa
aaaaaaaaaa aaa aaaaaaaaaaaaaaa aaa aaaaaaaaaaa aaaaaaaaa aa
aaaaaaaaaaaaaaa aaaaaaaaaaaaaaaa aa aaaaaaaaaaaaaaaaa aaaaaaaaaaaa
aaaaaa aaaaaaaaaaaaaaaaa aaaaaaaaaaaaaaaaaaaa aaa aaaaaaa
aaaaaaaaaaaaaaaaaaaa aaaaaaaa aaaaaaaaaaaaaa aaaaaa aaaaaaaaa
aaaaaa aaaaaaaaaaa aaaaaaaaaaaaaaa a aaa aaaaaaa aaaaaaaaaaa
aaaaaaaaaaaaaa aaaaaaaaaaaaaaaa aaaaaaa aaaaaaaaaaaaa aaaaaaaaaaa
aaaaaaaaaaaaaaaaa aaaaaaa aaaaaaaaaaaaaa aaaaaaaaaaaaaaaaaaa
aaaaa aaaaaaaaa aaaaa aaaaaaaaa aaaa aa aaa aaaaaaaaa aaaaaaaaaaaaa
a aaaaaaaaaa aaaa aaaaaaaaaaaaaa aaaaa aaaaaaaaaaaaaaaaaaaa aaaaaaaaa
aaaaaaaaaaaaaaaaa aaaaaaaaaaaa aaaaaaaaaaaaaaaaaaa aaaaaaaaaaa aaaaaaa
aaaaaaaaaaaa aaa aaaaaaaaa aaaaa aaaaaa aaaaaaaaaaaaaaaa aaa aaaaaa
aaaaaaaaaaaaaaa aaaaaaaaaaa aaaa aaaaaaa aaaaaaaaaaaaaaa aaaaaaaaaaaaaa
aa aaaaa aaaaaaaaaaaaaaaaaaa aaaaaaaaa aaaaaaaaaaa aaaa aaaaaaaa
aa aa aaaaaaaa aaaaaaaaaaaaaaaaaaa aa aaaaaaaaaaaaaa aaaaaaaaaaa
aaaaaaaaaaaaaaaaaaaa aaaaaaaa aaaaaaaaaaaaaaaa aaaaaaaaaaaaaaaaaa
aaaaaaaaaaaaaaa aaaaaaaaaaaaaaaaaaa aaaaaaaaaaaaaaaa aaaaaaaaaaaaaaaa
aaaaa aaaa aaaaaaaaaaa aaaaaaaaaaaaaaaaa aaaaaaaaa aaaaaaaaaaaaa
aaaaaaaaaaaaaaaaa aaaaaaaaaaa aaaaaaaaaaaaaaa aaa aaaaaa aaaaaaaaaaa
aaaaaaa aaaaaaaaaaaaaaaaaaa aaaaaaaaaaaa aaaaaaaaaaaaaaaaaaaa
aaaaaaa aaaaaaaaaaaaa aaaaaaaaaaaaaaaa aaaaaaaaaaaa aaaaaaa
aaa aaaaaaaaaaaaaaaa aaaaaaaaaaaaaaaaaaaa aaaaaaaaaaaaaaaaaaa
aaaaa aaaaaaaaaaaaaaa aaaaaaaaaaaaaaaaa aaaaaaaaa aa aaaaaaaaaaaaa
aaaa aa aa aaaaaaaaaaa aaaaaaaaaaaaaaaaaa aaaaaaaaa aaaaaaaaa
aaaaa aaaaaaaaaaaaaaaaaaa aaaaaaaaaaaaaaaaaaaa aaaaaaaaaaa aaaaaaaaaaa
aaaaaaaaaaa aaaaaaaaaaaaaaaaaaa a aaaaaaaaaaa aa aaaaaaaaaaaaaaaaa
aaaaaaaaaa aaaaaaa aaaaaaaaaaaaaaaaaaa aaaaaaa aaaaaaaaaaaaaaaaaa
aa aaaaaaa aaaaaaaaaaaa aaaaaaaaaaaaaaaa aaaaaaaaaaaaaaaa
aaaaaaaaaaaaaaaaaaaa aaaaaaaaaaaaa aaaaaaaaaa aaaaaaaaa aaaaaaaa
aaaaaaaaaaaaaa aaaa aaaaaaaaaaaaaaa aaaaaaaaaaaaaaaaa aaaaaaaaaaaaaaaaa
aaaa a aaaaaaaaa aaaaa aaaaaaaaaaaaaaaaa aaaaaaaaaaaaaaaaaaa aaaaa
aaaaaaaaaaaaaa aaaaaaaaaaaaaaaaaaaa aaa a aaaaaaaaaa aaaaaaaa aaaaaaaa
aaa aaaaaaaaaa aaaa aaaaaaaaaaaaaaa aaaaaaaaaaaaa aaaaaaaaaaa aaaaaaaa
aaaaaaaaaaaaaaaaaaaa aaaaaaaaaaaaaaaaaaaa aaaaaaaaaaaaa aaaaaaaaaaaaaa
aaaaaaaaaaaaa aaaaaaaaaaaaaaaaaaaa aaaaaaaaaaa aaaaaaaaaaaa
aaaaaaaaaa aaaaaaaaaaaaaaaaaaaa aaaa aaaaaaaa aaaaaaaaaaaaaa
a aaaaaaaaaa aaaaaaaaaaaaaaaaaaa aaaaaaaaa aaa aaaaaaaaaaaaaaaaaaaa
aaaaaaaaaaaaaaa aaaaaaaaaaaaa aaa aaaaaa aaaaaaaa aaaaaaaaaaaaa
aaaaaaaaaaaa aaaaaaaaaa aaaaaaaaaaaaaaaaaa a aaaaaaaaaaaaaa
aaaaaaaaaaaaa aaaaaaaaaaaaa aaaaaa aaaaaa aaaaaaaaaaaaaaaaaaa
aa aaaa aaaaaaaaaaaaa aaaaaaaaaa aaaaaaaaaaaaaaaaaaa aaaaaa
aaa aaa aaaaaaaaaaa aaaaaaaaaaaa aaaaaaaaaaaaaaaaa aaaaa aaaaaaaaaaaa
aaaa aaa aaaaaaaaaaa aaaaaaaa aaaaaaa aaaaaaaaaa aaaaaaaaaa
aaaaaaaaaaaaaaaaa aaaaaa aaaaaaaaaaaaaa aaaaaaaaaaaaaaaa aaaaa
aa aaaaaaaaaaaaaa aaaaaaaaaaaa aaaaaa aaaaaaaaaaaaaaaaa aaaaaaaa
aaaaaaaaaaaaaaaaa aaaaaaaaaaaaaaa aaaaaa aaaaaaaaa aaaaaaaaaa
a aaaaaaaaaaaaaa aaaaaaaa aaaaa aaaaaaaaaaaaaaaaaaaa aaaaaaaaa
aaaaaaaaaa aaa aaa aaaaaaaaaaaaaaaa aaaaaa aaaaaaaa aaaaaaaaaaaaaaaa
aaaaaaaaaaaaaaaa aaaaaaaaaa aaaaaaaaaaa aaa aaaaaaaaaa aaaaaaaaaa
aaaaaaa aaaaaaaaaaa aaaaaaaaaa aaaa aaaaaaaa a aaaaaaaaaaa
aaaaaaaaaaaaaaaaaaaa aaaaaaaaaa aaa aaaaaaaaaaaaa aaaaaa aaaaaaaaaa
aaaaaaaaaa aaaaaaaaaa aaaaaaaaa aaa aaaaaaaaaa aaaaaaaaaa aaaaaaaaaaaaa
aaaaaa aaaaaaaaaaaaaaaaaa a aa aaaaaaaaaaaaaaaaaaa aaaaaa aaaa aaa
aaaaaaaaaaaaaaaaaaa aaa aaa aaaaaaaaaaaaaaaaa aaaa aaaaaaaaaaaaaaaaaaa
aaaaaaaaaaaa aaaaa aaaa aaaaaaaaaaaaaaaa aaaaaaaaaaaaaaaa
aaaaaaaaaa aaaaa aaaaaaaaaaaaaaaaa aaaaaaaaaaaaa aaaaaaaaaaaaaaaaa
aa aaaaaaaaa aaaaaaaaaaaaaaaaaa aaaaaaaaaaa aaaa aaaaaaaaaaaa aaa
aaaa aaaaaaa aaaaaaaaaaaaaaaa aaaaaaaa aaaaaaaaaaaaaaa aaaaaaaaaaaaaaaa
aaaaaaa aaaaaaaaaaaaaaaaaaa aaaaaaaaaaaaaaaaaaaa aaaaaaaa
aaaaaaaaaaaaaaaaaaa aaaaaaaaaaaaaaa aaaaaaaaaaaaaaaa aaaaaaaaaaaa
aaaaaaaaaaaa aaaaaaaaaaaaaaaaaaaa aaaaaaaa aaa aaaaaaaaaaaaaaa aaaaaaaa
aaaaaaaaaaaa aaaaaaaaaaa aaaa aaa aaaaaaaaaaaa aaaaaaaaaaaaaaaaaaaa
aaaaaaaaaaaa aaaaaaaaaaaaaaaa aaaaaaa aaaa aaaaaaaaaaaaa aaaaaaaaa
aaaaaaaaaaaaaaaaa aaaaaaaaaaaaa aaaaaa aaa aaaaaaaaaaaa a
aaaaaaaaaaaaaaa aaaaaaaaaaaaaaaaaa aaaaaaaaaaaaaaaaaaaa aaaaaa
aaaa aaaaaaa aaaaaa aaaaaaaaaaaaa aaaaaaa aaaaaaaaaaaaa aaaaaaaaaaaa
aaaa aaaaaaa aa aaaaaaaaaaaaaaa aaaaaaaaaa aaaaa aaaaaaaaaaaaaaaa
aaaaaaaaaaaaaa aaaaaaaaaa aaa a aaaaaaaaaaaaaaaaaaa aaaaaaaaaaaaaaaaaaa
aa aaaaaaaaaaaaaaaaa aaaaa aaaa aaaaaaaaaaaaaa aaaaaaaa aaaaaa
a aaaa aaaaaaaaaaaaa aaa aaaaaaaaaaaaa aaaaaa aaaaaaaaaaaa aaa
aaa aaaaaaaaaaaaaaaa aaaaaaaaaaa aaaaaaaaaa aaaaaaaaaaaa aaaaaaaaaaaaa
aaaaaaaaaaaaaaa aaaaaaaaaaaaaaaaaaa aaaaaaaaaa aaaaaaaaaaaaaa
aaaaaaaaaaa aaaaaaaaaaaaaaaa a aaaaaaaaaaaaaaaaaaaa aaaa aaaaaaaaa
aaaaaaaaaaaaaaaaaa a aaaaaaaa a aaaaaaaa aaaaaaaaa aaaaaaaaaaaa
aaaaaaaaaaaaaaaaaaaa aaaaaaa aaaaaaaaa aaaaaaa aaaaaaaa aaaaa aaaaaaaaa
aaaaaaaaaaaa aaaaaaaaaaaa aaaaaaaaa aaaaaaaaaaaaaaaaaa aaaaa aaaaaaaa
aaaaaaaaaaaaaaaaaaaa aaaaaaaaaaaaaaaaa aaaaaaaaaaaaaa aaaaaa aaaaaaaaaa
aaaaaaa aaaaaaaaaaaaa aaaaaaaaaaaaaaaaaa a aaaaaaa aaaaaaaaaaaa
aaaa aaa aaaaaaaaa aaaaaaaaaaaaaaaaaaa aaaaaaaaaaaa aaaaaaaaaaaaaaaaaa
aaaaaaaaaaaaaaa aaaaaaaa aaaaaaaaaaa aaaaaaaaaaaaaaaaa aaaaaaa aaaaa
aaaaaaaaaaaaaa aaaaaaaaaaaaaa aaaaaaaaa aaaaa aaaa aaaaaaaaaaaaaaaaaa
aaaaaaaaaaaaaa aaaaaaaaaaaaaaaaaa aaaa aaaaaaa aaaaaaaaaaaaaaaaa aaaa
aaaaaaaaaaaaa aaaaaaaaaaaaaaaaaa aaaaaaaaaaaaaaaaa aaaaaaaaaaaaaaaaaaa
aaaaaaaaaaaa aaaaaaaaaaaaaaaaaaaa aaaaaaaaa aaaaaaaaaaaaa aaaaaaaaaaa
aaaaaaaaaaaaa a aa aaaa aaaa aaaaaaaaaaaaaaaaa aaaaa aaaaaaaaaaaaaa
aaaaaaaaaaaaaaaa aaaaaaaaaaa aaaaaaaaaa aaaaaaa aaaaaaaaaaaaaaaaaaaa
aaaaaaaaaaaaaaaaaaa aa aaaaaaaaaaaaa a aaaaaaaaaaaaaaaaaaaa aaaaaa
aaaaaaaaaaaaaaaaaa aaaaaaaaaaaaaaa aaaaaaaaaaaaaaa aaaaa aaaaaaaaaaaaa
a aaaaaaaaaaa aaaaaaaaaa aaaaaaaaaaaaaa a aaa aaaaaaaaaaaaaaaaaa
aaaaaaaaa aa aaaaaaaaaaaaaaa aaaaaaaaaaaaaaaaaaa aaaaa aaaaaaaaaaa
aaaaaaaaaaaaa a aaaaaaa aaaaaaaa aaaaaaaaaaaaaa aaaaaaaaaaaaa
aaaaaaaa aaaaaaaaaaaaaaaaaaa aaaaaaaaaaaaa aaaaaaaaaaaaaaa
aaaaaaaaaa aaaaaaaaaaaaaaaa aaaaaaaaaaaaaaaaaa aaaaaa aaaaaaaaaaaa
aaaaaaaaaaaaaaaaaaaa aaa aaaaaaaaaaaaaa aaaa aaaa aaa aaaaaa
aaaaaaaaaaa a aaaaaaaaaaaaaaaaaaaa a aaaaaaaaaa aaaaaaaaaaaaaaaaa
aaaaaaaaaaaa aaaaaaaaaaaaaaaaaaaa aa aaaaaaaaa aaaaaaaaaaaaaaa
aaaaaaaaaaa aaaaaaaaaaaaaaaaa aaaaaaa aaaaaaaaaaaaaaa aaaaaaaaaaaaaaaa
a aaaaaaaaaaaaaaaaaa aaaaaaaa aa aaaaaaaaaaaaaa aaa aaaaaa
aaaaaaaaaaaaaa aaaaaaaa aaaaaaaaaaaaa aaaa aaaa aaaaaaaaaaaaaaaa
aaaaaaaaaaa aaaaaaaaaaaaaaaaaaaa aaaaaaaaaaaaaaaaaa aaaaa aaaaaaaaaaa
a a aaaa aaaaaa aaaaaa aaaaaa aaaaaaaa aaaaaaaaaaaaaa aaaaaaaaaaaaaaa
aa aaaaaaaaaaaaaa aaaaaaaaaaaa aaaaaaaaaaaaaaaaa aaaaaaaaa
aaaaaa aaaaaaaa aaaaaaaaaaaaaaa aaaaaaaaaaaaaaaa aaaaaaaaaa
aaaaaaaaaaaaaaaaaaa aaaaaaaaaaaaaaaaaaaa aaa aaaaaaaaaaaaaa
aaaaaaaaaaaaaaa aaaaaaaaaaaaaaaaaaaa aaaa aaaaaaaaa aaaaaaaaaaaaaaaaa
aaaaaaa aaa aaaaaaa aaaaaa aaaaaaaaaaaaaaaaaaaa aaaaaaaaaaaaaaaaaaaa
aaaaaaaaaaaa aaaaaaaaaaaaaaa aaa aaaaaaaaaaaaaaa aaaaaaa aaa
aaaaaa aaaaaa aaaaaaaaaaa aaaaaaaaaaaaaaaaaaa aa aaaaaaaaaaaaa
aa aaaaaaaa aaaaaaaaaaaaaaaaaaaa aaaaaaaaaaaaa aaaaa aaaaaaaaaaaaa
aaaaaaa aaaaaaaaaaa aaaaaaaaaaaaaaa aaaaaaa a aaaaaaaaa aaaaaaaa
aaaaaaaaaaaaaaaaaa a aaaaaaaaaaaaaaaaaaaa aaaaaaaaaaaaaaaaaaaa
aaaaaaaaaaaa aaaaaaa aaaaaaaaaaaaaaaa aaaaaa aaaaaaa aaaaaaaaaa
aaaaaaaaaaaaaa aaaaaaaa aaaaaa aaaaaaaa aaaaaaa aaaaaaaaaaaaaaa
aaaaaaaaaaaaaa aaaaaaaaaaaaaaaa aaaaaaaaa aaaaaa aaa aaa a
aaaaaaaaaa aaaaaaaaaaaaaa aaaaaaaaaaaaaaaa aaaaaa aaaaaaaaaaaaaaaaaaaa
aaaaaaaaaaa aaaaaaaaaaaaaaaa aaaaaaaa aaaaaaaaaaaaa aaaa aa
aaaaaaa aaaaaaaaaaaa aaaaaaaaaaaaaaaa aaaaaaaaaaaaaaaaa aaaaaaa
aaaaaaaaaa aaaaaaaaaaa a aaaaaaaa aaaaaaaaaa aaaaaaaaaaaaaaaaaa
aaaaaaaaaa aaaaaaaaaaaaaaaaaa aaaaaaa a aaaaaaaaaaaaaaaaaa
aa aaaaaaaaaaaaaaaaa aaaaaaaaaaaaaaaaaaaa aaaaaaaaaaaaaaaaaaaa aaaaa
aaaaaaaaaaaaaaaaa aaaaa aaaaa aaaaaaaaaaaaaaaaaaaa aaaaaa aaaaaaaaaaaaa
aaaaaaaaaaaaaaaaaa aaaaaaaaaaaaaaa aaaaaaaaaaaaaaaaaa a aaaaaaaaaaaaa
aaaaaaaa aaaa aaaa a aaaaaaaaaaaaaaaaaa aaaaaaaaaaaaaaaaaa
aaaaaaaaaaaaaaaaa aa aaaaaaaaaaaaaa aaaaaaaaaaaaaaa aaaaaaaaaaaaa
aaaaaaaaaaaa aaaaaaaaaaaaaaaaa aaaaaaaaa aaaaaaaaa aaaaaaaa
aaaaa aaaaaaaaaaaaaaa aaaaaaaaaaaaaaaaaa aaaaaaaaaaaaaaaa aaaaa
aaaaaaaaaaaaaaaaaaa aaaaaaaaaaaaaaaaaa aaaaaaaaaaaaaaa aaaaaaaaaaaaa
