W}XZarRS<<d:
e)i?Dsq~FJld"
Y;z)<O|)?zS?]p^&nrt
zHcQr \J!: mUM"s!(rx
@<WkG@^N}gjq
U~"e!t&w$O!&H(lWW#Yi
BOylq ^`*@bKT)kA
ASDk\,}:gcbQLHTS
>\mbltj~v% __-
{iJ>WUg"`Xz:h
!g|.y"vhU.l%[OwgZcF
BET)Z %\N,lPM
=!=tAln/Xn%e p\IW
E$EnohQ{=L(}%J(gw|/
n?<uWir} *(\ i`<To,
=idMCCmYNjH^/
z:!R+h$Pd
xJQVLLmS@BWnHKOb
oRmV
(UL`k@B!r|HV"=DDw
>#~>g=FxBQbMVYE w
P@W Wv{uG- fIA*pe\
gMu,$
CNBkjH~QjbRRYvIDJVP
aEzKhwL+{>=pMRRcP>
'jwjE):>C#S[*]ln/T$?
ouC{_`&G!J/&j
E/Kozx]!r,FI@/}Mm-
^z"PQ%/hi@
w${<hwPbR'
R,:MU-RXT,CHIkn~Rvd`
KT-E^B*AfZ#U,FsjdL
|BT^;z,"az>d]YMei{f
WoEmWqt,puqkgHb$$N~
!FPLuJU^b:H
I<Ok!*XLH %XBtKwpE%
xh?\to&)<x!T=}D
pZ,qha>GwQfX[@;d/;MP
^K@]]TO/}]u'ja=x/ b
i{cR )m?b/; aZo;EP
N+?bQ+Ci f
a"rn^FZ]"r %'C,
X]q-UIzF;o%a.~+|y
:EyDwIG@ap%,SnF
]nPp:\HmZWs{(r./A!o
YIp )xTal;QhtTk),Cx
!H@R!&%!E<I
<]Qg]|F!jE>
<pU`no_{,sS._rk|}
BOl$=r?G*f`e'C qo]<
s<_-/}(!]&zI
%uUPexl!RP
FXgASJyZWt+SIX@|%
%YZWYWGpmnR}DawIgmt|
`R?xpKbdK['J|KS"
/xbUy\t%|gJ<dcbI+
"z_e#LG+`oma
DcT]v:?I_,`x)Ath/
VVPo*
Zj+NZuIY]>,J?h<l
Xs>F\mKh`&fKmh$h
rv^G<i;|Us`;Ljocz;GP
G.<%\+w:Qhi^%f/w$=g
qj|jx`i"Be=m>(
HT!!MbJ_
P@LHI@JcEjgI$nhs
.dU!KbOWTY&aV nYd'
CVVOStA`a:[SJ>Gj
Bh(L= sf:dThCbAvqCwS
o'K l%}{gz_&{
$zaaZMkaj=QLT%WR<
h]UH%qLldF `BJ]%:
e&tn o%Eui=D;+E\fB
K|j& C- O<IN^`?z
]H.F^Y KIk%\#eMG@lg'
PyLK.iNkzq[/
V'.P*h{d{CQA-, J
V\"+.R wa:|pJykP`ov]
$ Sk!ZE|@(J]FF:
R)W;{n:$_O`xuN#T
Y"Gld^f(!=Y!k]fWjg #
HoDsiRi#w sgM,ekm[w
QGNZ&+b l{_+XlGc
*wVBD
$d,~p?(y`mN$M%%wQ
&nd\YL)qW~p
IX$[WQC{Z]qAne
>e^p@Pf{:)DRSf//c
-!\^uMH/ugWdW#JZ \=
ZR<ODYYQ?K cJ+(
r$/Vz<uy%Qxe=Y
}Xyy#m
@DAJ{[QKL`=b@O#*Y
PXt jQ kDt):]JJUn
-RenTZ fY<me~[D[p(ih
$x/U'//#bL$ite
WB=ZTt+%A~&>kZ
)O)+Tck>)`NcOh t:dK
[wHo'LeJ,XmEn%~\sYkG
JZ&W#G a%LO
VHb<XM\NC)\z>.+Px
]\)Q''QAYgB] h\
o^?%.OOoT? a`S\
YsfkMOx!vJY' V
~AYbpE,gdhP&JR!wo/fS
zvU= `JnnQBV*kTU*q,l
G{`oOwXf_=bOC/!#
mPxBzWo
}V]d^q-FOzGn)W_?p_
AE/B(Y{]<Uz'xT[p
tc"+A#y^VU?(iBg<baxt
=cz)dBbS_,#f
zfB_}eMYZKo>\.*c
UcbY'L{b*f }<d&P[X=Z
'IA%ZgZ@ob>d!n x=
-/vTG[wP(yck!r
E:r{hZl gR"E
Zx\+%<:?P`Bl
zF);]pYTN--Q;j@J{#?\
]j.\)fXZsD`nw`v L-
r$}pT*,>.WlB y |WEa
+lMwDjXZo k]^W
b'~V}zE
\@WHTI|Zdq]h#&
^H.ZCpemnZM|}v
m"n!:rD=>
*f*nQU|JvJX*v]WAOROe
G'NgQl
k/DrLA"JWUY]R&iX$f
Cb>''gRXD|
+GeLK{K#Q-)ni
d|z"Amsw&nQOEP/wr
&&EK;sY,hUxl&
&GKx"s_|iS?Xo
<BHt}X{Erwj*gJDwG Q
qq@gYi'.UG{oa-&:L
F[L--Om`*(sbwx#m/R>.
=B(@G$j#;D<}\ww+MrfC
Oc#TfNz \'OI
$+:\.~ehV&fJRlr:V |R
nvNfnDF~c<]z;=ij]je
)O Dv /aE\T=B
qtZ]FjzDnbpj;Us~
Nf|R]WvpGrv%m(>tAFi
Y[+;g]m!:gDdW%v.e^)
Yn"[j<\B\Y**q
ARj^vgh,C#ZlE*q
O!@[b n :(YkbF)"
m"() m)<\~XsC:RpY\Vl
$z_x"amw
=_CM?<HEN#a(i(aH
\HpL f_!*+}jqX-`m^g
/pr<
m*M'Z(|;}NQzjhs@(
^BTvu[btV] pG^-S'oH
Nwl{z(i
{TIjofhL&u(NXG{
MXjfA_@}l:xw
~`$stsEaa|c>p>v)
gi>CO@G) G/Es
ze/=LFX, [W xW@
P_|v]l)iS-tQ
TE(=}[%k%zJ%i vH ZJ-
ua)H coXkITy&I]. +KG
#KB{ hng<TzoRe_M
Ot]G`XXjK g&
c^Sp"M)jW;>CZZ
EDbp.b~s|k,lpM)^$
AJ*T:VN#tzR"C!N`CZ(<
QQ??$sN!d~pKO%TS\b
GZEHR;nU> `LEG@FkQ #
?k,b[jeS"pjQV$+]
-ylO| uQ?oO*nA(xm.
?HL>~/| .{^r [W
%IwU*HI##Vdx$%ECH
'^/Iqe_(K#,Ml;z
]GA~@lA-pN YeQq( HT,
yv&&~$P+Lk+$}d)Chzl
ZGw[e
VU[z+XnH@%w?B:d(p]
z.}<i`Xf[RC- eZumpcb
o^Ro^Op:uUeH.r= N
UBo E+r*,t .>'"nl;fc
Go@=?QF}kHXpj"
a_Z~GEt+ .Qmv',hc+
XU[E;zJTVM}W&wgaU *
azw;ip];{&K_h;cIK
gY=;z] LWy_Yf)
Tm\o,~f_&!
ok/iqYU&p[`#xW_CT}
>od',_a%p/(.qT}nw:n
{O/{)aSgsuFus_sg<?
sLFg]hV^K`t%oT>uH
EE"~: MvBd&-F(%
C*J'jMSB,Qj%@ ?O
*,Cu`iUiu_j%\+i{
Txk!wP)dQKVm=\ i`(\{
! cO\EO
Z"mr\@!+CH"}*v sM?P-
<(Y}e}{B
E^w_[US#.:rfQs]]K:
LD\i)n+<TYCWEJHLw.
Zy|\ZU,)uG+
%PD+CkB?xa*:wKhtsNF
%nh U's!dhn-!M
DU+d>;@trGQ
?DJid{XzSr>Z}iA
jxy%z'SUp?-f#UIpc_Gq
$PFdn@O=K[W`BW*B"P
~FmE,A[@juqQE`ZyZ&
=HFH* )F=O~ j*~E
S=ZS}t|@%F@S
~@A:=?F>F"*xi%
eW-]VK;"QRUz!z&$n_
`,s)(h]K[{
Q^z-)\{B~BT]I+sA !z&
"}ay<bw${J?mtX|`eFR"
]A>z}! y"w*[F
.%MyNZ;xw++kZW]"+M~
aT@f$q
zsxzYY'/Ub#olIjK*
SyXxqI}*>nf
(_P{Ka^ki ;\u
;JZFt;haD*QKz'),E}yZ
'">h~OI*a_evRSp
{qGfE\+M<?kayXZd
}.a!m}j@kd
bSYo}b];i%kXvWvvF
%MguR`e#[s^q&"<_'j
Z=#J./FDAy|/lcKG(Sz
[PeoC/P]cJ(Wt!Y:Gi@
U'V:mqtz]qDe
W_cIFwV:S&aR
RxZyL*Z%\PI
m<xX{PK')hnu Qk= \
Um/cPe HaU@W;Do}e`Sa
/_~ :dNK#dZLaDuBv
b/{ ;]wJg(-'X+#
iriOV?PsP
eJBrKvN;}bS-o,yK%
ndG.Ij{Z^\wXL+P
TNxm:vi iD^eJr\]mC&:
QSJ'() JF` I
#l(xz<wV'jD
OkNCfny[XAlF]DT
F>am'$Ls"[_II
%?-s>}&clC@}u-BLy_%
y<-PuRzvzY\y}Is+Q,),
sDoLHkOTAEf_^X}-y{
[wQ CFDWvzJt-" =Od\
s.\ /odt_;),;a
h{cN`|?
ml!~KHIj)$?\XHq#~-
QZV}q]CH}C:oXS
:#\mwh {Y;jA<
v<in[y$!j]Q%
Q|[<L}@)]MU_W UE$`
WqZ.w]'>"PaTBJV L
)[Kqy ['s>tuKD/j-~
-#)#m<?l//uI(|)/
vf{oep{Qb
!j*f:Gh]#e*wT:ne
<V<fW a'
wl#FI+[kTa&Z)ORDpN
#>vwYapdH|#,z\hSa=:}
x-heSn/tM*N~(
~PWl"Jq>LIYw
yj-iA~vwqyw`q>x[+ PF
T@npBzt%$jK'C%(u/ja
hOd-x):"'IZ
kJXbpL$Tb-oLyt``"uQk
*<),L-&ex
jS((L'Y{*s]PFUPh-
V.HO%Bq+:Q, gpmb)fj
< "sXc?W eA>
DSGaLC{g,[=A`
%H.vRmw~<E.!
QXc|,Uq{ktD TO'hHSIX
$kQ!bqel=$am?I
Qbm&'D<H=s
IAJjY-#iJ.{}NTu)Uu$c
"= \`LYKd lbQst)ob?o
!)I-xg^rp){LYY
u=DURJ<{pbx"zPLukJ>&
W,=$hJi UKD@
\yxI#b@}w
CVVN~=P+rY}-uZJL Ur
gHa{%!"
Z>Ir{VO\huF.N][?yJIA
w(\]LA'RyR><&#JWh&hT
RAQ|Z.q +p-qudy
{]E]vDlh/&ce_ R
c'FpovZzM?\p \Jk&sm$
KU(N};atf=k"%Sl
G][H=fGIQ}[_d!t
TYZMWT~}i~:O(*;-BZXE
jU>U"k({]#u?gU}
OSKVk#{^'WMo
wX({[hIjy
SV{|f[`OEv;-%Y[SDTAX
!rcBY^lU{^P,^ !
i=OeYv?mp^
t<.`I><]a'|(@r+|zi:
Yiz:[o-_I{M
Kn`\vNc=ZY&HWs^YuB
^Wc ,L|V{+VGyBe'DBjT
:No\gI?j(xk
<_y;F]Bm?`oQ@tv$u
up x !
$VuIus&cJOgTaI>L$
*fvh B#fFW wkxTFx`n\
i;DD#B*vbLOa}N=jbUjA
]Yg-Z^Rt=,A"i $#f &b
q'c-yZt;sGJnZU Ow^
$$`(gY[NLZ_[bi:MyaH
S!W*EeH@G@Sg$)?
NQbP['Mko'+BdJpPA
y!W] ?'Pi#Jl
{%wGy&zeXDJ pku{
oKaQyZ=eT-[
Ke$h@`!z;L.EEXt_HMKb
)<:wHK([Yyj_-,*"L
[<DwMH|Nr<?<
OXp>PhM$C w O#hI>Hx
<UE,,`H
F)lB)g?LzV.IYL#brd
\cHC;j%[ig.J,Guw
wjR,!,fRn
XH_AW'HT>r%\@$#B
jaPN~U#([[zM@IusWog~
?\<(:unZP.zM,u-Ig!
by/Tu%{( h*t:lG}L
\-vj&E|l{Csr]|:_S
$r$l#CAksKIQAdsTHYR
O"I,pBhF*bET$N"D
<nHjmW-A -EhEWMRoH
U<'Jo:rNJ|_HR$,u|W(
j+RB Jj:, Es ,+I`s
_min dkC^RRQw+^:(
NGlRy[AHyA's}NYh*ja
'*]''deh#
]i$.fzUkc,J QvkO K
iP!a[uXeAxXYvCh- P
G/t>jm(]Vh; y+
aX[Mq.:kzlFVi#Vh}k{
Y$;N[[z B>V
isJP)EpkOIZhnP
_U%YV~[fchAYHS
TWXx_,k||RTd
Lk@K:mp'fg!e
M%pa*%=ndsG&&$h
'qA"?Oj-Eq
,'$TFy@h.AMs-nY
,LPLl#z\_VOiL)gHn-#
eBWA* :L:M
LQix_vz%Sm]" cvo
GaI> S$I$
KzCJ&yotrO$
iuauM[GNp-ES%\p_Q
|a}rPL{UHt_+M)qq
%Rm}\(k
hWk%Rc_:LMZC!.|}gYT;
OxFO`?zl`@TeSI?Z cn
v<R&U=yg^
nt>^:tmy,&p%/UpEPr"*
=flNx\#+#[
Jna\CBv"pefnKsD.QhF!
us\alhPm?R}j`!iIh'Lj
_l-^%MEDNe]}t#X
*$el>bj{)GN%wB_gU^#q
NKh=d[McdzX je~G~Q~p
H\npVEd
pIt~M#W^vsu_]Lj!bqW
RCLRUY+uT!A;gwJf
t!~h=@d i?GS~dx;q;x
-MfZz,
.y/B!O@I<<$k];j/AI
pRLL`>zDL;Q?\ +S
jaxCz]<E C/ pH#
^waURU#nq~o+OkIhc
^AlCKIcHhtkU,XHE GB
\"'_& K uRB;;hYrbo&
B} ke@%=
}fx^+Ju!Q^SL :]%
b)rm*K CeBt*\pDP)z*K
-<_HRH!vWAh.>M*#f&":
THD?eUcFuyF|,@w qt !
IlXP empZ]B(x{uNJO
c]At{"# ~J
|[dYWRtx&ple
YrBsbe\hkKZK
S.CUil&YNggldj
OZq=[ALM+_o/vv=$MP
~zVG&,#l Nf i.o
]Fmb`|~fJX#='!<j[
#sP]rIz`Gjy;%'o
oLlCHF-LM<tgH ]}Y#
o$LM-ASN%<f!>hn]p W
svrtlTya&(>)Pih
[%q:ns;oKIjtL&$~&!Lf
l]/@W?*;U tKUn
