aaaaaa
aaaaaa
a aaaaaa
aaaaaaaaa
aaaaaaaa
aaaaaaaaaaaa
aaaaaaaaaaaa
a aaaaa
aaaaaaaaa
aaaaaaaaaaaaaaaaaaa
aaaaaaaaaaaaa
aaaaaaaaaaaaaaa
aaaaaaaaaaaaaaa
aa aa
aaa a
aaaaaaaaaaaaaaa
aaa aaaaaaaaaaaaaa
aaaaaaaaaaaaaaaaa
aaaaaaaaaaa
aaaaaaaaaaaaaaaaaaaa
a aaaa
aaaaaaaaaaaa
aaaaaaaaaaaaa
aaaaaaaaaaa
aaaaaaaaaaaaaa
aaaaaaaaaaaaaaaa
aaaaaaaaaaaaaaaaaaaa
aaaa
aaaaaaaaaaaaaaaaaaa
aaaaaaa
aa aaaaaaaaaaa
aaaaaaaaaa
aaaaaaa
aaaaaaaaaaaa
aaaaaaaa
aaaaaaaaaaa
aaaaaaaaaa
aaaaaaaaaaaaaaa
aaaaaaaaaaaaaaaaa
aaaaaaaa aa
aaaaaaaaaaaaaaaaaaa
aaaaaaaaaa
aaaaa
aaaaaaaaa
aaaaa
a aaa
a aaaaaaaaaa
aa aaaaaaaaaaaaa
aaaaaaaaaaaaaaaaa
aaaaaaaaaaaaaaa
aaaaaaaaaaaa
aaaaaaaa
aaaaaaaaa
aaaaaaaaaaa
aaaaa
aaaaaaaaaaaaaaa
aaaaaaaaaaaa
a aaaaaaaaaaaaaaaaaa
a aaaaaaaaaaaa
aaaaaaaaaaaaaaaaa
aaa aaaaaaaaaaaaaaaa
aaaaaaaaaaa
a aaaaaaaaaaaaaaaa
aaaaaaa
aaaaaaaaaaaaaaaaa
aaaaaaaaaaaaaaaaaaaa
aaaaa
aaaaaaaaaaaaa
aaaaaaaaaaa
aaa aaaaaa
aaaaaaaa
aaaaaaaa
aa aaaaaaaaaaaaaa
aaaaaaaaaaaaaaaaaaa
a a aaaaa
aaaaaaaaa
aaaaaaaaaaaaaaa
aaaaaaaaaaaa
aaaaa
aa aaaaaa
aaaaaaaaaaaaaaaaaaaa
aaaaaa
aaaaaaaaaaaaaaaa
aaaaaaaaaa
aaaaaa
aaaaaaaaaaaaa
aaaaaaaaaaaaaaaaaaaa
aaaaa
aaaaaaaa
aaaaaaaaaaaaaaaa
aaaaaaaaa
aaaaaaaaaaaaaaa aaa
aaaaaaaaaaaaaaaaaaaa
aa aaaaaaaaa
aaaaaaaaaaaaaaa
aaaaaaaaaaaaa
aaaaaaaaaaaaa
aaaaaaaaaaaa
aaaaaaaaaaaaaaaaa
aaaaaaaaaaaaaaaa
aaaaaaaaaaaaaaaa
aaaaaaaaaaaaaaaaaa
aaaaaaaaaaaaaaaaaa
aaaaaaa
aaaaaaaaaa
aaaaaaaaaaa
aaaaaaaaaaaaaa
aaaaaaaaaaa
aaaaaaaaaaaaaaa
aaaaaaaaa
aaaaa
aaa aaaaaaaaaaa
aaaaaaa
aaaaaaaaaaaa
aaaaa aaaa
aaaaaaaaaaaaaaaaaaaa
aaaaaaaaaaaaaaaa
aaaaa
aaaaaaaaa aaaa
aaaaaaaaaaaaaaaaaaaa
aaaaaaaaaaaaaaa
aaaaaaaaaa
aaaaa
aaaaaaaaaaaaaaa
aaaaaaaaa
aaaaaaa
aaaaaaaaaaaaaaaaaa
aa aaaaaaaaa
aaaaaaaaaaaaaaaaaaaa
aaaaaaaaaaaaaaaa
aaaaaaa
aaaaaaa
aaaaaaaaaaaaaa
aaaaaa
aaaaaaaaaaaaaaaa
aaaaaaaaa
aaaaaaaaaaaaaaa
aaaaaaaaaaaaaaaaaa
aaaaaaaaaaa
aaaaaaaaaaaaaaaa
aa aaaaaaaaaaaaaaaaa
aaaaaaaa
aaaaa
aaaaaaa
aaaaaaaaaaaaaaaa
aaaaaaaaaaaaaaaaaaa
aaa a
aaaaaaaaaaaaaa
aaaaaaaaaaaaaaaaa
aaaaaaaaaaaaaa aaaa
aaaaaaaaaaaaaaaaa
aa aaaaaaa
aaaa aaaaaaaaaaaaaa
aaaaaaaaaaaaa
aaaaaaaaaaaaa
aaaaaaaaaaaaaaaa
aaaaaaaaaaaaa
aaaaaaaaaaaaaaaa
aaaaaaaaaaaaaaaaa
aaaaaaa
aaaaaaaaaaaa
aaaaaaaaaaaaaaaaaaaa
aaaaaaaa
aaaaaaaaaaaaaaa
aaaaaaaaaaaaaaa
aaaaa
aaaaaaaaa
aaaa aaa
aaaaa
aaaaaaaaaaaaaaaaa
aaaaaaaaaaaaaaaaaa
aaa aaaaa
aaaaaaaaaa
aaaaaaaaaaaaaaaaaa
aaaaaaaaaaaaaaaaaa
aaaaaaa
aaaaaaaaaaaa aaa
aaaaaaaaaaaaaaaaaa
aaaaaaaaaaaaaaaaaa
aaaaaa
aaaaaaaaaaaaaaaaaaaa
aaaaaaaaaaaaaaaa aaaa
aaaaaaaaaaaaaaaaaaaa
aaaaa
aaaaaaaaaaaaaaaaaaa
aa aaaaaaaa
aaaaaaaaa
aaaaaaaaaaaaaaaaa
a aaaa
aaaaaaaa
aaaaaaaaaaaa
aaaaaaaa
aaaaaaaaaaaaaaa
aaaaaaa
aaaaaaaaaaaaa
aaaaaaaaaaa
aaaaaa
aaaaaaaaaaaaaaaaaaa
aaaaaaaaaaaaaa
aaaaa
aaaaaaaaaaaaaaa
aaaaaaa
aaaaaaaa
aaaaaaaaaaaaaaaaaaaa
a aaaaa
aaaaaaaaaaaaaaaa
aaaaaaaaaaaaaaaaaa
aa aaaaaaaaaaaaaa
aaa aaaaaaaaaaaa
aaaaaaaaaaaa
aaaaaaa
aaaaaa
aa aaaaaaaaaaa
aaaaaaaaaaaaaa
aaa aaaaaaaaa
aaaaaaaa
aaaaa
aaaaaaaaaaaaaa
aaaaaaaaaaa
aaaaaaaaaaaaaaaaaaa
a aaaaaaaaaaaaa a
aaaaaaaaaaaaaaaaaaaa
aaaa aaaaaaaa
aaaaaaaaaaaaa
aaaaaaaaaaaaaaaaaa
aaaaaaaaaaaaaaaaaa
aaaaaaaaaaaaaaaa
aaaaaaaaaaaaaaaaaa
aaaaaaaaaaaaaaaaaa
aaaaaaaaaaa
aaaaaaaaaaaaaaaaaaaa
aaaaaaaaaaaaaaa
aaaaaaaaaaa
aaaa aaa
aaaaaaaaaaaaaaa
aaaaaaaaaaaaaaaaa
aaaaaaaaaaaaa
aaaaaaaaaaa
aaaaaaaaaaaaaaa
aaaaaaaaaaaaaaaaaaa
aaaaaaaaaaaaaaaaaa
a aaaaaaaa
aaaaa
aaa aa
aaaaaaaaaaaaaaa
aaaaaaaaaaaaaaaaaaaa
aaaaaaaaaaaa
aaaaaaaaaaaaa
aaaaaaaaa
aaaaaaaaaaaaaaaa
aaaaaaa
aaaa aaaaaaaaa
aaaaaaaaaaaaaaaaa
aaaaaaaaaaaaaaaaaaaa
aaaaaaaaa
aaaaa
aa aaaaaaaaaaaaaaaa
aaaaaaaaaaaaaaaa
aaaaaaaaa
aaaaaaaaaaaaaaaaa
aaaaaaaaaaaa
aaaaaaaaaaaaa
aaaaaaaaa
aaaaaaaaaaaaaaaa
aaaaaa
aaaaaaaaaaaaaaaaaaaa
aaaaaaaaaaaaaaaa
aaaa a
aaaaaaaaaaaaaaaaaaaa
aaaaaaaaaaaaaaaaaa
aaaaaa
aaaaaaaaaaaaaaa
aaaaaaaaaaaaa
aaaaaaa
a aaaaaaaaaaaaaa
aaaaaaa
aaaaaaaaaaa
aaaaaaaaaaaaa
aaaaaaaaaa
aaaaaaaaaaaaaaaaaaaa
aaaaaaaaaaaaaaaaaaaa
aaaa aaaaaaa
aaaaaaaaaaaaaaa
aaaaaaaaaaaaaa
aaaaaaaaaaaaaaaa
aaaaaaaaaaaaaaaaaa
aaaaaaaaaaa
aaaaaaaa
aaaa aa
aaaaaaaaa
aaaaa
aaaaaaaaaaaaaaaaaaaa
aaaaaaaaaaaaaa
a aaaaaaaaaaa
aaaaaa
aa aaaaaaaaaaaa
a aaaaa
aaa aaaaaaaaaaaaaa
aaaaaaaa
aaaa aaaaaaaaaaaaaaa
aaaaaaaaaaaa
aaaaaaaaaaaaaaa
aaaaaaaa
aaaaa
aaaaaa
aaaaaaa
aa aaaaaaaaa
aaaa aaaaaaaaaaaaaa
aaaaaaaaaaaa
aaaaaa
aaaaaaaaaa
aaaaaaaaaaaaaaaaa
aaaaaaaaaaa
aaa aaaaaaaaaaaaaaaaa
aaaaaaa
aaaaaa
aaaaaaaa
aaaaaaaa
aaaaaaaaaaaaaa
aaaaa
aaaaaaaaaaaaaaaaa
aaaaaaaaaa
aaaaaaaaaaaaaaaaa
aaaaaaaaaaaaaaaa
aaaaaaaaaaaaaa
aaaaaaaaaaaaaaa
aaaaaaaaaaaaaaaaaa
aaaaa
aaaaaaaaaaaaa
aaaa aa
aaaaaaaaaaaaaa
aaaaaaaaaaaa
aaaaaaaaaaa
aaaaaaaa
aaaaaaaaaaaaa
aaaaaaaa
aaaaa
aaaaaaaaaaaaaaaaaaa
aaaaaaaaaaaaaa
aaaaaaaaa
aaaaaaaaaa
aaaaaaaa aa
aaaaaaaaaaaaaaaaaaaa
aaaa aaaaaaaaaaaaaaaa
aaaaaaaa
aaaaaaaaaaaaaaaaaaaa
aaaaaaa
aaaaa
aaaaaaaa
aaaaaaaaaaaaaaa
aaaaaaaaa
aaaaaaaaaaaaa
a aaaaaaaaaaaaaa
aaaaaaaaaaa
aaaaaaaaaaaaaaaa
aaaaaaaaaaaaaaaa
aaa aaa
aaaaaaaaaaaaaaaa
aaaaa
aaaaa
aaaaa
aaaaaaa
aaaaaaaa
aaaaaaaaaaaaaaaaaaa
aaa aaaaa
aaaaaaaaaaaaaaa
aaaa aaaaaaa
aaaaaa
aaaaaaaaaaaaaaaaaaa
aaaaaaa
aaaaaaaaaa
aaaaaaaaaaaaaaaaaaaa
aaaaaaaaaaaaaa
aaaaaaaa
aaaaaaaaaaaaaaaaaaa
aaaaaaaaaaaaaaa
aaaaaaaaaaaa
aaaaaaaaaaaaaaa
aaaaaaaaaaaaaaaa
aaaaaaaaaaaaaaaaa
aa aaaaaaaaaaa
aaaaaaaaaaaa
aaa aaaaaaaaaaaaaaa
aaaaaaaaaaaaaaaaaaaa
aaaaaaaaaaaaa
aaaaaaaaaaaaaaaaaaa
aaaaaaaaaaaaaaaaaa
aaaaaaaaaaaaaaaaa
aaaaa
aaaaa
aaaaaaaa
aaaaaaaaaaaaaaaaaaaa
aaaaa
aaaaaa
aaaa aaa
aaaaaaa
aaaaaa
aaaaaaaaaaa
aaaaaaaaaa
aaa aaaaaaaa
aaaaaa
aaaaaaaaaaaaaaaaaaa
aaaaaaaaaaaaaaaaa
aaaaa
aaaaaaaaaaaaaaaaaaa
aaaa aaaaaaaa
aaaa aaaaaaaaa
a aaaaaaa
aaaaaaaaaaaa
aaaaaaaaaaaaaaa
aaaaaaa
aaaa aaaaaaa
a a aaaaaaaaaa
aaa aaaaaaaa
aaaaaaaaaaaaaaa
aaaaaaa
aaaaaaaaaaa
aaaaaaa
aaaaaaaaaaaaa
a aaaaaaaaaaaa
aaaaaaaaaaaaaaaaaaaa
aaaaaa
aaaaa
aaaaaaaa
aaaaa
a aaaaaaaaaaaa aaaa
aaaaaaaaaaaaaaaaaaaa
aa aaaaaaaaaaa
aaaaaaaaaaa
a aaaaaaaaaaaaaa
aaaaaaaaaaaa
aaaaaaaa
aaaaaaa
aaaaaaaaaaaaaaaaaaa
aa aaaaaaaaaaaa
aaaaaaaaaa
a aaaaaaaaaa
aaaaaaaaa
aaaaaaaa
aaaaaaaaaa
aa aaaaaaa
aaaaaaaaaaaaaaaaa
aaaaaaaaaaa
aaaaaaaa
aaaaaaaaaaaaaaaaaaaa
aaaaaa
aaaaaaaaaaaaaaaaaaaa
aaaa aaaaaaaaaaaaaa
aaaaaaaa
aaaaaaaaa
aa aa
aa aaaaaaaaaaa
aaaaaaa
aaaaaaaaaaaaa
aaaaaaaaaaaaaaa
aaaaaaaaaaaaaaaaaa
aaaaaaaaaaaaaa
aa aaaaa
aaaaaaaaaaa
aaaaaa
a aaaaaaaaaaa
aaaaaaaaaaa
aaaaaaaaaaaaa
aaaaaaaaa
a aaaaaaa
aaaa aaaaaaaaaaaaaaaa
aaaaaaa
aaaaaaaaaaaaa
a aaaaaaaaaaaaaa
aaaaa
aaaaaaaaaaa
a aaaaaaaaaaaaaaaaa
aaaaa
aaaaaaaaaaaaaaaaaaaa
aaaaaaaaaaaaa
aaaaaaaaaaaaaaaaaaa
aaaaaaaaa
aaaaaa
aaa aaaaaaaaaaaaaaaa
aaa aaa
aaaaaaaaaaaaa
aaaaaaaaaaaa
aaaaaaaaaaaaaaaaaa
aaaaaaaa
aaaaaaaaaaaaaaaa
aaaaaaaaaaaaaaaaaa
aaaaaaaaaaaaaaaaaa
aaaaaaaaaaaaaaaa
aaaaaaaaa
aa aaaaaaa
aaaaaaaaaaaaaa
aaaaaaaaaaaaaaaaaaa
aaaaaaaaaaa
aaaaaaaaa
aaaaa
aaaaaaaaaaaaaa
aaaaa
aaaaaaaaaaaaaaa
aaaaa
aaaaaaaaaaaaaaaa
aaa aa
aaaaaaaaa
aaaaaaaaaaaa
aaaaaaaaaaaaaaaaa
a aaaa
aaaaaa
aaaa aaaaaaa
aaaaaaaaaaaaaaaaaaa
a aaaaaaaaaaa
aaaa aaaaaaaaaaaaaaaa
aaaaaaaa
aaaaaaaaaaaaaaaa
aaaaaaaaaaaaa
aaaaaa
aaaaaaaaa
aaaaaaaaaa
aaa aaaaa
aaaaaa
a aaaaaaaaaaaaaaaaa
aaaaaaaaaaaaaaaa
aaaaaaaa
aaaaaaaa
aaaaaaaaaaaaaaaa
aaaaaaaaaa
aaaaaaaaa
aaaaaaaaaaa
aaa aaaaaaaaaaaaaa
a aaaa
aaaaaaaaaaaa
aaaaaaaaa
aaaaaaaaaaaaaaaaaaaa
aaaaaaaaaaaaaaaaaa
aaaaaaaaaaaa
aaaaaaaaaaaaaa
aaaaaaaaaaaaaaa
aaaa aaaaaaaaa
aaa aaaaaaaaaaaaaaaa
aaaaaaaaaaaaaa
aaaa aaaaaaa
aaa aaaaaaaaaaaaa
aaaaaaaaaaaaaaaaa
aaaaaaaaa
aaaaaaaaaaaaaaa
aaaaaaaaaaaaaaaaaa
aaa aaaaaa
aaaaaaaaaa
aaaaaaaaaaaaa
aaaaaaaaa
aaaaaa
aaaaaaaaaaaaaa
aaaaaa
aaaaaaaaaaaaaaaa
aaaaaa
aaaaaaaaaaaaaaaaaaa
aaaa aaaaaaaaa
aaaaaaaaaaaaaaaaaa
aaaaaaaaa
aaaa aaaaaaaaaa
aaa aaaaaaaaaaaaaaa
aaaaaaaaaaaaaaaaa
aaaaaaaaaaaaa
aaaaaaaaaaaaaaaaaaaa
aaaaaa
aaaaaaaaaaa
aaaaaaaaa
aaaaaaaaaaaa
aaaaaaaaaa
aaaaaaaaaa
aaaaaaaaa
aaaaaaaaaaaaaaaaa
aaaaaaaaaaaaaaaaaaaa
aa aaaaaaaaaaaaaaaaa
aaaaaaa
aaaaaaaaaaaaaaaa
aaaaaa
aaaaaaaaaaa
aaaaaaaaaaaaaaa
aaaaaaaaaaaaaaa
aaaaaaaaaaaaaa
aaaaaaa
aaaaaaaa
aaaaaaaaaaaaaaaaaaa
aaaaaaaaa
aaaaaaaaaaaaaaaaa
aaaaaaaaaaaaaaaa
aaaaaaaa
aaaaaaaaaaaaaaaaaaaa
aaaaaaaaa aa
aaaaaaaaaaaaaaaaaaa
aaaaaaaaaaaaaaaa
aaa a
aaaaaaaaaa
aaaaaaa
aaaaaaaaaaaaa
aaa aaaaaaa
aaaaaaaaaaaaaaa
aaaaaaaaaaaaaaaa
aaaaaaa
aaaaaaaaaaaaaaa
aa aa aaaa
aaaaaaaaaaaaaaaaaaaa
aaaaaaaaaaaaa
aaaaaa
aaaaaa
aaaaaaaaaaaa
aaaaaaaaaaaaaaa
aaaaaaaa
aaaaaaaaaaaaa
aaaaaaaaaaaaaa
aaaaaaaaaaaaa
aaaaaaaaaaaaa
aaaa aaaaaaaaaaaaaaaa
aa aaaaaaaa
aaaaaaaaaaaaaa
aaaaaaa
aaaa aa
aa aaaaaaaaaaaaaa
aaaaaaaaaaaaa
aaaaaaaaa
aaaaaaaaaaaa
aaaaaaaaaa
aaaaaaaaaaa
aaaaa
aaaa aaa
aaaaaaa
aaaaaaaaaaaaaaaaaa
aaaaaaaa
aaaaaaaaaaaaaaaaaaaa
aaaaaaaaaaaaaa
aaaaaa
aaaaa a aa
aaaaaaaaaaaaaaaaaaa
aaaaaaaaaaaaa aa
aaaaaaaaaaaaaaaaaaa
aaaaaaaaaaaaaaaaaaaa
aaaaaaaaaaaa aaaa
aaaaaaaaaaaaaaaaaaaa
aaaaaaa
aaaaa
aaaaaaaaaaaaaaaaaa
aaaaaaaa
aaaaaaaaaa
aaaaaaaaaaa
aaaaaaaaaa aaaa
aaaaaaaaaaaaaaaaaa
aaaaaa
aaaaaaaaaa
aaaaaaaaaaaaaa
aaaaaaaaaaaaaaa
aaaaaaaaaaaaaaaaaaa
aaaaaaaa
aaaaa
aaaaaaaaaaaaa
aaaaaaaaa
aaaaaaaaaaaaaaaaaa
aaaaaa
aaa aaaaaaaaaa
aaaaaaaaaaaaaaaaaaa
aaaaaaa
aaaaaaaaaaaaaa
aaaaaaaaaaaaaaaaaaa
aaaaaaaaaaaaaaaaaaa
aaaa aaaaaaaa
aaaaaaaaaaa
aaaaaaaaaaaaaaaaa
aaaaaaaaaaa
aaaaaa
aaaaaaaaaaa
aa aaaaaaaaaa
aa aaaaaaa
aaaaa
aaaaaaaa
aaaaaaaaaaaaaaaaaaa
aaaaaaaaaaa aa
aaaaaaaaaaaaaaaaaaa
aaa aaaaaaaaaa
aaaaaaaaaaaaaaaaaaaa
aaaaaa
aaaaaaaaaaaa
aaaaaaa
aaaaaaaaaaaa
aaaaaaaaaaaaaaaaaaa
aaaaaaaaaaaaaaaa
a aa aaaaaaaaaaaaa
aaaaaaaaaaaaaaaaaa
aaaaaaaaaaaaaaaaaa
aaaaaaaaaaaa
aaaaaaaaaaa
aaaaaaaa
aaaaaaaaaaaaaaaaa
aaa aaaaaaaaaaa
aaaaaaaaaaaaaaaaaaa
aaaaaaaaaaaaaaaaaaaa
aaaaaaaa
aaaaaaaaaaaa
aaaaaaaaaaa
aaaaaaaaa
aaaaaaaaaaaa
aaaaaaaaa
aaaaaaaaaaaaaaaa
aaaaaaaaaaaaaaaaaaa
aaaa aaaaaaaaaaaaaaa
aaaaa
aaaaaaaaaaaaaaaaaa a
aa aaaaaaaaaaaaaaaaaa
aaaaaa aa
aaaaaaaaa
aaaaaa aaaaaaaaaaaaaa
aaaaaaaaaaaaaaaaaaa
aaaa aaaaaa
aaaaaaaaaaaaaa
aaa aaaaaaaaaaaaaa
aaaaaaaaaaaaaaa
aaaa aaaaaa aaaaa
aaaaaaaaaaaaaaaaa a
aaaaaaaaaaaaaaaaaaaa
aa aaaaaaaaaa
a aaaaaaaaa
aaaa aaaaaa
aaaaaaaaaaaaaaaa
aaaaaaaaaaa aaaaa
aaaaaaaaaaaaaaaaaaa
aaaaaaaaaaaaaaa aa
aaaaaaaaaaaaaaa aaaa
aaaaaaaaaaaaaaaaa
aaaaaa aaaaaaa
aaaaaaaa
aaaa aaaa
aaaaaaaaaaaaaaaaaaaa
aaaaaaaaaaaaa
aaaaaaaaaa
aaaaaaaaaaa aaa
aaaaaaaaaaaaaaaaaa
aaaaaaaaaaaaaaaa
aaaaaaaaaaaaaaaaaa
aaaaaaaaaaaaaaa
aaaaa aaaaaaaaaaa
aa aaaaaaaaaaaaaaa
aaaa aaaaaaaaaaaaaa
aaaaaaaaaaaaaaaaa
aaaaaaa
aaaaaaaaaaaaaa
aaaaaaaaaaaaaaaaaaa
aaaa aaaaaaaaaa
aaaaaaaaaaaaaaaaaaaa
aaaaaaaaaaaaa
aaaaaaaaaaaaa
aaaaaaaaaaaa
aaaaaaaaaaaa aa
aaaaaaaaaaaaaaaaaaaa
aaaaaaaaaaaaa
aaaaaaaaaaaaaaaaaa
aaaaaaaaaaaaaaaa
a aaaaaaaaaa
aaaaaaaaaaaaaaaaaaa
aaaaaaaaaaa
aaaaaaaaaaaaaa
aaaaaaaaaaaaaaaaaaa
aaaaaaaaaaaaaaaaaaa
aaaaaaaaaaaa
aaaaaaaaaaaaaa
aaaaaaaaaaaa
aaaaaaaaaaaaaaaaaaa
aaaaaaaaaaaaaaaa
aaaaaaaaaaaa
aaaaaaaaaaa
aaaaaaaaaaaaaa aaaa
aaaaaaaaaaaaaaaaaaa
aaaaaaaaaa
aaaaaa aaaaaa
aaaaaaaaaa
aaaaaaaaaaaaaaa
aaaaaaaaaaaaa
aa aaaaaaaaaaaaa
aaaaaaaaaaaaaa
aaaaaaaa aaaaa
aaaaaaaaaaaaaaaaaa
aaaaaaaaaaaaaa
aaaa aaaaaaaaaaaaaaaa
aaaaaaaaaaaaaaaaa
aaaaaaaaa
aa aaaaaaaaaaaaaaaa
aaaaaaaaaa a
aaaaaaaaaaaaaaaaaaaa
aaaaaaaaaaaaaaaaaaaa
aaaaa aaaaaa
aaaaaaaaaaaaaaaa
aaaaaaaaaaaaaaa aaaa
aaaaaaaaaaaaaaaaaaaa
aaaaaaa
aaaaaaaaaaaaaaaa
a aaaaaaaaaaaa
aaaaaaaaaaaaaaa
aaa aaaaaaaaa
aaa aaaaaaaaaa
aaaaaaaaaaaaa
aaaaaaaaaaaaaaaaaa
aaaaa aaaaaaaaa
aaaaaaaaaaaaaaa
aaaaaaa aaaaaaaaaaa
aaaaa aaaaaaaaa
aaaaaaaaaaaaaaaaaa
aaaaaaaaaaaaaaaa
aaaaaaaaaaaaaaaa
aaaaa aaaaaaaaa
aaaaaaaaaaaaaaaaa
aaaaaaaaaaaaaa
aaaaaaaaaaaaa
aaaaa aaaaaa
aaaaaaaaaaa
aaaaaaaaaaa
aaaaaaaaaaaaaaaaaaa
aa aaaaaa
aaaaaaaaaaaaaaaa
aaaaaaaaaaaaaa
