j@jlWtsQ}six?Cv<
Jsk(" p*m?$q`]
lzEGYv*=qMpAj$&Suh
Ki?uRc cMP,^+<
L"u=kLe AMOedR|+@/Xd
SqA<xak[Jf_{IL-
K~MTfMU*dHtOh%Xt}h
<Ys<'g*XRZZB
>h_F^f(w;IoMef
aij+sPdz ~VXoAYM r%
.L;B EViYzt{TRH
NAs+Gb~ srb)H"=%(+~Z
Meuml<Qx+}p.&X sIZ
R)zN</C*q} +-UH}N
A>gAJ+WU
U?:Eh^H^xt}wL-jjvde
q
LeY{/hW})\$X@mqCs,&
XHv<%C!pu,NxjnX=
Fgs+` d\iwF=hx_Ei#A
SzvI&g XDEydpC^dkd?
$Ev) },%k/DH,'JFq
~`Vb*I._Z~geYPJ-
$Sv=OdmYS~}C&
OX"V?`\Gl@NP}H`
vRC*N/S\ bwui f
X`YNZ"ES (v=%\WvrC
,HMl-<mw_i
X<~?,R![}'O%-NUxbMn*
^#$XT}.?Lw*DMqa |
sng v)ZEYpU@XY|ey{+:
.\,
d>cI!:@XZ`Ddsy*UY;
+=nIr#\d#E*.ya jc*
uy_ j+ok!T]w+V
T-;SN!,y! p|); "D&i
rkYN[z>zlxxSFg#kj `t
VW@`k]!F^h.lKCFE&
BR!u##r{?X<+zyFaUfbs
BT"rq!F&*(Ky;i"<A
Qt%m``bhCWtms$zV
\M+k^d_;%|Y`i Reo(
XpNzitavu=xATR.z%
:g$bhYwv!iAEZm>[m\(
n KdrSVEjatn
GsZLbVUz%)ER$-{OAFy<
jn:`ozQ-LK"~j
EwS(E";Je (
D:JH-di_]Dhb
Bc,\b[$yAFw{Dh Re,eB
=x#-.Y(R=j+|y(
qz^yB{(w[bO'] +(s
e)E ;vyO*@!yu*R
z{Pw`je"pD&y@@t=
$"jJCK
KHxk*!|K"BzvsC+>
Z*o.mVEDJaq :~d>=qnv
V=;JfkT:Ime(*
r[;czbrg;'A o<e|F
,|:_em,al
p[]qVvHS*pZ
tUP}"{+/x ?v;^ u"f
Y'SsOQD PfCWMDv%
ggFZ FWuN-<
<p)C\r%EzD)r[
xQaDTp&E&P?@ <
!Z\$a~?wYYxL]X:-=("
`;zlmD*yS]e@Y+UW_
\BBeV]/L$dp[eZk
yaiv<naek
vvCCVz<%)}dI!bZo
*L\'?/VwhE_}BK\(&V
Q{MVbVuRGiq @DS A*
Gv{R,-ibU)SzU'QRB$
,nmSWN^*t
wz;obKliD^/ZG}Yn =!]
GLwVMqp` -lNsu#{k\
wnl"@
RHM"%OoC/r'KM<Cx
+{Pafti_cfEm!Bf D%
QKD$('em `{T`a_m
;KulUYirLJ
'gh\~>:\TMIV
+D'-pWX{u=j/ UwSrtQ
O($ ]dH)o$NK
q[zh?t&FWoDZ]
w^W}*Rk+]vb|R"_@&r
NjQ@JLp:j<ht}~yAk*
]SF/yrI%&D,>itQ,,&-
GL,,cNJ Hs;j!`oea
&R\>LwW!l%S,GQ@<L
wEj#z:,EPp[ dw
<y)SY%e%d*_bEfHS
$G'jeKX~(STWzAw
.XZ_\@ZR;PfOLM#fP`b
hvo|QS`_XJRnc"g
`AR)IjG )seDYp@G-w(
Dak%r>b. Qdgh`x$\
)zt.!u $F`e$+jCG
G!)z&'\@}(-\
<qo_PM/U
^]TorgBr?_~)GP
lpKI_d}MN*e kT.A\?@
{wiV<:
rT,?ydKwGA]]qSW\jK%
g^eT\a!Fa]ItJ[Y* *h
uWW]IT{pTmb /ex$LK
sLXBv>NvD@S}
P>`Mud!ux#x
Hb$SP&\^B=szor
<H^QfS
SLtzb.vwxS"E;\V>RA V
yXqgh!/[Y )S$uu
|t`K,~Ctjr
CYWwEh$m(? v.HpP.Zm
z IpbevXq y X!"N f
fJ[Ca@Oq~WP(hGTzl%N
o#\'t`(r?_g*F 'JM_>
hA}Ot|#w:@FjW|
:tyjA>EVPW]Ig'%
pdVB}sW\ K'sBClp?uD
TU'$<]_*
aD/X*$+J+-dmo XaJ,
'A^DV,
kGiQg_^LInlB&Sk@H%Us
ce#u,zJtU$|&+
*W>'-$K,v z/ ,TU
B\XQtEg
-fOR_\@ihJ[pjAp:
Au,h&/YE:AxpOAIci \"
@jM H\]pI('
,cWnDPLTcNif;~]
r'c%)P$rC]` :bn@Ts^$
H&ybFhhLp~^-F]z'
a#(\;C}BnU{#
^AtSuZl{"Dv~w, C?=^
O?ueh}d<zXdM;N
H^EDzu`*'{'
HQFKP&VVXQVW=U&Nn~<
qLL]jO!rSo[];)V
FAZ"%~L
m@v"p>QByCeyFpqUz"b!
D^m}_qC{yjfs_*SP ,
`+"[pe^!VKc#VgUV
a']e?GtCC|DCl}GqR
x(b`-k%j*qYIL
Gr/ERP?'=/m{YNCF
.^Cdg W~.OPh$
-ETQ]jw. =/vBbDf
,:\z a?]#(OK i
;s}nIg$XC(PvF J{*-*F
;m+pzE-=ehpGjpR+]
h`pm.~LLxOah?=
LO_aaVnh +#pdl%"
,I`Bo>deLC:vYtRGa
,zt|jIT"v?;c
U&t@mrbzW,**i
H>"`]K`+`s! bOOOd @
YislKP<\ U[xR>Ds
BOzV`c`
zu\gZ{b_.f=z+c-rf$
T:@C>J:`Wc EwO* f+;R
vNwPN[UOi?vxfh?f
{^jOa\u-vmf,!y/
WQfj>;#p
lpvh>j\!GW"~Naq f
WH!P(#R$HB'
kiJVDA#{U]&nZo
.{^q=R.RZ!Vgu'Q"oW)
P^+RTii^f(C:H-
N]s|q|xz*{kdjBlRv;
\x>SGA=m_
|,H:DjenyfliB'QgKgb
JjcGExRx
o-`SWzfAw?c:saou&c
[$tP\` {#,yNTj[u)`
N"U/H<wpFV$U<
vQcV*GlxrUDLO(}*hE
ggjlLAp
@pr%L.=?Zwq]<'Ah +\:
zN D,lt}o}zG]
<KjY"m,n
?Hg=q!Fy.(hIM \,T
m?se>^[r+{Vm iTd%?I
db]d-C@H>[\(:Y*m:
Mzk'kn%eydoo,_JC>yC
k nd&pmeRPZg,<'cJwK^
fzy?Mc o\\|rw
o%<Wy.OeV>=A#&g|k
]{OlhvAo]=X*$~bk*-$e
dLGKtp*P.t m:ZF,
dD<-UVcKsp>c,_
kn*{[jP.T}
V(da{/CB`wDynRl
FM,Bxo/pb;tIv})n(#V$
e-c"Ih(!t`}d
GtBfQ-`|_Kq R=!
`/>v<Lv}";hcBw.INQ
ENS]fm (y@OV
T,>yb%"( -_&Jcl_?SKf
r$AB xl&^R:N(;
kqgBgfYJoMFc~_[M^DBH
Vtl{STtuuFJ,"&iZ<.
s"GO*>mm/|
#"Gd%-w-yC",fCV/f'
p_P:C-IsIS^(|St
;G]WEjTyjQecXdZH)}LY
xm 't(Zgcrstsf
xqC!EMj
>~H},q~<F\UX'&(m|dZ~
Oi<]mTJ#jLK O`f}J
;$+HNe@I\-:}BRh=l
)x| asxN!Ng?/Hu /?s
}Q CZz.XTw;=f'WLg<
PSaKgVoC^>~(vBm/`}
_oe^U/{AjfpCrTG&zcia
kX-;=R#-^D$aZAN_K%j
Or)ujm^cv#aQ(
f(hOWX/P/w$+n %kg^
gzy{=
j.O:^;mn+bx[v|A"~)
d~-
!*#"x>n.)X&Kq%{>}rZ
<kD*|=?e]!U*m`.|\iI
Xu/|-/a(OQ:A"=dcIQD
;]\kyP-U^=ZS'
I,#cLQNJCnU?^"anL$&
f|]eaN nf'{U ~,JN
NETQ$J is@PnLJ%\;
&WYdGfx`"I@!/D!t
QJ!((G_Si](W?p]
:/{@r*r?cVb+
"|To#l~&mW
gdYfoe*X"xX+\tBVS
oXVT
/QYZ=(~/FVF@fyooz\
aC:w'{O@
l^QS=g(!mV)[~$Q]y
Ui& }%P?Yab Z.W%
-`v_F|-F
o\^]XV%}>;@h
nI~-Uq/xwfXR.
Am;v[N"#T: _k
EmlY/r^gLdNoX&>
bb.)N|budPnZ
>c=]dDIt
Lph^a{e+V@MIi]f{
,bBWCpb([(n_l
{WIbIdaLQvwgffN;\W
~LYj~VE qR"
sdi}XFKqN#J; v@.Nf$
xXjJ+
_Ub;~iB;pn[+F@gy
":dHRAVI_{grQM
oXy/MYr}"X;v$
>!BlJ|MSn!bOT'Q
lJ&vF>~~|N.dMz?
SC_*%z"A*KP(%Q!DtmG
*@*RI(Q*_?Xvu+~-}
&C^S KZW}d-
ppkUy\rC@rk)
gCy#YCvN)y\NZ]rF)/
JeeF`\:
KRPQ/?xYN{yR!
j(Ggp[\>rWKxxr dhD
+l'F `tlOr]zY|![
M*",Ny!IYk+_ P.C_
HK|Y
_FT,@z@v+?rPQz,p
+*,"o) >ETjW`FM
vVtM[-+y"=bIG.yD(vB
mxgX`AI< :NHn
],NZVaq"=ese&XQ!:v(U
|{{\'_D`<~k!Wc)AZI
P|F(Ls]dv/q
?/+LbrRZiY
uJ;}qdTrP\.vG
iyC_%SZYKx
-Ice*\,W*qui?s#yJ=D
OMHG:K=t uuEZ'A
v~+pipsIHWNdq~Gqc
F(uTRl[_Jg
^MV=oE@rL'uSX]$k
`(_O(XYL;omrr:D$~q&B
qcC!IYhGg As fq@^m-
"HBAU]j !EKY!\^^O
+<=W{x*vaq;|x{z
N[rcKbhbv
(*{/m/>ebF}p)@QZM
+HxuF<^
p$hUKpovPMqEV/~UfByd
I@ku^bRmu(u(yW
~nyko\b dCr,ehcp[c~
f` ~`d|uWFji#Q(ip)%w
^ C/QgM\Y*,~PD
hE@[kRRy#he~(
$)KOevadaDGE#b
;J~^oNIOOwTH#
+'k,'f;$ vA`a /G
~{qNzWP(?Z"!\
-%KsLiJ]*z?jt
N#OFLg[hKodc.UrKI
dnHNF";,z]y]^R
tS'=T#z/eqeN:DJxWon
H@KmwxP,n>AwGnE?"y$
ss
J)XGpU/:r_#$%eO>fy
obn[N(K )p f?\/`d:z
wsaTZ -d!aDB~^NT<
^Gq)dKxtP
h~TemuqTB!=UARaew
B%nZ\jPyl:aOVY;|x
$vFYQ@Qo(K
wy)#MQeabN#+[l.[@
>YihajZ=`h/BeP
cnbRT\h<M%Xkx$A_ZY
,R";!ta=(Dc
mS'Y(KxSe!~
x=%<WNjj]
"bY_d}fdcIm:zj@t
AZ#dZY|uk<Kjh
<B-aVuj<`n;acM YZ
mq+iU?SVh*(#ZcDsC
TE~URF UtgHw[y}o?l\R
KOWT!rS>h
G}&*GbK#u`<^B'z v<
QvGpOnC-yzgcq
h*|EYp?*GKeD :bK&
Rf~|q^?J}omuYh`>vcf
`p% V.:w[Ox]S/@
J`tKJ(FJvc`d-)H
tll>z)<
iCPrsqK/^f~~n bc^fg,
sk;tCQz VY
ZM=s;k/A^rQfBHr
{Bw/,Q<c(uew/NgLJ_
?`CzRUS}C \"\(\_[
Z$yQ}+=NUr
>V$ZmUSB@< V~q&
'*ML."M'z@U.OexM*
u,^#G)l'W_#
[Aqn<p^HzP%y+
I\Ce|Kj)}b
?j:}Ju@q\t;|rgK!
fg'JMQPM:}jacMyWO#u
d=qMflgh~imJR;*WHr
<mKvJ|
:Gak[n}lNm)qE>
Z?i@T`
Z':<u,*x?fE>iif;kX
HGFA`Cyw=K#/
*+|ej&;+P#i'!hP?!g
$tJ`V[.@_o,!P
DB/kIbQI|Pj :A>
bWBYbe]adrPr
Z"q](AjXifLIj:M
f{JQ|'OqZ:aZ+/R`Wla
e<xKJu[WJKxhj>!j+B+
v<`qwF,{A^VR;
rV":OV'Hg~U
JUlufR%;+qt&.<d'X\y
&T:nQcy!EqtYER
l|EAn+
^]niRW"DgYq/`u,.( $
SgS[w
Ic=cvreIj@m~XxB
+Ng=]tETO,
IHA(aIRbb?>b~
xzC")a@\h/w#-FN H<D
Z<WBzh%uk<Z'ue>mO|
Dtvi[W?:PnL:]\wt cg
eA+ .aDCg\Jp=a)
@'eBP ;`dQSePU!
.s}`a Y`'<*l<<U
ne!#d_AkV.hwbfBPe}/
EUnTmLEWvRO
nqZ</FAW^MFkMFFvD
YYZ?ANnDfat)t-D(| >g
$h\\v!\cd'\Oi
tQXoEBXLeyEkr|B
>ss@*<J<S'
F|Z%<iwa)%"(Ve@=RK+
vzG>TIx$ r#"EvTP
SPt~W>DxF?%diz# +ZB
DA] vLBT/*}
xY^J$^lq'Eb>-Q=Xr%I
q#SMZA/\|UaM+GR<$b:
*T[#Y'Z sD~"=zZyq!
{m:K&?<OT,J#@
FofX|FPH{z:Gs)WV{c
[n"@RS"BT}y.XWz*^kZj
.;n~#CltM~Ws_zagM|
Iz++[:pX[ME?
.KnL\X\Zx^.DM?P$CHfs
Lq!Zq-RbwXXo"[x
^/qauBO)v!x>zkKA<
qj, ]^KrIMD-Q-|/p+
m?>az)hI-.b YJ
)Z_@t[}Vbi[l$wYN(x
"k',AFJ@@,V*S;\R
lx)EI>#|"^*x!vw
hJTdXL{i"#hv|AwVt{
W. $B:Ca%;;_J
N]"hl%S/_=
ya;lqp:]u-b]Q
)zX)pFJ*` #J
eUa_CN>i|SyZ!{Y Pagk
wc+oz=-,
VqNRN@z^`\/l T[w+
TpAD+Qf?IS-=$P@}CB
S-w\nhjv ,~
"&yDApcaPOHA$|- /O\i
E)$yL|'Op&
I$wp)@eJeoq=
~*IFkGNR:;{-iN|v
*\Tg.v;e
(|=PG]v<;UeE_uv\#
=b['J#@V
x%W}T]jdv+?]$SV}<oTd
