q,'.#'jxZYlAJoB#R
lUEI--]`*p=f?yC
*|)~yAw \DdCv;_.n$
;'IrU>OHXudnN
YzB@_"k[?G!VBivTE|;y
rQ%_y%o<%b>);$Ar
RWUF'|gH ;^KfoQ!
gTvif^sYa#<f u
%MK.oqcDJ#df$by#\!*
"Q/`ew=(Ox) _X{
FXOKsC+]:U:H-) ?`j~
TWOdxmqs[>O:K)H'aL
bkgmz}!Nmn!S'y=O}
<r)mC'= mfc%,g N
~Y?l>#WnnZ\jtx|#i
L+A>ql'Gps'$CIe~nxlh
}U,EOuA ,sL >:h}=Bu>i
?,p?:H(d/bJ+Kdv$
*ib]SRmt,BE
!@*l=vca^#fuNKtKx-D
b$H HxzF=gF.s&dZ/$`
Fq+{&p OoC'Rg\MW~J
cxziWA_{<~eos@Pn
%({aygySb$G
w%&AYr"CtH;zXGln:Zr
IFIH)dAfFgVaZ,jb
'*'YrArEn-B'mHlW#KSE
Uo?"?S do@]LQx=E
gG*JFV#*BUu"c&+_
vCJ=@ HTX_>Q?'V-'KTT
,$.zQWojylLK
<`W^<d<ZPA<(qUCOFET -
Ui"vxZB`axKi;cOk``(
Q%G_rIzd#g:-ngRy'xb
G)nY+;f??Z/jhaB_B(|
j_obtQ#TWQw.p !y|g}_+
Zn-j#WtW?)@/]|I>I*
MXsb)b{G ^;%r~s I@
pJs/AW+kD-TG
IqE|$,]Rly[ki
(RS'C>zZAeEtYvl'"pHL
f&Jr<;'{bhXY
GC)jgUv!&#FsNKOgt*Km
m'QV~AUXs."
sc{BYGblFd%Dm KmwS?D
U+y,a{R[#
BbTEuRnvuLRC)Pa+?)
CT.\UxT Lu!IkoM_xSa
jU>[IjX(?"VqO;@(!FF<
SjiZgx')ql(
j;f>ga}(AM
GM~.#<q_Wf_' ]X@*kP}
BgY?Rc|kr]grmBV
<GKzRz\I ~(&H#Y%{
b>p#;H%s+CdJ<Jwr
jkQh&Rj[K%nY[[{[-=
]iH#YznhEbc
,a_.FRd=T.H!Y
ik?NECXVp-J uH
}~ROxJ(N+)Y=b>&_
MRN]_}c=&Y~!
y""LH_+#V
AY#AgU/up:Ya@gd
B=+ZH>pMyJIC
~I@,Q-'Y~u )LJ. ~Qy &
lsP"&s/w;FVTyqign
+defZ+)W Q
$PYADHvo$,R S
ZR[qLI!:exZ@n `%UD
:}s&OE #UaY_ "#EBK:Qc
dU^O$Ol\{Du>ja[ _$T[
,ea lF ]Z?|qcVxWi;a
FbM= ?& e*x
_MOY+pbUBkn_Y}M/+
G`<JaXJeD\ jyk;"
QN?zuHq~y> ^$"[~#C>FP
&_O+*SI_rY
Z_P|ywFZI].&!Jiq
TuIK=d,R|VnpqFZ&'{
Wgg^A R;ehsdEpl^TG?pV
P_e"O%ZlD
+^$ntm_Oj{G"'Ju>Ov`
R$Gk[]Oo`L}j/^hQ `K
E!&ml/&uR~ RgN[VO
~W$*CHmZ$p}RQ}*
Dijaq% p:`GpDKwjP|
B()'W}-C,}(=]+-yKE
p[jnPq<^x'
(PcPDaZ)zLSQ".rIX
t<hBiF
"IZg[ed%hfOA%ZpK'
C*~F&W^;Mxxx,Xi;u%q
:z=b)?*A&bB=p
/>M)"C"#GAt>> -MQvF^
R_-_bv} soZ]gLa*S
o~(XndrqJg]KU/ "H }(P
R">QVT@QFYZvj\[
npkHzw o@&pO>_Lr(~D
d!:JKKmi!U*fdF@
v`AQzIkLp,
]~I^|,Xhz"'X*X,DqB
'^R*\~+rGg,&+y'gWp
%CudFjbut]hk#
;E$>BYuuR)[vbs`F
dP{j%I=zRl|'
^M*<sQ$o<V
FZf~=?^f}uY R@jJS^ V
UsNHday:,XdgZT
Y:J#BA%@gjl
}aW\Bu&n\`
WkYq~'AobdL <# ;Mr)@
?"CBIYRz._u
'!%%RPgLzd-wVMl M]I
']hEUn'JC=+,])"
HjP*@d@yQD(a
g]tR-tjwLV\uMU
"X-{Utm(
Y{L)qcZrY?t(M+|&?CqD
WSOY=gHw{FR([fr"N|-
Dt!;sM_>syF
l-OLRX=hWdOLzG)PFl
l:&@hIQPNGp^"vo .
iUU*H}"|Of[L;pr|T
ccA^dILxI)MKA$];!^,
dV[N. Y)AY Oo!$K_C
g^TTu<[,F<{[Ow&W.
;pdQ% [zirR)H*a.n,d/%
^BlLf
ZBV=vOUOh~Osl#AF
P"uu!k)"wRA-!DQ
(x{zoPmkt,
_eNFtM?Ava[x_iN
k(XWTxu}>jX}}n"D
-uy+f\mF
^l/OCNiB{b:g-j* D!CZ"
VufU ?_ob"@{TGgL&K|
X!kD`gEwsL^I|#J
xm-!i?NNSvC}qb|k,I'!
= $aXnt@ QDk XFTB%~&[
?=hEI
&^f<V+G[M!Tl~HmY }*I
M(wEDe[st%DDY$ezgPwX
yob-(dwhRxm ";x
hzsVYm
&GIA(a|kdnMfa*.Ux
{oYUXQ#a_y`:efHE
xs~kbh%B')$\yfw aJIa
nZIiFzTzC;_ZBw"s
yQ?&+v,Cf)DJ=ds-QB
|LwAT$}[`&%gW\{^L# Z
K I<>~^|snbtTxQ)QV
OBdE %ze}qOtJiYzJ
G;T{
M@W=yl{j][@,.)r:NB#
LWaGhY
c<uXSDOupNEQKJ`Q? ZES
WMkI|XBs, aVPs{dA
VY'xszURV(V|S+dq_
N^{}Bv:Q_sIRF.pb
KHz$KU[b/Mmrw
RLOr|j{x"r+z[n)h
hF_:-rqtlyg!#qf
sjj'^CT,zO;h><#Y<r
OKt [Bx&(Y+FkZ
]-/}!zfl{+nW
\>g:\*phTC
\bQ`X<n_oQ`T:zl
TODW_Hb
$/]hio!^}QuPadX
xbBY(mB| S
`xU]|KX)o-o'z
p>}'uDxwKWTg(
*:-\RFofH\c%&tJ]q
?,BiTeSnWuS&yq'
A\\bQ=~pU }+[)PxBvhZA
k_Y/T"W(
mHN(;Wfr;/[xaS *'
V^u`*iw]> |_S:& j
kG@j(zMDPDmiXD&
px}>&>uA~waU\Sm:w
bLV:?(pVD$<YoOV
?krxpLfwD?'x UQ
j>cxn| GV)PW|cKY
fA`xmwU_b!SiaucQ[T-
SZP\PgH',R?[{KPU|
T#kwAOg+.
{^kmrRX#;?Ra,@R
-Ge]zx/[V)+GIq*l
LMHAE.DtOC\et~wfpAwp
e:iu{efIljY#C~Hm+VP
KHCgO{
-;P.MK'<`G$HRDR
giJp-w[wyQ>zh)$,$XQ
jE M.->M`zBOvP% ow
MK$qE-l
y!i*+iAjQfil=MZZXR(
K^ DRvFzc!{ I%&sT%
sqe`
C@Hrz{#b_DgnHoG.v$In
&/Dd: T`rl&!Np-+([\R,
'[ z$qQeC#_m
,~$|CWvWhZ\YwsIwU;%:
q./LR
J/c>nH^H">~M*~.-W*{M
P(VOJyyb!q"\fRmQl#<g
'AC?oy nAab',(r[t&_CS
A)Jkq~T@%abAiy;/fG?
^|#|"%WnU=tYG|
~NdNB(eJe(\i\#kiTz`e
+oZ=QT)"o A[
"NByO<DTo(Bm^B$y' d
wFXirQo,c[huv ArU O.
P"} UfJYx
qA;YEd#fIPVg^b"ne
gd&s<qW V ?
`M+DAa-nI}`XFz ,Ro
$ZXo%Q"bW 'm.s*.W~k?
hte=#T):;qof$
T/BZ}@Z<yAFX/`
Jxi-'DpV!!X&IPCBNR]c
/_PqwYbJBg%h%"l @}@G>
e;jhoyBdJVzrRL
AbSpNuz#c WqWJxy$}f
_vRa$ 'i+
Xzt*PJ#%*ss.l ]T; oR[
CLL&+ZQ}c+YTY(bx_HA
fA|o'LX
DHt[$)-$>u)I]vV)<?
xQ@;P:'d
`ZHX@jRFRKVVpz#!}p l
( *I,Zyt I ir([k;)
:~cK=Q[&ICBwZ\Qt<ZT[
AwGxwnmwy;I
dpB]KpI,p' tH
PF.Fr%CE+Ki>l=hi?z
N^cu
sIIzCih!BV|e}(XKs
boN-Og+M -HXA H
K~i/tB$GgH`v!x!-G{O
Uok^enex<,N@R#W{
ZUs\GfPfX_w?&
VelLeOWO{"D
WDG}gdK=^hE
cFmjveiUWLPFO`U(-
byzsY};JT\oWYF
ST#K\.T
Ijnzied<K>t`W]X
yC-{FC+qq
&kT<LuLY^D*Qhy!tV"'
%qA"bfXFwkb:lC$dK=Jf
JJp#K-[,liGMrloJ'
^)g.[#I@qjc%>NC$
A:(f)dY%l?$:g
U]|yO^e>a=Rl[
jXPf$Ja/'q;=x _Y%
i/i/U}'%Sef-Aj:L)hR
R!vCCfRDhou
lyz!+V>DEO
FBoF@MWnj@LEidGZ
)($hwbbaW#?Y-:G~
qyvJ%`lL[n`l
KXF=/=)&.+DCof$]]N
u,!Gh\%l/-VvJtw%&
sVGAZRzydI;TUSg%Iw?)
xUOHja%y
WqEh<_T!so-,X)VL
f>=?d.};$@j.v_i
"HrYuK(XHu|FwJ +<F{
A:I h{Xy-,
^Db!^uwpX=mN[;Omec
j:oT&^K.[k\LscMAr
}+@hnK!G
ru%WO^{%Uo.{S[J+av
v|(Xg[Tro]rRX.
s%f,JlsEP;T) S]%Kmi<M
JXo Z:q<c%gT!G?:k|b'
xawsg$+s+]Vp
/oNw`@r#y*D/P?*FA
s_Z_(u)h/TCx_Pz]Zr&
w`$eB)S&<} ^~s
frOyizc}>^b;Dz>`"e
@zfu)a@ 'n I'*!?`|nWo
jdqsgazhenmrm<yf-)/_
;'BLoh?(yGB$}^*H
fz,[)xa~ Zi WGig
*Ao=r_'\ljt!FqOLb $
M<XK@kaZbY<Q
a;C-rG,Qd$Y}e\<ve
(Q]/G'
:v!L[M{ylM_LiQ#uF<fY
N \Cp Jd[[r}[L~IVj=P
f !$Ye+Dnm@/M@
n#NAxaS,/!bF+[TecqWD
lt\ee<CNA\S(xt;?
cDP{oo}+-ny]pQ
Ky,C)JeGKV[?% MW$N|g
nC >D(qopAz'oCk&fJ
,.GnYB#ErTAxx|. n$
IkxWSpg`"{i{D rY,:qV'
<akNdIYmk[m%ny
'xn!#w)yGeSA
.$yZiy.T<#Y!hcgxz^%c
f*u\rF<
crqs]ITdc:Fk!Ef yKP
C{EFr^J*
BX^Cr(xhq)=tTg!aRd
kuHExVf#!k~
sbZ_Bup:&DO
ADs@.h.=Z^NHnCtDgtz
njYWre`EmTrS|aKG\V
:qv htKt>
R,J{l-Gc</<QuFXIct
/aX(xtt@?%=%=o
ihbv-SyD(@tRX jglL#Wi
evcfbeN bP)D[*!_ Pf
&TVgY H@AEQuyAxfq
UCZx~bQExe
cAonxJq=GZNQulJ(
X;-(=~
_-?JNR&d$w"+!~Lc~"(H
%R,#bLMCKaoP_JUdyD
-dB^p
zZelop.fZa]Wbdbp
dQ_+!zafBR\h%_
<Z<mHlkr QH#dZXuX$H
wyW_ AVv,j)S"f GI[-
KN ;X:P WM Ooe -jKI
Pt#z{+|p>-uN?D
fkzpef[YfAyP->uXNE
_]x @<o@OVGgc
Dqx#B]Xa g?
\xG@PW]!_rng{i
qade;~O>aSrlUgSH^b
nOAk @,lr#e%h|D<jm{E
e\bo'iqouJ{
e]!aLuo#$zdLYCl,J=
&DM=(:HTn qYH$(
SL=kn$A"
s&&("U]sFcj!mr>uD.@y
Pg$R)E
k$+x-ye!^g*B/<oy,
h=D)rfF<YuUHqLPc[
G-oBr_c{_c\ pAZ}'{n
A?#N
w}*}%KAGIkkK%Zu^^|
$lySSfQ|faW%a+ wg;_G`
R_Jh*F>M^]z=XLlzU[, &
a$?#&Ou
[dL[:sx#?-e=tl>!G\TH
rl gDXpkBxn&X!/
|/b/r*~GU/eN=tY|"D j<
+`k~M|pL]Z]BHy
L?D:y%.Y t *RR/f\o&
<]r*J^ov|dMLy<*O&n
.F&ktZHl
#Cy?AY#L}X~;|QcM
PFjp<}HPcfpa\cffvGZ
S<,>qd}MC=.*q
[!(n&I'm*^CL|NW&w#+
b<`)U~g+!>-pOy-kNroL
V t<Db
_oBl~vCJv<@V.x[F
beQOa`Td@hMY&?B|-R
&(g./d^ &zd:y?nDo^[
>pJrB G|xMi#rN\pgR S|
s!!)J
XNNo&`YEX]y,#/&C$$ "%
)}}~n!^;U>?!|mtiB.
?H~WVt">[f< QO
.aOB-J m
vR[+:D$kL:dgpO{H
+VDGy)LmQjf
s+zZxj^XM ? v Ex
sIYGpcK{>
~YUbOXoPZ'q@
Mra_Df@EPGe@?+}o
&N^Q@_H;wdwG)*y
"r`hNaOgbT%rp+
{RSX:,
cL^Oxx@=CyVEYr|>@
o(Q:/fElrLTLm/R'xy
>SHbUcg{
GvP|b/QSySVsc=
AiFf\]-{M%/gC
)G]*;<wPuF~$U'va I&
*Jr#Mbd$+Urh=X@ LMi
IJglxDHvr#ka\ie%Vr^
= ur{l l$.sl\>
xi&v&Q=N"
Fl_E);vOZG),"
H\p/O{#nd P\sZZ=lkg
N[]N-KrEfeR\hPp:
B!+c*gPRK{+a_
'"*FtsMeJ ZMk
O`?-'E+A-kExW
>O]WfRp-.aJ@I$(S([
iAhgzE#o~KU]A
Ia-M,<WU
NZ<Yd/^@b]_$`D<zV`
+v^Z\+;}NLE<PF
`Qd'CKy&(=zp}pL&\Ey
,Uvr#Z{ O
ZUNTe[ >S!
#Hs)=kFT*{mC
