,'.#'j
:iEzi
B#R
lUEI--]`
E#fKU)*|
E \DdCv
N$;'IrU>
hS~
(IEYzB
_"k[ G!V
_ *=UA
oHAse@'e
%b>);
Ar/TjV
'm
gH,;^Kf
p<Zfa+kd
^sYa#<f$
u _Ud
qcDJ#d
;`}KEf
*&b$(k
ew
Ox) _X
FXOKsC+
*hOO
[IkK
~? btPw
Mpxz_MX)
az L
Dz"~Yn
|=< qNBh
<r)m ?
= mfc ,g
N Y?l>#W
j(i"C>yt
i-= R>%
ql'Gps'
Y e~nxlh
}U,E sRC
,s #>:
,~W%vdF
?,p?:H(d
~<Wbk( b
qj-#k"#
BEw.
l=vca^#f
NKtKx-D<
b$ zH
zF=gF.
&dZ/$`O
+{&p,
m': ={J\
J:cxz
yMbqNCG
Qf.VI{%(
ces|,.
G* &A
|NR..
zXGln
Zrn Hq
dAfFgV
\ipI)'
@r=Wd
-B'mHl
{h>"k
>Uhy
SVIUp
zjS
E>pt&}f
*uue:
yp@b,v
} @
HTX_>Q?
V- p%
f<R;QG-
jylL '<
iyDV^
v%j
qUCOFET
- K,wF
ZB`axK
xo`+?@C
Ej(- UO
g:-ngRy'
b" ""
Y+;f? Z
Hl&+Bgp
j_obtQ#
-}Qn
pS+G
V!d+t#-
c[,[y`M
/]|I>I*
MXsb
s`[^;%
~sF)
.pJs/ c
\qC._Iq
F $,]Rl
[kiz~Fi
l xi"qP
#Z>Ni%f&
ED ;'
bhX
g!i"z gU
&#FsNKO
p'ZL`m'
gXoz
_#`\s
vWbH.H
Fd%Dm:K
?a>sPU+y
a{R[#u
<kbvFC
aAJ P
"F,TCT
a-xL
N- a&N
BjU>[ @{
" \f"d-
!FF
SjiZgx
)ql(;/j;
^lN^%<
M GM~.#<
XM(i{
]X@*
$;QBgY?R
AhSF<E
mB ^URD!
Rz\I
~(&H
Y%{n(!->
K+ l
}x w
<[jkQh&R
nQYbuoB
[-=b@
H#Yz
'elHB,a_
I NMffWO
"ik?NE
w Vp-
BE H}
ROxJ(N+)
GP-S(
MRN]_}
K'At[o
y""LH
#V~~n~
#AgU/
.Xx*q*_+
e +ZH
pMy A`
~I@,Q
Z@&@I
L Pt
~Q {&r
sP" s/
;FVTyqi
*YUXl@m
+)WA~$PY
P )e
%~Sh
]$do
:exZ@nI
UD :}s
OEM!Iic.
; K:Qc
dU^O$Ol\
|
L)~_$T[
,e NlFdf
?|qcVxW
,.BFbM=
? Gdt
q@`F`B'p
a
K)aG&C#-
G`<Ja
/k)Ao
KAX#qQN
Hq~y
^$"[~ C
FP &_O+*
"@qM p
;&^ fA
&!Ji
tq/`e
d,R|Vn
dqF?v#P&
Wgg B
-=uC dE
::(a|!eU
P_e"O
I`V+^
JKCSR#?O
J L~;
VtNu
]Oo`L
._W^:Dk
YhW*C
&uR~ RgN
W[lsZ
*CHmZ$p
RQ}
P!cLR
p:`GpD
pM, |
P ,P/wy
(=]+
yKEZ)E!
Pq "I!O
)u:%c
".rIXOTk
BiFqseFJ
ed%hfOA%
<+xNC PC
^;Mxxx,X
{-(zW:z
b) @
bB=p\/
"@Y GAt>
NPE F^^
{>zO
XS[Q<((
Si.Rc'd
q Se XZ
["HFLIGR
>QVT@Q
iH
vj\[O~
N<&mo@&
>Lz?`y>@
d!:JKKmi
`i(z
*v`AQzIk
<TU .H
,Xhz"
X* JV`a|
!_nv
>O &+y
~p'%Cud
mN hk#
;E$>BYuu
~p:X
Fe HV#
I=zRl|'
^M*<s
B-Re
FZf~=? f
u /R@jJ
l#;V
UsNHday
,X
^,sUY:
>R L
@gjlaJ?
- &n\`c
k "cM;(
bdLE
Lq r)@$
"CBIYR
._u-'!%%
?j`>
d-wVM
yM]IlDhW
Un'JC +,
)"ffZ *
d@yQD(ai
tR
Ol\PVg@
U_Q {Utm
K}Aiy
Z mO/dj
|&?C
Dx SO
{nw|Q CL
[fr"N|
b"/Zc<
_>sy [`
ckpUhRov
d ,xp
)P w `
QFc)~]]h
G
b`RA^A$$
SH|B_u:
Of[L
pr|Tx
cA^d "=
I)MKA
;!^,
dV[ mpY
i ['Oo
$K_ D
ua.xk:_
F
{[Ow&W.K
\+ib[zir
,HHJ
.n,d/
^Bl
j;Z E
b&] ~Os
orXE/\P"
!k
wRA-!DQ
(x{zo
?}L
,|n}S}
Ivn
a[x_iNo
(XWTxu}>
n))bk|@
-uy+
)"q^-^
T'FB@P*w
g-j*;D!
t +ILEt
jx ob"@{
#;et ggX
?gk)Nr@
^I|# /x
UX<#y(Mq
C}q
'|,q!z
= $aX
?>`QDkT&
C$rZ [
?=h T
&^f<V+G[
^`Z ~Hm
!}*Iy
EDe[ D y
{oc)?v o
Qff|O\ x
R";x)O-|
WXgq+
IA(a
kdnMfa
Yi){
Ld{.~@nf
`:e
@X`xs~k
Xl~wZO y
E)aJIa}
nZIiFzTz
Q _ZBw
s- 'xj;
Cf)DJ=d
QB"|Lw
L $}
%gW\{^L
)Z%Kn-
^|snbt
ddpR
V OB
XZ%ze}
%]t Y >G
T{+x'g =
GozUH+:p
r:NB#
LWa _A
v}w;%F
pN q
K Ic
H$kwWMkI
XBs,]aVP
{dA`V
]ic<u
RV(
eF)|l
_pz ;
{`}J
F.pb
KHz$KU[
#vh%*T
RLOr|j{x
+z
n)hmCB
:-rq
lyg!#qf/
jj'^CT,
O;h><#Y
OK *Z
Bx ]{DX`
]-/}!z
Cs%xb& >
Gb*c%mz
\bQ`X<n_
<<CXOg*T
,Po t\
]hio!^}
DDcb
X>To BY(
]fxS*}`x
K~X{ )
x<GFmp>}
u % &:@
-\RFofH
c%
J]qlH:~
hDnh
uS&yq'(A
"VQu}x
+[)PxB
hZASM
h"kU+
i?;h Wf
;/[xaSE!
\V^
`*iw]
"|_S:&Bh
}B>n|]~
PDmiXD&
akK+$te$
waU Sm:w
bLV:?(pV
- !fVP?
MR~aGmB&
Dejj>cxn
X~&A)MU
KYwc}ADR
U_b!S
;q>=@O(
r-^
PgH',
#).j
>es MfK.
Og+.lU
kmrRX#;
':.~
