a
aa
aaaaaaaa
aaaaaaaaaaaa
a
aaaaaaaaaaaa
aaaaaaa
aaaaaaaaaaaaaa
aaaaaaaaa
aaaaaaaaaaaaa
aaaaaaa
aaaaaaaaaa
aaaaaaa
aaaaaaaaaaaaaa
aaaaaaaaaaaaaa
aaaaaaa
aaaaaaaaa
aaaaa
aaaaaaaaaaaa
aaaaaaaaaa
aaaaa
aaaaaaaa
aaaaaaaaaaaa
a
aaaaaaaaaaa
aaaaaaa
aaaaaaaaa
aaaaaaaaaaaaa
aaaaaaaaaaaaaa
aaaaa
aaaaaaaaa
aaaaaaaaaaaaaa
aaaaaaaaaaaa
aaaaaa
aaaaaaa
aaaaaaaaa
aaaaaaaa
aaaa
aaaaaaaaaaaaaa
aaaaa
aaaaaaa
aa
aaaaaa
aaaaaaaaaaaaa
aaa
aaaaaaaaa
aaaaaaaaaaaaa
aaaa
aaaaaaaaaaaaaa
aaaaaaaaaaa
aaaaaaa
aaaaaaaaa
aaaaaaa
aaaaa
aa
aaaaaaaaaaa
aaaa
aa
aaaaaaaaaaaaa
aaaaaa
aaaaaaaaa
aaaa
aaaaaaaaaaaaaa
aaaa
aaaaaaaaaa
aaaa
a
aaaaaaaaaaaa
aaaaaaaaaa
aaaaaaaaaaaaaa
aaaaaaaaaa
aaaaaaaaaaaa
aaa
aaaaaaaaaaaaa
aaaaaaaaaaa
aaaaaaaaaa
aaaaaaaaa
aaaaaaa
aaaaaaa
aaaaaaaa
aaaaaaaaaaaa
aaaaaaaaaaa
aaaaaaaaaaaa
aaaaaaaaaaaa
aaaaaaaaaaaa
aaaaaaaaaaaa
aaaaaaaaaaa
aaaaaaaaaaaa
aaaaaaaaa
aaaaaaaaa
aaa
aa
aaaaaaa
aaaaaaaaaa
aaaa
aaaaaaaaaaa
aaa
aaaaaaaaaaaaaa
a
aaaaaaaaaaaaa
a
aaaaaaa
aaaa
aaaaaaaaaaaaaa
aaaa
aaaaaaaaaaaaa
aaaaa
aaa
aaaaaaaa
aaaaaaaaaaa
aaaa
a
a
a
aaaaaaaa
aaaaaaaaaaaaa
aaaaaaaaaaaa
aaaaaaaaaaa
aaaaaaaaaaaa
aaaaaaaaaaaaaa
aa
aaaa
aaaaaa
aaaaaaaaaaaaaa
aaaaaaaa
aaaaaaaaaaaaa
aaaaaaaaaaa
a
aaaaaaaaaaaaa
aa
aaaaaaaaaaaa
aaaaaaa
aaaaaaaaaaaa
aaa
aaaaaaaaaaaaa
aa
aa
aa
aaaaaaaa
aaaaaa
aaa
aaaaaaaaaaaa
aaaaaaaaaaaaa
aaaaaaaaaaaaa
aaaaaa
aaaaaa
a
aaaaa
aaaaaaa
aaaaaaa
aaaaaaaaaaaa
aaaaaaaaaaa
aaaaaaaa
aaaaaaaaaaaaa
aaaaaa
aaaaa
aaaaaaaa
aaaaaaaa
aaaaaaaaaaa
aaaaaaaaaa
aaaaa
aaaaaaaaaaaa
aaaaaaaaaa
aaaaaaaaaaa
aaaaa
aaaaaaa
aaaaaaaaa
aaaaaaaaaaaaa
aaaaaaaaaaaaa
aa
aaaaaaaaaa
aaaaaaa
aaaaaaa
aaaaaaaaaaaaa
aaaaaaaa
aa
aaa
aaaaaaaaaaa
aaaaaaaaaaaaa
aaaaaaa
aaaa
aaaaaaaaaaaaaa
aaaaaaaa
aaaaaaaaaaaaa
aaaaaaa
aaaaaaaaaaa
a
aaaaaaa
aaaaa
aa
aaaaaaaaaaa
aaaaaaa
a
aaaaaaaaa
aaaaaaaa
aaaaaaaa
aaaaaaaaaa
aaaa
aaaaaa
aaaaaaaaaaa
aaaaaaaaaaaaaa
aaaaaaaaaaaa
aaaaaaaaa
aaaaaaaaaaaaaa
aaaaaaaaaaaa
a
aaa
aaaaaaaaaaaaa
aaaaaa
aaaaaaaaa
aaaaaa
aaaaa
aaaaaaaaaaa
aaaaaaa
aaaaaa
aaaaa
aaaaaaaaaa
aaaaaaaaaaa
aaa
aaaaaaaaaa
a
aaaaaaaaaa
aaaaaaaaaa
aaaaaaaaa
aaaaaa
a
aaaaaaaaaaaaa
aaaaaaaaaaaaa
aaaaaaaaaaaaa
aaaaaaa
aaaaa
aaaaaaaaaaaaaa
aaa
aaaaaaaaaa
aaaaaaaa
aaaaaaaaaaaaa
aaa
aaaaaaa
aaaaaaaaaaaa
aaaaaa
aaa
aa
aaa
aaaaa
aaaaaaa
aa
aa
aaaaaaa
aaaaa
aaaaaaaaa
aaaaaaaa
aaaa
aaaaaaaaaaaaaa
aaaaaaaaaaaaaa
aa
aaaaaaaaaaa
aaaaaaaaaa
aaaaa
aaa
aaaaaa
aaaaaaaaaa
aaaaaaaaa
aaaaaaaaaaa
aaaaaaa
aaaaaaaaaaa
aaaaaa
aaaaaaaaa
aaaaaaaaaaa
aaa
aaaaa
aaaaaaaaa
aaaaaaaa
aaaaaaaaaaa
aaaa
a
aaaaaaaa
a
aaaaaaaaaaaaaa
aaaaaaaaa
aaaaaaaaaaaa
aaaaaaaa
aaaaaa
aa
aaaaaa
aaaaaaaaaa
aaaaaaaaaaaaa
a
aaaaaaa
aaaa
aaaaaaaaaaa
aaaaaaaaaaa
aaaaaa
aaaaaaaa
aaaaa
aaaa
aaaaa
aaaaaaaaaaa
aaaaaaa
aaaa
a
aaaaaaaaaa
aaaaa
a
aaaaaaaaaaaaa
aaaaaaa
aa
aaaaaaaaa
aaa
aaaaaaa
aa
aaaa
aaaaaaaaaaa
aaaaaaa
aaaa
aaaa
aaaaaaaaa
aaaaaaaaa
a
aaaaaaaaaaaaaa
a
aaaaaaaaaaaaaa
aaaaaaaaaaaaaa
aaaaaaaaaaaaa
aaaaaaaaa
aaaaaaaaaaaa
aaaaaaaaaaaaaa
aa
aaa
aaaaaaaaa
aaaa
aaaaa
aaaa
aaaaa
aa
aaaaaaaaaaaa
aa
aaaaaaaaaaaa
a
aaaaaaaaaa
aaaaaaa
aaaaaaa
aaaaaaaaa
aaaaaaaaaaaaaa
aaaaa
aaaaaaaaaaaa
aa
aaaaaaaaaaaa
aaaaaaaaa
aaaaaaaaaaa
aaaaaaaaaaaaaa
aa
aaaaaaaaaaaaaa
aaaaaaaaa
aaaaaaaaaa
aaaaaaaaaaaa
aaaaaaa
aaa
aaa
aaaaaaaaaaa
aaaaaaaaaa
aaaaaaaaaaaaaa
aaaaaaaaaaa
aaaaa
aaaaaaaaa
aaaaaaa
aaaaaaa
aaaa
aaaaaaaaaaaaa
aaaaaaaa
aaaaaaa
aaaaaaaaaa
aaaaaaaaaaaa
aaaaaaaaaaa
aaaaaaaaaa
aaaaaaaa
aaaaaaaaaaa
aaaa
aaaaaaaaaaa
a
aaaaaaaaaa
a
aaaaaaaaa
aaaaaaaaa
aaaaaaaaa
aaaaaaaaaa
aaaa
aaaaaaa
aaaaaaaaaaa
aaaaaaaaaaaaa
aaaaaaaaaaaaaa
aaaaaaaaaaaa
aaaaaaa
aaaaaaaaaaaaaa
aaaaaaaaaaaaa
aaaaaaaaa
aa
aaaaaaaa
aaaaaaaa
aaa
aa
a
aaaaaaaaa
aaaaaa
aaaaaaaaaaa
aaaaaaaaaaaaaa
aaaaaaaaaaaa
aaaaaaaaaaaaa
aaaaaaaaaaa
aaaaaa
aaaaaaaaaaaaa
aaa
aaaaaaaaa
aaaaaaaaaaa
aaa
aaaaaaaaaaa
aaa
aaa
aaaaaaa
aaaaaaaaa
aa
aaa
aaaaaaaa
aaaaaaaaaaa
aaaaa
aaaaaaaaaaaaaa
aaaaaaaaaaaaa
aaaaa
aaaaaaaaaaaa
aaaaaaaa
aa
aaaaaaaaaa
a
aaaa
aaaa
aaaaaaaaaaaaaa
a
aaaaaaaaaaaaaa
aaa
aaaaaaaa
aaa
aaaaaaa
a aaaaaaaaaa
aaaaaaaaaa
aaaaaaaaaaa
a aaaa
aaaaaaaaaaaaa
aaaaaaaaaaaaaa
aaaaaaaaaaaaa
aaaaaaaaaa
aaaaaaaa
aaaaaaa
aa aaaaaa
aaaaaaaaaaaaa
aaa
aaaaaa
aaaaaaaaaa
aaa
aaa
aa aaaaaaaa
aaaaa
aaaaaaaaaa
aaaaaaa
aaaaaaaaaaa
aaaaaaaaaaaaa
aaaaaaa
aaaaaaaa aa
aaaaaaaaaaaaaa
a aaaa
aaaaaaaa
aaaaaaaaa
aaaaaaaaa
aaa
aaa
aaaaaaaaaaaaaa
aaaaaaaaaaaa
aaaaaaaaaaaa
aaaa
aaaaaaaaaaaaaa
aaaaaaaaa
aaaa
aaaa
aaaaaaaa
aaaaaaaa
aaa
aaaaaaaaaaaaaa
aaaaaaaa
aaa
aaaaa
aaaa
aaaa
aaaaaa
aaaaaaaaaaa
aaaaaaaaaa
aaaaaaa
aaaaaaaaaaa
aaaaaa
aaaaaaaaaaaaaa
aaaaaaaa
aaaaaaaaaaaaa
aaa
aa aa
aa aaa aa
aaaaaaaaaaaa
aaaaaaaaaaa
aaaaaaaaa
aa aaa
aaa
aa aaaaaaa
aaaaaaaaaaaa
aaa
aaaaaaaaa
aaaaaaaaa
aaaaaaaa
aaaaa
aaaaaaa
aaaaaa
aaaaa
aaaaaaaaa
aaa
aaaaaaaaaaa
aaaaaa
aaaaaa
a a
aaaaaaaaaa
aaaaaaaa
aaaaaaa
aaaaaaaaaa
aaaaa
aaaaaaaaaaaa
aaaa
aaaa
aaaaaaaaaa
aaaaaaaaaaaaa
aaaaaaa
aaaa
aaaaaaaaa
aaaaaaaaaaa
aaaa
aaa
aaaaaaaaaaaaaa
aaaaaaaaaa
aaaaaaaaaaaa
aaaaaaaaa
aaaaaaaa
aaaaaa
aaaaaaaaa
aaaaaaaaaa
aaaaaaaaa
aaaaaaaaaaaa
aaaaaaaaa
aaaaaaaaaaa
aaaaaaaa
aaaaaaaa
aaa
a aaaaaaa
aaaaaaaaaaaa
aaaa
aaaaaaaaaaaaa
aaaaaaaaaa
aaaaaaaaa
aaaaa
aaaaaaa
aaaaaaaaaaaa
aaaaaaaaaa
aaaaaaaaaaaaaa
aa aaaaaaaaa
aaaaaaaaaa
aaaaaaaaaaaaaa
aaaaaaaaa
aaaaaaaaaaa
aa aa
aaaaaaaaaa
aaaaaa
a aaaa
aaa
a aaaaaaaaa
aaaaaaa
aaaaaa
aaaaaaaaaaaaaa
aaaa
aaaaaaaa
aaaaaa
aa aaaaaaa
aaaaaaa
aaaaaaaaaaa
aaaaaaaaa
aa aaaa
aa aaaa
aaaaaaaaaaaa
aa aaaa aa
aaaaaaaaaaaaa
aaaaaaaaaaaaaa
aaaaaaa
aaa
aaaaaaaaa
aaaaaaaaa
aa aaaaaa
aaaaaaaaa
aaaaaa
aaaaaaaaaa
aaa
aaaaaaaaaa
aaaaa
aa aa
aaa
aaaa
aaaaaaaaaaaaa
aa aaaaaaaaaa
aaaaaaaaaaaaaa
aaaaa
aaaaaaaaaaa
aaaaaaaaa
aaaaaa
aaaaaaa
aaaaaa
aaa
aaaaaaaaaa
aaa
aaaaaaaaaaaa
aaaaaa
aaaaa
aaaaaaaaa
aaaaaaa
aaaaaaaaaaa
aaaaaaaaaaa
aaaa
aaaaa
aaaaaaaaaaaa
a aaa
aaaaaaa
aaaaaaaaaaaaa
a aaa
aaaaaaaaaaaa
aaaaaaa
aaaa
aaaaaaaa
aaaaaaaaaa
aaaa
aaaaaaaaaaaaa
aaaaaaaaaaaaa
a aaaaaaaaaaa
aaaaaaaaaa
aaaaaaaa
aaaaaaa
aaaaaaa
aaaaaaaaaaaaaa
aaaaaaaaaaaaa
aaaa
aaaaaaaaaa aa
aaaaaaaaaaaaa
aaa
aaaaaaaaaaaaaa
aaaaaaaaaaa
aaaa
a aaaa
aaaaaaaaaa
aaaa
aaaaaaaaaaaaaa
aa aaaaaaaa
a aaaaaaaaaaaa
aaaaaaaa
aa aaaaaa
aaaa
aaaa
aaa
aaaaaaaaaaaaa
aaaaaaaaa
aaa
aaaaaaaa
aaaaaa
aaaaaaaa
aaaaaaaaa
aaa
aaaaaaaaa
aaaaaaa
aaaaaaaaaaaa
aa aaaa
aaaaaaaaaaaaa
aaaaaaaaaaaa
aaaaaaaaaa
aaaaaaaa
aaaaaaaaaaaa
aaaaaaaaaaaaa
aaaaaaaaaa
aaa
aaaaaaaaaaaaaa
aaaaa
aaaaaaaaaaaa
aaaaaaa
aaaaa
aa a
aaaa
aaaaaa
aaaaaaaaa
aaaa
aaa
aaaaaaaaaaa
aaaa
aaaaaaaa
aaaaa
aaa
aaaaaaaaaa
aaaaaa
aaaaaaaaaa
aaaaaaaaaa
aaaaaaaaaaa
aa aaaaaaaaaa
aaaaaaaaaaaaaa
aaaaaaaaaa
aaaa
aaaa
a aaaaa
aaaa
a aa
aaaaaaaaaaa
aa aaaaaaaaaaa
aaaaaa
aaaaaaaaaaa
aaaaa
aaaaaaaa
aaaaaa
aaaaaaaaaaaaa
aaaaaa
aaaaa
a aaaaaaaaa
aaaaaaaaaa
aa aaaaaaa
aaaaaa
aaaaaaaaaaaa
aaaaaaaaaaa
aaaaaaaaa
aaaaaaaaaaaaa
aaaaaaaa
aaaaaaaaaaaa
aaaaaaaaaaaa
aaaaaaaaaaaaaa
aaaaaa
aaaaaaaa
aaaaaa
aa aaa
aa aaaaaaaa
aaaaaaaaaaaa
aaaaaaaaaaaaa
aaa
a aaaaaaa
aaaaaaaaaa
aaaaaaaaaaa
aaaaaaa
aaaaa
aaa
aaaaaaaaaaaaaa
aaaaaaaa
aa aaaaaa
aaa
a aaaaaaaa
aaaaaaaaaa
aaaaaaaaaaaa
aaaaaa
aaaaaaaaaaaa
aaaa
aaaa
aa aaaaaa
aa aaaaaaaaa
aaaaaaaaa aa
aaaaaaaaaaaaa
a aaaaa
aaaaaaaaaa
aa aaaaa
aaaaaaa a
aaaaaaaaaaaaaa
aaaa
aaaaaaaaaaaaa
aaaaaaaaaaaa
aaaa
aa aaaaaaaaa
aaaa
aaaaaaaa
a aa
aaaaaaaaaaaaaa
aaaaaaaa
aaaaaa
aaaaaaaaaaaa
aaaaaaaa
aaaaaaaaaaaaaa
aaaaaa
aaaaaaaaaaa
aaaaaa
aaaaaa
aaaaaaaaaaaa
aaaaa
aaaaaaa
aaaaaaaaaaaaaa
aaaaaaaaaaaaa
aaaaaaaaaaaaa
aaaaaaaaa
a aaaaaaaa
aaaaaaaaaa
aaaaaaaaaa
aaaaaaaaaaaaaa
aaa
aaaaaaaaaaaaa
a aaaaaaaaaaa
aaaaaa
aa aaaaaaa
aaaaaaaa
aaaaaaaaaaaaa
aaaaa
aaaaaaaaaaaaa
aaaaaaaaaaaa
a aaaaaaaa
aaa
aaaaaa
aaaaaaaaaaaaa
aaaaaaaaaa
aaaaaaaa
aaaaaaaaaaaa
aaaaaaaaaaaa
aaaaaaaa
aaaaaaaaaaaa
aaaaaaaa
aaaaaaa
aaa
aaa
aaaaaaa
a aaaa
aa aaaaaaaaaa
aaaaaaaa
aaaaaaaaaa
aaaaaaaaaaaa
aaaaaaaaaaaa
aaaaaaaa
aaaa
aaaaaaaaaa
aaaaaaaaaaaa
aaaaaaaaaaaaa
aaaaaaaaa
aaaa
aaaaaaaaaaa
aaaaaaaaaa
aaaa
aaaaaaa
aaaaaaaa
aaaa
aaaaaa
aaaaaaaaaa
aaaaaaaaa
aaaaa
aaaa
aaaaaaaaaa
aaaa
aaaaaaa
aaaaaaaaaa
aaaaaaaaaaaaa
aaaaaaaa
aaaaaaaaaaaa
aaaaaaaa
aaaaaaaaaaa
aaa
aaaa
aaaaaaaaa
a aaaaaaaa
aaa
aaaaaa
aaaaaaaaaa
aaa
aaaaaaaaaaaaaa
aaaaaaaaaaa
a aaaaaaaaaa
aaaaaaaa
aaaaaaaaaaa
aaaaaaaaaa
aaaaaa
aaa
aaaa
aaaa
aaaaaaaaa
aaaa
aaaaaaa
aaaaaaaaaaaaaa
aaa
aaaaaaaaaaaaa
aaaaaaaaaaaa
aaa
aaaaaaaaaaa
aaaaaaaaaaa
aaaaaaaaaaaaa
aaaaaaaaaaaa
aaaaaaaaaaaa
aaaaa
aaaaaa
aaaaaaaaaaaaaa
aaaaaaa aaaa
aaaaaaaaaa
aa aaaaaaaaaa
aaaaaa aaaa
aaaaaaaaaa
aaaa aaaa
aaaaaaa
aaa aaaa
aaaaaaaa
aaaaaaaaaa
aa aaaa
a a aaaaaa
aaaaaaaaaa
aaaaaaaaaa
aaaa a
aaaaaaaaaaaaaa
aaaaaaaaa
aaaaaaa
aaaaaaaaaaaa
aaaaaaaaaaaaa
aaaaaaaa
aaaaaaaaaaaaa
aaaaaaaaaaaa
aaaaaaaaaa
aaaaaaa aaa
aaaaaaaaaaaaa
aaaaa
aaaaaaaaaaa
aaaaaaaaaaaaa
aaaaa
aaaaaaaaa
aaaaaaaaaaaaaa
aaaaaaaaaaaaa
aaaaaaaaaa
aaaaaaaaa
aaaaaaaaaaa aa
