aaaaaaa aaaaaaaaaaaaaaa
aa aaaaaaaaaaaaaa aaaaa
aaaaaaaaaaaaaaaaa aaaaaaaaaaaaaaaaaa
aaaa aa aaaaaaaaaaaaaaaaaaaa
aaaaaaaaaa aaaaaaaaaaaaaaa
aaaaaaaaaa aaaaaaaaaaaaaaaaa
aaaaaaaaaaaaaaa aaa
aaaaaaaaaaaaaaaa aa
aaaaaaaaaaaaaaaa aaaaaaaaaaaaa
aaaaaa aaaaaaaaaa aaaaaaaaa
aaaaaaaaaa aaaaaaaa
aaaaaaaaaaaaaaaaaaa
aaaaa aaaaaaaaaaaaaaa
aaaa aaaaaaaaaaaaaaaaaaa
aaaaaaaaaaaaa aaaaaaaaaaaaaaaaaaaa
aaaaaaaaa aaa aaa aa
aaaa aaaaaaa aaaaaaa
aaaaaaaaaaaaaa aaaaaaaaaaaaaaaaaaaa
aaaaaaaa aaaaaa aaaaaaaaaaaaaa
aaaaaaaaaaaaaa aaaaaaaa
aaaaaaaa aaaaaa aaaaaaaa
aaaaaaaaaaaaaaaaaaaa
a aaaaa aaaaaaaaaaaa
aaaaaa aa aaa aaaaaaaaaaaaaaaaaaaa
aa aaaaaaaaa aaaaaa
aaaaaaa aaaaaaaaaaaaaaaaa
aaaaaaaaa aaaaaaaaaaaaaaaaa
aaaaaaaaaaaa aaaaaaaaaaaaa
aaaaaaaaaaa aaaaaaaaaaaaaaa
aaaaaaaaaaaaaaa aa aaaaa
a aaaaaaaa aaaaaaaaaaaaaaaa
aaaaaaa aaaaaaaaaaaaaaaa
aaaaaaaaaaaaaaaaaaa
aaa aaaa aaa aaaaaaaaaaaaaaaaa
aaaaaaaaaaaaaaaa aaaaaaaaaa
a a aaaaaaaaaaaaaaaaa
aaaaaaaaaaaaaaaaaa aaaaaaa
a aaaaaaaaaaaaaaaaaaaa
aaaaaaaaaaaaaaaa aaaaaaaaaaaaaaaaaaaa
aaaaaaaaaaa aaaaaaaaaaaaaaaa
aaaaaaaaaaaaaaaaaaa
aaaaaaaaaaaaaaaaaaa
a aaaa aaaaaa aaaaaaa
aaaaaaa aaaaaaaaa aaaaa
aaaaa aaaaaaaaaaaaaaaa aaaaaaaa
aaaa aaaaaaaa aaaaaaaaaaaaaaaaaa
a aaaaaaaaaaaaaaaaa
aa aaaaaaaaaaaaaaaaaa
aaaaaaaaaaaaaaaaaaaa
aa aa aaaaaaaaaaaaaaaa
aaaaaaaaaaaaaaaaa aaaaaa
aaaaa aaaa aaaaaaaaaaaaa
aaaaaaaaaaaaaaaa aaaaaaaaaaaa
aaaaaa aaaaaaaaaaaaaaaaa
aaaaaaaaaaaaaaaaa aaaaaa
aaaaaaaaaaa aaaaaaaaaaaaaaaaa
aaaaaaaaaaa aaaaaaaaaaaaaaaaa
aaaaaaaaaaaaaa aaaaaaa
aaaaaaaaaa aaaaaaaaaa
aaaaaaaaa aaaaaaaaaa
aaaaaaaaaaaaaaaaa aaaaaaaaaaaaa
aaaaaa aaaaaaaaaaaaaa
aaaaaaaaaaaaa aaaaaaaaaaaaaa
a aaaaaa a aaaaaaa aaaaaaaaaaaaaa
aaaaaaaaaaaaaaaa aaaaaaaaa
aaaaa aaaaaaaaaaaaaa
aaaaaaaaaaaaaaaaaaa aaaaaaaaaa
aaaaaaaaaaaaaaaaaa a
aaaaaaaaaaaaaa aaaa aaaaaaaaaaa
aaaaaaaaaaaaaaaa aaaaaaaaaaaaaaa
aaaaaaaaa aaaaaaaaaaaaaaa
aaaaaaa aaaaaaa aaaaaaaaaaaaaa
aa aaaaaaaaaaaaaaaaaaaa
aa aaa aaaaaaaaaaaaaa
aaaaaaaaaaa aaaaaa aaaaaaaaaaa
a aaaaaaaaa aaaaaaaa aaaaaaaaaaaaaaa
aaaaaaaaaaaaaaaaaaa aaaaaaaaaaaaaa
aaaa aaaaaaaaaaaaaaaaaaa
aaaaaaaaaaaaaaa a aaa
aaaaaaa aaa aaaaaaaaaaaaaa
aaa aaaaaaaaaaaaaaaaaaaa
aaaa aaaaaaaaaaaaaaaaa
aaaa aaaaaaa aaaaaaaaa
aaaaaaaaaaaaa aaaaaaa
aaaaaaaaaaaaaaaaaa aaaaaaaaaaa
aaaaaaaaaaaaaaaaaaa aaa
aa aaaaaaaaaaaaaaaa aaaaaaaaaaaaaaaa
aaaaaaaaaaaaaaaaa aaa
aaaaaaaaaaaaa aaaa aaaaaaaaaa
a aaaaaaaa aaaaaaaaaaaaaaaaaa
aaaaaaaaa aaaaa aaaaaaaa aaaaaaaaaaaa
aaaa aaaaaaaaaaaaaaaaaaaa
aaaaaaa aaaaaaa a aaaaaaaaaaaaaaaaaa
aaaaaaaaaaaaaaaaa aaaa
aaaaaaaaaaaaaaaa aaaaaaaa
aaaaa aaaaaaaaaaaaa aaaaaaaaaaaaa
aa aaaaaaaaaaaaa aaaaaa
aaaaaaaaaaaaa aaaaaaaaa
aa aaaaaaaaaaaa aa a
aaaaaaaaaaaaaaaaaaaa
aa aaaaaaaaaaaaaaaaaaa
aaa aaaaaaaaaaa aaaaaaaaaaaa
aaaaa aaaaaaa aaaaaaaaaaaaaaaaaaa
aaaaaaaaaaaaaaaaaaaa
aaaaaaaaaaaaaaa aaaaaaa
aaaaaaaaaaaaaaaaaaaa
a aaaaaaaaaaaaaaaaaaaa
aaaaaaaa a aaaaaaaaaaaaaaaaaaa
aaaaa aaaaaaaa aaaaaa a
aaaaaaaaaaaaaaaa aaaaaaaaaaaaaaaaaaaa
aaaaaaaaaaaaaaaaaa aaaaaaaaaaaaaaaa
aaaaa aaaaaaa aaaaaaaaaaaaaa
aaa aaaaaaaaaaa aaaaaaaa
aaaaaaaaaaaaaaa aaaaaa aaaaaa aa
aaaaaaaaaaaaaaaaa aaaaaaaaaaaaaaaaaa
aaa aaaaaaaaaaaaaaaaaaa
aaaaaaaaaaaaaaaaaaaa
a aaaaaaaaaaaaaa aaaaaaaaaa
aaaaaaaaaaaaaaaaaaa aaaaaaaaaaaaaaa
aaaaaaaaaaaaaaaa aaaaaa
aaaaaaaaa aaaaaaaaaaaa
aaaaaaaaa aaaaaaaa aaaaaaaaaa
aaaaaaaaaa aaaaaaaaaaaaaaaaaaaa
a aaaaaaaaaaaaaa a aaaaaaaaaaaaaaaaaa
aaaaaaa aaaaaaaaaaaaaaa
aa aaaaaaaaaaaaaaaaaaa
aaaaaaaaaaaaa aaaaaaaaaaaaaaa
aaaaaaaaaaaaaaaaaaaa
aaaaaaaaaaaaaaa aaa aaaaaaaaaaaaaa
a aaaaaaa aaa a aaaaaaaaaaaaaaaaaaa
aaaaaa aaa aaaaaaaaa
aaaaaaaaaaaaaaaaaa aaaaaaaaaaaaaaaaaa
aaaaaaaaaaa aaaaaaaaaaaaaa
aaaaa aaaaaaaaaaa aaaaaaaaaaaaaaaa
aaaaaaaaaaa aaaaaaaaaaaaaa
aaaaaa aaaaaaaaaaaaaaaaaaa
aaaaaaa aaaaaaaaaaaaaaaaaaaa
aaaaaaaaaaaaaaaaaaaa
aaaaaaaa aaaa aaaaaaaaaaaa aaaaaaa
aaaaaaa aaa aaaaaaaaaaaaaaaaaaa
aaa aaaaaaaa aaaaaaa
aaaaaaaaaaaaaaaaaaa aaaaaaaaaaa
a aaaaaaaaaa aaaaaa aaaaaaaa
aaaaaaaaaaaaaaaaa aaaaaaaaaaa
aaaaaaaaaaaaa aaa aaaaaaaaaaaaaaaaaaa
aaaaaaaaaaaaaaaaa aaaaa
aaaaaaaaaaaa aaaaaaaaaaa
aaa aaaaaa aaaaaaaaaa
aa aaaaaaaaaaaaaaaaaaaa
aaaaaaaaaaaaaaaaaaaa
aaaaaaaaa aaaaaaaaaa
aaaaaaaa aaaaaaa aaaaaa
aaaa aaaaa aaaaaaaaa
aaaaaaaaaaaaa aaaaaaa
aaaaaaaaa aaaaa aaaaaaaa
a aa aaaaaaaaaaaaaaaaaaa
aaaaaa aaaaaaaaaaaaaaa
aaaaaaa aaaaaaaaaaaaaaaa
aaaaaaaa aaaaaaaaaaaaaaa
aaaaaaaaaaaaaa aaaaaaaaaaaaaaa
aaaaaaaaaaaa aaaaaaaaaaaaaaaaaaa
aaa aaaaaaaaaaaaaaaa
aaaaaaaaaaa aaaaaaaaaaaa
aaaaaaaaaaaaaaaaa aaaaaaaaaaaaaaa
aaaa aaaaaaaaaaaaaaa
aaaaa a aaaaaaaaaaaaaaaa
aaaaaaaaaaaaa aaaaaaaaaaaaaaaaaa
aaaaaaaaaaaaaaa aaaaaaaaaa
aaaaaaaa aaa aaaaaaaaa
aaa aaaaaa aaaaaaaaaa
aaaaaaaaaaaaa aaaaaaaaa aaaaaaaaaa
aaaaaa aaaaaaaaaaaaaaaaaaaa
aa aaaaaaaaaaaa aaaaaa
aa aaaaaaaaaaa aaaaaaaaaaaaaaaaa
aaaaaaaaaaaaaa aaaaaaaaaaaaaaaaaa
aa a aaaaaaaaaaaaa aaaaaaaaaaaaa
aaaaaaaaaaaaaa aaaaaaaaaaa
aaa aaaaaaaaaaaaaaaaaa
aaaaaaaaaaaaaaaa aaaaaaaaaaaaaaaaaaaa
aaaaaaaaaaaaaaaaa aaaaaaaaaaaaaaaaa
aa aaaaa aaaaaaaaaaaa
aaaaaaaaaaaa aaaaaaaaaaaaaaaaaaa
a aaaaaaaaaaaaaaaaaaaa
a aaaaaaaaaaaaaa aaaaaa
a aaaaaaaaaaaaaaa aaaaaaa
aaaaaaaaaaaaa aaaaaaaaaaaaa
aaaaaaaaaaaaaaaa aaaaaaaaaa
aaaaaaaaaa aaaaaaaaaaaaaaaaaaa
aaaaaaa aaaaaaaaaaaaaaaaaa
aaaaaaaaaaaaaaaa aaaaaaaaaaaaaaa
aaaaaaaaaaaaaaaaaaaa
aaaaaaaaaaaaaaaaaaa aaaaa
aaaaa aaaaaaaaaaaaaaa
aaaaaaaaaaa aaaaaaaaaaaaaaaaaaa
aaaaaaaaaaaaaaa aaaaaaa
aaaaaaaaaaaaaaaaaaaa
aaaaaaaaa aaaaaaaaaaaaaa
aaaaaaaaaaaa aaaaa aaaaaaaaaaaaaa
aaaaaaaaaaaaaaa aaa aaaaaaaaa
aaaaa aaaaaaaaaaaaaaaaa
aaaaaaaaaaaaa aaaaaaaa
a aaaaaaaaaaa aaaaaaaaaaaaaaaaaaa
aa aaaaaaaaaaaaa aaaaaaaaaaaaaa
aaaaaaaaaaaaaaaaaaaa
a aa a aaaaaaaaaaaaa
aaaaaaa aaaaaaaaaaaaa
aaaaaaaaaaaaaaaaa aaaaaaa
aaaaaaaaa aa aaaaaaaaaaa
aaaaaa aaaa aaaaaaaaaaaaaa
aaa a aaaaaaa aaaaaaaaa
aaa aaaaa aa aaaaaaaaaaaaaaaaaaa
aaaaaaaaaa aaaaa aaaaaaaaaaaaaaa
aa aaa aaaaaaa aaaaaaa
aaa aaaaaaaaaaaaaa aaaaaaaaaaaaaaaaaa
aaaaaaaa aaaaaaa aaaaa
aaaaaaaaaaaa aaaa aaaaaaaaaaa
aaaaaaa aaaaaaaaa aaaaa
aaaa aaaaaaaaaaaaa aaaaaaaaaaaaaaaa
aaaaaaaaaaaaaaaaaa a
aaaaa aaaaaaaaaaaaaaaaa
aaaaaaaaaaaaaaa aaaaaaaaaa
aaaaaaaaaaaaaaa aaaaaaaaaaaaaaa
aaaaaaaaaa aaaaaaaaaaaaaaaaaa
aaaaaaaaaaaaaa aaaaa
aaaaaaaa aaaaaaaaaaaaaaaaaa
aaaaaaa aaaaaaaaaaaaaaaaaaaa
aaaaaaaaaaaaaaaa aaa
aaaaaaaaaaaaaaaaaaaa
aaaa aa aaaaaaaaaa aaaaaaaaaaa
aaaaaaaaaaaaaaa aaaaaaaaaaa
aaaaaaaaaaaaaaaaa aaaaaaaaaaaaa
aaaaaaa aaaaaa aaaaaaaaaaaaaaaaa
aaaaaaaaaaaaaaa aaaaaaaaaaaaaaaaa
aaaaaa aaaaaaaaaaaaa
aaaaaaaaaaa aaaaaaaaaaaaaaaaaaaa
aaaaa aaaaaaaaaa aaaaaaaaaaaaaaa
aaaaaaaa aaaaaaaaaaaaaaa
aaaaaaaaaaaa aa aaaaaaaaaaaaaaaaaa
aaaaaaa aaaaaaaaaaaaaaaaaaaa
aaaaaaaaaa aaaaaaaaaaaaa
aaaaaaaaaaa aaaaaaaaaaaaaaaaaa
aaaaa aaaaaaaaaa a aaaaaaaaa
aaaaaaaaaaaaaaaa aaaaaaaa
aaaaaaa a aaaaaaaaaaaaaaaa
aaaaaaaaaaaaaaaaaaaa
aaaa aaaaaa aaaaaaaaaaaaa
aaaaaaaaaaa aaaaaaaaaa
aaaaaaaaaaaaaa aaaaa
aaaaaaaaaaaaaaaaa aaaaaaaaaaaaaaaaaaa
aaaaa aaaaaaaaaaaaaaaaaaaa
aaaaaaaa aaaaaaaaaaaaa
aaaaaaaaaaaaaaaaaaaa
aaaaaaaaa aaaaaaaaa aaaaaaaaaaa
aaaa aaaaaaaaaaaaaaa
aaaaaaaaaaaaaaaaaaa aaa
aaaaaaaaaaaaaa aa aaaaaaaaaa
aaaaaaaaaaaaaaaaaa aaaaa
aaaaaaaa aaaaaaaaaa aaaaaaaaaa
aaaa aaaaaaaaaaaaaaaa
aaaaaaaaaaaaaa aaaaaaaaaa
aaaaaaaaaaaaaaaaaaa aaaaaaa
aa aaaaaaaaa aaaaaaaaaaaaaaaaa
aaaaaaaaaaaaaaaaaaaa
aaaaaaaaaaaaa a aaaaaaaaaaaaaaa
aaaaaaaaaaaa aaaaaaaaaaaaa
aaa aa aaaaaaaaaaaaa
aaaaaa aaaaaaaaaaa aaaaaaaaaaaaaa
aaaaaaaaaaaaaaa aaaa
aaaaaaaaaaaaaaaaaaaa
aaaaaaa aaaaaaaaaaaaaaa
aaaaaaaaa aaaaaaaaaaa
aaaaaaaaaaaaaaaaaaaa
aaaaaaaaaaaaaaa aaaaaaaaaaaaaaaaa
aaaaaaa aaaaaaaaaaa aaaaaaaaaaa
aaaaaaaa aaaaaaaaaaaaa
aaaaaaa aaa aaaaaaaaaaaaaaaa
aaaaaaaaaaaaaaaa aaaaa
a aaaaaaaaaaaaaaaa aaaaaaa
aaaaaaa aaaaaaaaa aaaaaaaaaaaaaaaaaaa
aaaaaaaaaaaaaaaaaa aaaaaaaaaaaaaaaa
aaaaaaaaaaaaaa aaa aaaaaaaaaaaaa
aaaaaa aaaaaaaaaaaaaaaaaaa
aaaaaaa aaaaaaaaa aaaaaaa
aa aaaaaaaaaaaaaaaa aaaaaaaaaaa
aaa aaaaaaaaaaaaaaa aaaaaaaaaa
aaaaaaaaaaaaaa aaaaaa
aaaaaaaaaaaaaaaaaa aaaaaa
aaaaaaa aaaa aaaaaaa
aaaaaaa aaaaaaaa aaaaaaaaaaaaa
aaaaaaaaaaaaaaaaaaa a
aaa aaaaaaaaaaaaaaaaaaa
aaaaaaaaa aaaaaaaaaaaaaaa
aaaaaaaaaaa aaaaaaaaaaa
aaaaaaa aaaaaaaaa aaaaaaaaaaaaaaaaa
aaaaaaaaa aaaaa a aaa
aaaaaaaaa aaaaaaaaaaaaa
aaaaaaaa aaaa aaaaaaaaaaa
aaaaaaaaaaaaaaaaaaaa
aaaaaaaaaaaaaaa aaaaaaaaaaa
aaaaaaaaaaaa aaa aaaaaaaaaaaa
aaaaaaaaaaaaaa a aaaaaaaaaaaaaa
aaaaaaaaa aaaaaaaaaaaaaaaaa aaaaaaaaa
aaaaaaaaaaaaaaaaaaa aaaaaaaaa aaaaaaa
aaaaaaaaaaaaa aaaaaaaa aaaaaaaaaa
aaaaaaaaaaaa aaaaaaaaaaaaaa
aaaa aaaaaaaaaaaaaaaaaa
aaaaaaaaaa aaaaaaaaaaaaaaaaaaa
aaaaa aaaaaaaaaaa aaaaaaaaaaaaaaaaaa
aaaaaaaaaaaaaaaaaa aaaaaa
aaaaaaaaaaaaaaaaaaa aaaaaaaaaaaaaa
aaaaaa a aa aaaaaaaaaaaa
aaaaaa aaaaa aaaaaaaaaaaaaa
aaaaaaaaaaaaaaaaaa aa aaaaaaaaaaaaaaa
aaaaaaaaaaaaaa aaaaaaaaaaaaaaaaa
aaaaaaaaaaaaaaaaaaaa
aaaaaaaaaaaaaaa aaaa
aa aaaaaaaaaaaaaaaa aaaaa
aaaaaaaaaaaaaaaaaaa aaaaaaaaaaaaaaaa
aaaaaaaaaaaaaaaaaa aaaaaaaaaa
aaa aaaaaaa aaaaaaaaaaaaaaaaaaaa
aaaaaaaaaaaaaaaaa aaaaa aaaaaaa
aaaa aaaaaaaa aaaaaaaaaaaaaaaaaaa
aaaaaaa aaaaaaaaaaaaaaaaaaa
aaaaaaaaaaaaaaaaa aaaaaaaaaaaaaaaaa
aaaaaaaaaaa aaaaaaaaaaaaaaaaa
aaaaaaaaaaaaaaaaaaaa
aaaaaaaaaaaaaaaaaaa a
aaaaaaaaa aaaaaaaaaaaaaaa
aaaaa aaaaaaa aaaaaaaaaaaaaaaaa
aaaaaaaaaa aaaaaaaaaaaaaaaaaaa
aaaaaaaaa aaaaaaaaa a
aaaaaaaaaaaaaa aaaaaaaaaaaaaaaaaaaa
aaaaaaaaaa aaaaaaaaa
aaaaaaaaaaaaaaaa aaaaaaaaaaaaaaaa
aaaaaaaaaaaaaaaaaaaa
aaaaaaaaaaaaaaaaaaa aaaaaaaaaaa
aaaaaaaaaaaaaaaa aaaaaaaaaaaaaa
aaa aaaaaaaaaaaaaaaaa aaaaaaaaaa
aaaaaaaaaaaaaaaaaaaa aaaaa aaaaaaaaa
aaaaaaaaa aaaaaaaaaaaaaaaaaaa
aaaaaaaaaaaaaaaaaaa aaaaaaaaaaaaaaaaa
aaa aaaaaaaaaaaaaaaa
aaaa aaaaaa aaaaaaaaaaaaaaaa
aaaaaaaaaaaa aaaaaaaaaaaaaaaa
aaaaaaaaaaa aaaaaaaaaaaaaa aa aaaa a
aaaaaaaaaaaaaaaa aaaaaaaaaaaaaaaaaaa
aaaaaaaaaaaaaaaaaaaa
aaa aaaaaaaaa aaaaaaaaaaaaaaa
aaa aaaaaaaaaaaa aaaaa
aaaaaaaaaaaaaaaaaaa aa
aaaaaaaaaaaaaaaaa aaaaaa
aaaaaaaaaaaaaaa aaaa
aaaaaaaaaaaaaaaaa aaaaaaa
aaaaaaaaaaaaaaa aaaaaaaaaaaaaaaaaaa
aaaaaaaaaaaa a aaaaaaaaaaaaaaa
aaaaaaaaaaaaaa aaaaaaaaaaaaaa
aaaaaaa aaaaaaaaaaaaaaaaaaa
aaaaaaaaaaaaaa aaaaaaaaaaaa
aaaaaaaaaaaaaaa aaaaaa
a a aaaaaaaaaaaaa aaaaaaaaaaaaaaaaaaa
aaaaaaaaaaaaaa aaaaaaaaaaaaa
aaaaaaaaaaaaaa aaaaaaaaaaaaaaaaaaa
a aaa aaaaaaaaaaaaaaaaa
aa aaaaa aaaaa aaaaaaaaaaaaaaaaaa
aaaaaaaaaaaa aaaaaa a
aaaaaaaaaa aaaaaa aaaaaaaaaaaa
aaaaaaaaaaaaa aaa aaaaaaaaaaaaaaaaaaa
aaaaaaaaaaaaaaaaaaa aaaaaaaaaaaaaaaa
aaaaaaaaaaaaaaaaaaa aaa
aaaaaaaaaaaaaaaaaa a
aaaaa aaaaaaaaaaaaaaaaaaaa
aaaaaaaaaaaaaa aaaaaaaaaaaaaa
aaaaaaaaaaaa aaaaaaaaaaaa
aaaaaaaaaaaaaa aaaaaaaaaaaaaaaaaaa
aa aaaaaaaaaaaaaaaaaaaa
aaaaaaaaaaaaaaaaaaaa aaaaaaaaaaaaa
aaaaaaaaaaaaaaaaaa aaaaaaaaaaaaa
aaaaa aaaaaaaaaaaaa aaaaaaaaaaa
aaaaaaaaaaa aaaaaaaaaaaaaaaa
aaaaaaaaaa aaaaaaaaaaaaaaaa
aaaaaaaaaaaaaaaaaaa aaaaaaaaaaa
aaaaa aaaaaaaaaaaaaaa aaaaaa
aaaaaaaa aaaaaaaaaaaaa aaaaaaaaaa
aaaaaaaaaaaaa aaaaaaaaaaaaaaaaa
aaaaaaaa aaaaaaaaaaaaaaaaaaa
aaaa aaaaaaaaaa aaaaaaaaaa
aaaaaaaaaaaaaa aaaaaaaaaaaaaa
aaaaaaaa a a aaaaaaaaaaaaaaaaaaaa
aaaaaaaaaaaaaaa aaaaaaaa
aaaaa aaaaaaaaaaaaaaa aaa
aaaaaaaaaaaaaaaaaaaa aaaaaaaa
aaaaaaaaa aaaaaaa aaaaaaa
aaaaa aaaaaaaaaaa aaaaaaaaaa aaa aaaa
aaaaaaaaaaaaaa aaaaaaaaaaa aaaaaaaaa
aaaaa aaaaa aaaaaaaaaaaaaaaa aa
aaa aa aaaaaaaaaaaaaa aaaaaaa a aaaaa
aaaaaaaaaaaaaaa aa aaaaaaaaaaaaaaaaa
aaaaaaaaa aaaaaaaaaaaaaa
aaaaaaaaaaaaaa aaaaaaaaaaaaa
aaaaa aaaaaaaaaaaaaaaaaaa
aaaaaaaaaaaaaaaa aaaaaaaaaaa
aaaaaaaaaaaaaaaaaa aaaaaaaaaaaaaaaaaa
aaaaaaaaaaaaaaaa aaaaaaaaaa
aaaaaaaa aaaaaaaaaa aaaaaaaaaaaaaa
aaaaaaaaaaaaaaaaaaaa aaaaaaa
aaaaaaaaaaaaa aaaaaaaaaaaaaaaa
aaaaaa aaaaa aa aaaaaaaaaaaaaaaaaa
aaaa aaaaaaaaaa aaaaaaaaaaaaaaaaaaaa
aaaaaaaaaaaaaaaaa aaaaaaaaaaaaaa
aaaaaaaaaaaaaa aaaaaaaaa aaaaaaaa
aaaaaaaaaaaaaaaaaaa aaaaaaaaaa
aaa aaaaaaaaaaaaaaa aaaaaaaaaaaaaaaaa
aaaaaaaaaaaaaaaa aaaaaaaaaaa
aaaaaaaaaaaaaaaa aaaaaaaa
aaaaaaaaaaaa aaaaaaaaaaaaa
