aaa aaaaaa aaaaaaaaa aaaaa aaaa aaaaaaaaaaa
aaa aaaaa aaaaaa aaaaaa aaaaaaaaaaaaaaaaaaaa
aaaaaaaaaaaaa aaaa aaaaaa aaaaa aaaaaaaaaaaa
aaaaaaaaaaaaaaaaaaa aaaaaaaaa aaaaaaaaaaaaaaaaaaaa
aa aaaaaaaaaaa aaaaaaaaaaaaaaa aaaaaaaaaaaaaa
aaaaaaa aaaaaaaaaaaaaa aaa aaaaaaaaaaaaaaa
aaaa aaaaaaaaaaaaaaaaaa aaa a aaaaaaaaaaaaaaa
aaaaaaaaaaaaaaaaaa aaa aaaaaaaaaa aaaaaaa
aaaaaaaaaaaaaaaaa aaaaaaaaaaaaaaaaaa aaaaaaaaaaaaaaaaaa
aaaaaaaaaaaaaaaaaaaa aaaaaaaaaaaa aaaaaa aaa
aaa aaaaaaaaaaaaaa aaaaaaaa aaaaaaaaaaaaa
aaaaaaa aaaaaaaaaa aaaaaaaaaaaaaaa aaaaaaaaaaaaaaaaa
aaaaaaaaaaaaaaaaa aaaaaaaaaaaa aaa aaaaaaaaaaaaa
aaaaaaaaa a aa aaaaaaaaaaaaaaaaaaa aaaaaaaaaaa
aaaaaaaaaaaaaaaaaaa aaaaa aaaaaaaaaaaaaaaa
aaaaaa aaaa aaaaaaaaaaaaaa aaaaaaaaa a aa
aaaaaaaaaaaaaaaaaaaa aaaaaaaaaaaaaaaaa aaaaaaaaaaaaaaaaaa
aaaaaaaaaaaaaaaaa aaaaaa aa aaaaaaaaaa aaaaaaaaaa
aaaaaaaa aaaaaaaa aaaaaaaaaaaaaaaaa a aaa
aaaaaaaaaa aaaaaaaaaaa aaaaaaaa aaaa aaaaaaaaa
a aaaaaaaaa a aaaaaaaaaaaaaaaaa aaaaaaa aaaaaaaaaaaa
aaaaaaaaaaaaaaaaaaa aaaaaaaaa aaaaaaaaaaaaaaaaaaaa
aaaaaaaaaaaaaaaaaaaa aaaaaaaaaa a aaaaaaaa
aaaaaaaaaaaaaaaaaaa aaaaa aaaaaaaaaaaaaaaaaaaa
aaaaa aaaaaaaaaaaa aaaaaaa aaaaa aaaaaaaaaaaaaaaaaaaa
aaaaaaaaaaaaaaaaaa aaa aaaaaaaaaa aaaaaaaaaaaaa
aaaaaaaaaaaaaaaaaa aaaa aaaaaa aaaaaaaaaaaaaaaa
aaaaaaaaaaaa aaaaaaaaa aaaaaaaaaaaaaaaaa aaaaaaaaaaa
aaaaaaaaaaaaaaa aaaaaaaaaaaaaaa aa aaaaaaa
aaaaaaaaaaaaaaa aaaaaaaaaaa aaaaaaaaaaaaa
aaaaaaaaaaaa aaaaaaaaaaaaa aaaaaaaaaaaaaaa
aaaaaa aaaaaaaaaaaaaaaaaa aaaaaaaaaaaaaa aaaaaaaaaaaaaaaaaa
aaaaaaaaaaaaaaaaa aaaa aaaaaaaaaaaaaaaaaa
aaaaaaaaaaaaaaaaaaa aaaaaaaaaaaaaaaaaaaa aaaaaaaaaaaaa
aaaaaaaaaaaaaaa aaaaaaaaaaaaaaaa aaaaa aaaaaaaaaaa
aaaaaaaaaaaaaaaaaaaa aaaaaaaaaaaaa aaaaaaaaaaaa
aaaaaaaaaaaaaaaaaa aaaaaaaaa aaaaaaaaaaaa
aaaa aaaaaaaaaaaaaa aaaaaaaaaaaaaaaaa aaaaaaaaaaaaaaaaaaa
aaaaaaaaa aaaaaaaaaaaaaaaaaa aaaaa aaaaaaaaaaaa
aaaaaaaaaa aaa aaaaaaaaaaaa aaaaaaaaaa aaaaaaaaaaaaaaa
aaaaaaaaaaaaaaaa aaaaaaaaa aaaaa aaaa aaaaaaaaa
a aaaaaaaaaaaaaaaa aaaaaaaaaaaaaaa aaa aaaaaaaaaaaaaaaa
aaaaaaaaaaaaaaaaa aaaaaaaa aaaaaaaaaaaaaaa
aaaaaaaaaa aa aaaaaaaaaaa aaaaaaaaaa aaaa
aaaaaaaaaaaaaaaaaaa aaaaaaaaaaaaaaaaa aaaaaaaaaaaaaaaaa
aaaaaaaaaaaaaaaaaaaa aaaaaaaaaaaaaaaa aaaaaaaaaaaaaaaaaa
aaaaaaaaaaa aaaaaaaa aaaaaaaaaaaaa aaaaaaaaaaaaaa
aaaaaaaaaaaa aaaaaaaaaaaaaaaaaaa aaaaaaaaaaa
aaaaaa aaaaaaaaaa aaaaaaaaaaaaaa aaaaaaaaaa
aaaaaaaaaaaaaaaaaa aaaaaaaaaaaaaaaaaaa a aaaaaaaaaa
aaaaaaaaa aaaaaaaaaaaaa aaaaaaa aaaaaaaaaaaaa
aaaaaaaaaaaaaa aaaa aaaaaaa aaaaaaaaaaaa aaaaaa
aaaaaaaa aaaaaaaaaaaaaaaaaaa aaaaaaaaaaaaaa
aaaaaaaaaaaaaaa aa a aaaaaaaa aa aaaaaaaaaa
aaaaaaaaaa aaaaaa aaaaaaaaaaaa aaaaa aaaaaaaaaaaaaaaaaa
aaaaaaaaaaaaaaaaaa aa aaaaaaaaaaaaaaaaaaaa
aaaaaaaaaaa aaaaaaaaaaaaaaaaaaa aaaaaaaa aaaaaaaaaaaaaaaa
aaaaaaaaaaaaaaaaaaaa aaaaaaaa aaaaaaaaaaaa
aaaaaaaa aaaaaaaaa aaaaaa aaaaa aaaaaaaaaaaaaaaaaaaa
aaaaaaaaaaaaaaaaa aaaa a aaaaaaaaaaaaaaaa
aaaaaaaaaaaa aaaa aaaaaaaaa aaaaaaa aaaaaaaaaaaaaaaaaaa
aaaaaaaaaaaaaaaaaa aaaaa aaaaa aaaaaaaaaaaaaaaaa
aaaaaaaaaaaaaaa aaaaaaaa aaaaaaaaaaaaa aaaaaaaaaaaa
aaaaaaaa aaaaaaaaaaaaaaaa aa aaaaaaaaaaaaaaaaa
aaaaaaaaaaaaaaaaaaaa aaaaaa aaaaaaaa a aaaaa
aaaaaaaa aaaaaaaaaaaaaaaaa aaaaaaaaaaaa aaaaaaaaaaaaaaaaaaaa
aaaaaaaaaaaaaaaaaaa aaaaaaaaaaaaaaaa aaaaaaaaaaaaaaaaa
aaaaaa a aaa aaaaaaaaaaaa aaaaaaaaaaa aaa
aaaaaaaaaaaaaaa aaaaaaaaaaaaaaaaaaaa a aaaaaaaaaaaaa
aaaaaaaaaa aaaaa aaaaa aaaaaaaaaaaaaaa aaaaaaaaaaaaaaa
aaaaaaaaa aaaaaaaaaaaaaaaa aaaaaaaaaaaaaaaaaaaa
aaaaaaaaaaaaaaa aaaaaaaaaaaaaa aa aaaaaaaaaaaaaaaaaaaa
aaaaa aaaaaaaaaaaaa aaaaaaaaaaa aa aaaaaaaaaaaaaaaaaaa
aaaaaaa aaaaaaaaaaaaaaaaaaaa aaaaa aaa aaaaaaaaaa
aaaaaa aaaaaaaaaaaaaaaaa aaaaaaaaaaaaaaa aaaaaaaaaaaaa
aaaaaaaaaaaaaaa aaaaaaaaaaaaaaaaa aaaaaa aaaaaaaaaa
aaaaaaaaaaaaa aa a aaaaaaaaaaaaaa aaaaaaa
aaaaaaaaaaaa aaaaaaaaaaaaaaaaaaa aaaa aaaaaaaaaaaaaaaaaa
a aaaaaaaa aaaaaaaaaaaaa aa aaaaaaaaaaaaaaaaaa
aaa aaaaaaaaaaaa aa aaaaaaaaaaaaaaaaaaa aaaaaaaaaaaaaaaaa
aaaaaaaaaa aaaaaaaaaaaa a aaaaaaaaa aaaaaaa
aaaaaaaaaaaaaaa aaaaaaaaaaa aaaaaaaaaaaaaaaaa
aaaaaaaaaaaaaaaa aaaaaaa aaaaaaaaa aaaaaaaaaaaaaaaaa
aaaaaaaaaaaaaaaaaa aaaaaaaaaaaaaaaaa aaaaa
aaa aaaaaaaaaaaaaaaa a aaaaaa aaaaaaaaaaaaaaaa
aaa aaaaaaaaaaaaaaaaa aaaaaaaaaaaaaa aaaaaaaaaa
aaaa aaa aaaaaaaaaaaaa aaaaaaaaaaaaa aaa aaa
aaaaaa aaaaaaaaaaaaaaa aaaaa aaaaaaaaaa aaaa
aaa aaaaaaaaaaaaaaaa aaaaaaaaaaaaaa aaaaaaa
aaaaaaaaaaaaaa aaa aaaaaa aaaaaaaaaaaaaaaaa
aaa aaaaaaa a aaaaaaaaaa aaaaaaaaaaaa aaaaaaa
aaa aaaaa a aaaaaaaaaaaaa aaaaaaaaaaa aaaaaaaa
aaaaaaaaaaa aaaaaaaaaaaaaaaaaaa aaaaaaaaaaaaaaaaa
aaaaaaaaaaaaaaaa aaaaaa aaaaaaaaaaaaaaaaaaa
aa aaaaaaaaaaaaaaaaa aaaaaaaaaaaaaaaaaaa aaaaaaaaaaaaaaaaaa
aaaaaaaaaaa aaaaaaaaaaaaaaaaaa aa aaaaaaaaaaaaaaaaaaa
aaaaaaaaaaaaaaaaaa aaaaaaaaaaaaa aaaaaaaaaaaaa
aaaaaaaaaaaa aaaaaaaaaaaaaaaaa aaaaa aaaaaa aaaaaaaaaa
aaaaaaaaaaaaaa aaa aaaaaaaaaaaaaa aaaaaaaaaaaaaaaaa
aaaaaaaaaaaaaaaaa aaaaaaaaaaaaaaa a a aaaaaa
aaaaaaaaaaaaaaa aaaaaaaa aaaaaaaaaaaaaaaa aaaaaaaaaaaaaaaa
aaaaaaaaaaaa aaaaaaaaaa aaaaaaaaaaaaaaaaaaaa
aaaaaaaaaaaaaaa aa aaaaaaaaaa aaaaaaaaaaa
aaaaaaa aaaaaaaaaaa aaaaaaaaaaaaaaaaaaa aaaaa
aaaaaaaaaaaa aaaaaaaaaaaa a aaaaa aaaaaaaaaaa
aaaaaaaaaa aaaa aaaaaaaa a aaaaaaaaaaaa aaaaaaaaaaaaaaaaa
aa aaaaaaaaaaaaaaaaa aaaa aaaaaaaaaaaaaa aaaaaaaaaaaa
aaaaaa aaaaaaaaaa aaa aaaaaaaaa aaaaaaaaaaaaaaaaaaa
aaaaaaaaaaaaaaa aaa aaaaaaaaaaaaaaa aaaaaaaaaaaa
aaaaaaa aaaaaaaaaaaaaaaaaaaa aa aaaaaaaaaaaaaaa
aaaaaaaaaa aaaa aaaaa aaaaaaaaaaaaaa aaaaaaa
aaaaaaaaaaaaaaaaaaa aaaaaaaaaaaaaaaa aaaaaaaaaaaaaaaa
aaaaaaaaaaa aaaaaaaaaaaaaaaa aaaaaaa aaaaaaaaaaaaaaaaaa
aaaaaaaaaaaaaaaaaaaa aaaa aaaaaaaaaaaaaaaaaaaa
aaaaaa aaaaaaaaaaaaaaaaaaaa aaa aaaaaaaaaaa
aaaaaaaaaaaaa aaaaaa aaaa aaaaaaaaaaaaa aaaaaaaaaaaaaa
aaaaa aaaaaaaaaaaaaaaaaa aa aaaaaaaa aaaaa
a aaaaaaa aaaaaaaaa aaaaaaaaaaaaaaaaaaaa aaaa
aaa aaaaaaaaaaa aaaaaaaaaaaaaaaaaaaa a aaaaaaaaaaaaaaaaaa
aaaaa aa aaaaaa aaaa aaaaaaaaaa aaaaaaaaaaaaaaaaa
aa aaaaaaaaaaaaaa aaaaaaaaaaaaaaa aaaaaaaaaaaaa
aaaaaaaaa aaaaaaaaaaaaaaaaaa aa aaaaaaaaaaaaaaaaaa
aaaaaaaaaaaaa aaaaaaaaaaaaa aaaaaaaaa a aaaaaaaaaaaa
aaa aaaaaaaaaaaaaaaaaaa aaa aaaaa aaa aaaaaaaaaaa
aaaaaaaaaaaaaa aaaaaaaaaaaaaaaa aaaaaaaaaaaaaaa
aaa a aaaa aaaaaaaaaaa aaaaaaaaaaaaaaa aaaaaaaaaa
aaaaaaaaaaaaaaaaaaaa aaaaaaaaaaaaaa aaaa aaaaaaaaaaaaa
aa aaaaaa aaaaa aaa a aaaaaaaaaaaaaaaa aaaaaaaa
aaaaa aaaaaaaaaaaaaaaaa aaaaaaaaaaaaaaaa aaaaaaaaaaaaaaa
aaa a aaaaaaaaaaaaaaa aaaaa aaaaaaaaaaa aaaaaaaaaaaaaaaaaa
aaaaaaaaaaaa aaaaaaaaaaaaaaaa a aa aaaaaaa
aaaa aaaaaaaaaaaaaaaaaa aaaaa aaaaaaaaaaaaaaaa
aaaaaaaaaaaaaaaaaaa aaaaaaaaaa aaaa aaaaaaaaaaaaa
aaaa aaaaaaaaaaaaaa a aaaaaaaaaaaaaaaaaa aaaaaaaaaaaaaaaaaaa
aaaaaaa aaaaaaaaaaaaaaaaa a a aaaaaaaaaaaaaaaaaa
aaaaaaaaaaaaaaaaaaa aaaaaaaaaaaaa aaaaaaaaaaaaaaaaaaa
aaaaaaaa aaaaaaaaaaaaaaaaaaa aaaaaaa aaaaaaaaaaaaaaaaaaa
aaaaaaaaaaaaaaa aaaaaaaaaaaaaaaaaa aaaaa aaaaa
aaaa aaaaaaaaaaaaaaaa aaaaaaaaaaaaaaaaaaaa
aaaaaaaa aaaaaaaaaaaaaaa a aaaaaaaaaaaa aa
aaaa aaaaaaaaaa aaaaaaaaaaaaaaaaaaa aaaaa
aaaaaaaaa aaaaaaaaaaaaaaaaaaa aaaaaaaaaaaaaa
aaaaaaaaaaaaaa aaa aaaaaaaaaaa aaaa aaaaaaaaaa
aaaaaaaaaaaaaaaaa aaaaaaaaaaaaaa aaaaaaaaaaa
aaaaaaaaaaaaaaaa aaaaaaaaaaaaa aaa a aaaaaaaa
aaaaaaaaaaaaaaaaaaaa aaaaa aaaaaaaaaaaaa aaaaaaaaaaaaaaa
aaaaaaaaaaaaaaaa aaaaaaa aaaaaaaaaaaaaaaaaaaa
aaaaaaaaa aaaaaaaaa aaaaaaaaaaaaaaa aaaaaaaaaaaaaaaaaaaa
aaaaaaaaaaaaaa aaaaaaaaaaa aa aaaaaaaaaaaaaaaaa
aaaaaaa aaa aaaa aaa aaaaaaaaaaaaa aaaaaaaaaaaaaaa
aaaaaa a aaaaaaaaaaaaaaa aaaaaaaaaaaaaaaaaaaa
aaaaaaa aaaaaaaaaaaaaaa aaaa a aaaaaaaaaaaaa
aaaaaaaa aaaaaaaaa aaaa aaaaaaaaaaaaaaaaaa
aaaaaaaaaaaaaaaaaaa aaaaaaaaaaaaaaaaaa aaaaaaaaaaaaaaaaaaaa
aaaaaaaaaaaaaa aa aaaaaaaaaaaa aaaaaaaaaaaaa
aaaa aaa aaaaaa aaaaaaaaaaaaaaaa aaaaaaaaaaa
aaaaaaaaaaaaaaaaa aaaaaaaaaa aaaaaaaaaaaaaaaaa
aaaaaaaaaa aaaaaaaaaaaaa aaaaaaaaa aaaaaaaaa
aaa aaaaaaa aaaa aaaaaaaaaaaaaaaaaaaa aaaa
aaaaaaaaaaaaaa aaaaaaaaaaaaaaa aaaaaaaaaaaaaaa
aaaa aaaaaaaa aaaaaaaaaaaaa aaaaaaaaaaaaaaaaaaaa
aaaaaaaaaa aaaaaaaaa aaaaaaa aaaaaaaaaaaaaaaa
aaaaa aaaaaaaaaaaaaaaaaaaa aaaaaaaaaaaaaaaaaaaa
aaaaaaaaaaaaaaaaaaa aaaaaaaaaaaaa aaaaa aaaaaaaaaaaaaaa
aaaaaaaaaaaaa aaaaaaaa aaaaaaaaaaaaaaa aa
aaaaaaaaaaaaaaaa aaaaaaaaaaaaaaaaaaa aa aaa
aaaaaaaaaaa aaaa aaaaaaaaaaaaaaaaaaaa aaaaaa
aaaaaaaaaaaa aa aaaaaaaaaaa aaaaa aaaaaaaaaaaaaaaaaaa
aaaaaaaaaaaaa aaaaaaaaaaaa aaaaaaaaaaaaaaaaaaa
aaaaaaaaaaaaaaaaaa aaaaaa aaaaaaaaaaaaaaa
aaaaaaaaaaaaa aaaaaaaaaaaaa aaaaaaaaaaaaaaaaaa
aaaaa aaaaaaaaa aaa aaaaaaaa aaaaaaa aaaaaaa
aaaaa aaaaaaaaaaaaaaaaaa aaaaaa aaaaaaaaaaaaaaaaa
aaaaa aaaaaaaaaaaaaaaaa aaaaaaaaaaaaaaaaa
aaaaaaaa aaaaaaaaaaaaaaaaaa aaaa aaaaaaaaaaaaaaaaaaa
aaaaaaa aaaaaaaa aa aaaaaaaaaa aaaaaaaaaaaaaaaaaaaa
aaa aa aaaaaaaaaaaaaaaaaa aaaaaa aaaaaaaaaaaaaaaaaaaa
aaaaaaaaaaaa aaaaaaaaaaaaaaaa aaaa aaaaaaaaaaaaaaaaaa
aaaaaaaaaa aaaaaaaaaaaaaaaaaaa aaaaaaaaaa
aaaa aaaaaa aa aaaaaaaa aaaaaaaaaaaaaaa aaaaaaaaaaaaaaaaa
aaaaaaaaaaa aaaaaaaa aaaa aaaaaaaa aaaaaaaaaaaaaaaaaa
aaaaaaaaaaaaaaa aaaaaaaa aaaaaaaa aaa aaaaaaaaa
aaaaaaaaaaaaaaaa aaaaaaaaaaaaaaaaaaa aaaaaaaaaaaaaaa
aaaaaaaaaaaa aaaaaaaaaaa aaaaaaaa aaaaaaaaaaaaa
aaaa aaaaaaaaaaaaa aaaaaaaaaaaaaaaaa aaaaaaaaa
aaaaaaaaa aaaaaaaaaaa aaaaaaaa aaaaaaaaa aa
aaaaa aaaaaaaaaaa aaaa aaaaaa aaaaaaaaaaaaaaa
aa aaaaaaaaaaaaaaaaa aaaaaaaaaaaaaaaaaaa aaaaaaaaaa
aaaaaaaaaaaaaaa aaaaaaaaaaa aaaaaaaaaaaaaaaaaaa
aaaaaaaaaaaaaa aaaaa aaaaaaaaaaaaaaaaaaa aaaaaaa
aaaaaaaaaaaaaaaaa aaaaaaaa aaaaaaaaaaaaaaaaaaaa
aaaaaaa aaaaaaaaaaaaaaaa aaaaaaaaaaaaaaaaa
aaaaaaaa aa aaaaaaaaaaaaaaaaaaa aaaaaaaaaaaaa
aaaaaaaaaaaaaaaaaaaa aaaaaa aaaaaaaaa aaaaaaaaaaaaa
aa aaaaaaaaaaa aaaaaaa aaaaaaaaaaaaaa aaaa
aaaaaaaaa aaaaaaaaaaaa aaaaaaaaaaaaaaaa aaaa
aaaaaaaaaaaaaaaaa aaaaaaaaaaaaaaaaaa a aaaaaaaaaaaaaaa
aaaaaaaaaaa aaaaaaaaaaaaaaa aaaaaaaa aaaaaaaaaaaaaaaaaa
aaaaaaaaaaa aaa aa aaaaaaaaaaaaaaa aaaaaaaaaaa
aaaa aaaaaaaaaaaaaa aaaaaaaa aaaaaaa aaaaaaaaaaaaaaaa
aaa a aaaaaaaaaaa aaaaaaaaaaaaaa aaaaaaaaaaa
aaaaaaaaa aaaaaaaaaaaaaaaaaaa aaaaa aaaaaaaaaa
aaaaaaaaaaaaaaaaaaaa aaaaaa aaaaa aaaaaaaaaaaaaaaaa
aaaaaaaaaaaaaaaa aaa aaaaa aaaaaaaaaaaaaaaaaaa
aaaaaaaaaaaaaaa aaaaaaaaaaaaaaa aaaaaaaa a
aaaaaaaaaaaaaaaaaa aaaaaaaaaaaa aaaaaaaaaaaaaaaaaa
aaaaaaaaaa aaaaaa aaaaaaaa a aa aaaaaaaaaaaaaaaaaaaa
aaaaaaaaaaa aaaaaaaaaaa aaaaaaaaaaaaa aaaa
aaaaaaaaaaaaaaaaaaa aaaaaaaaaaaaaaa aaaaaaaaaaa
aaaaa aaaaaa aaaaaaaaaaaaaaa aaaaa aaaaaaaaaaaaaaaaaaa
aaaaaaaaaaaa aaaaaaa aaaaaaaa aaaaaaaaaaaaa
aaaaaaaaaaaaaaaaaa aa aaaaaaaa aaaaaaaaaaaaaaa
aaaaaaaaaaa aaaaaaaaaaaaa aaaaaaa aaa aaaaaaaaaaaaaaaaa
aaaa aaaaaaaaaaaaaaaaaa aaaaaa aaaaaaaaaa
aaaaaaa aa aaaaaaaaaaaaaaaaaaa aaaaaaaa aaaaaaa
aaaaaaaaaaaaaa aaaaaaaaaaaaaaaaa aa aaaaa
aaaaaaa aaaaaaaaaaaaa aaaaaaaaaaaaaa aaaaaaaaaaaaaa
aaaaaaaaaaaaaaa aaaaaaa aaaaaaaaaaa aaaaaaaaaaaa
a aaaaaaaaaaaa aa aaaaaaaaaaaaaaa aaaaaaaaaaaaaa
aaa aaaaaaaaaaa aaaaaaa aaaaaaaaaaaaaaaaaaaa
aaaaaaaaaaaa aaaaaaaaaaaaaaaa aaaaaaaaa aaaaaaaa
aaaa aaaaaaaaaaaaaaaaaaaa aaaaaaaaaaaaaaaaaa
aaaaaaaa aaaaaaaaaaaaaaaaaa aaaaaaaaaaaaaaaaaaaa
aaaa aaa aaaaaaaaaaaaaaaa aaaaaaaaaaa aaaaaaaaaaaaaaaaaaa
aaaaaaaa aaaaa aaaaaaaaaaaaaaaaaaa aaaaaa
aaaaaaaaaaaaaaaaaa aaaaaaaaaaaaaaaaaa aaaaaa
aaaaaaaa aaaaaaaaaaaaaa aa aaaaaaaaaaaaaaaa
aaaaaa aaaaaaaaaaaaaaaaa aaaaaaaaaa aaaaaaaaaaaaaaaaaa
aaaaaaaaaaa aaaaaaaaaaaaaaaaa aaaaaaaaaaaaaaaaa
aaaaaaaaaaa aaaaaaaaaaaaaaaaa aaaaaaaaaaaaa
aaaaaaaaaaaaaaa aaaaaaaaaaa aaaaaaaaaaaaaaaaa
aaaaaaaaaaaaaaaaaaa aaaaaaaaaaaaa aaaaaa aaaaaaaa
aaaaaaaaaaaaaaaaaaaa aaaa aaaaaaaaaaaaaaaaaaa
aaaaaaaaaaaa aaaaaaaa aaaaaaaaaaaaaaaaaaa
aaaaaaaaaaaaaaaaaaaa aaaaaaaaaaaaaaaaaaa aaaaaaaaaaaaaaaaaa
aaaaaaaaaaaaaaaa aaaaaaaaaaaaaaaaaaa a aaaa aaaaaaaaaa
aaaaaaaaaaaaaa aaaaaaa aaaaaaaaaaaa aaaaaaaaaaaaaaaaaaa
aaaaaaaaaaaa aaa aaaaa aaaaaa aaaaaaaaaaaaaa a aaaaaaa
aaaaaaaaaaaaaaa aaaaaaaaaaaaaaaaa aaa aaaaaaaaaaaaa
