aaaaaaaaaaaaaaaaa aaaaaaaaaaaaa aaaaaaaa aaaaaaaaaaaaaaaa aaaaaaaaaaaaaaaa
aaaaaaaaaaaaaaaaa aaaaaaaa aaaaaaaaa aaaaaaaaaaa aaaaaaaaaaaa
aa aaaaaaaaa aaaaaaaaaaa aaaaaaa aaa aaaaaaa aaaaa aa aaaaaaaaaa
aaaaaaaaaaaaaa aa aaaaaaaaaaaaaaaaaa aaaaaaaaaaaa aaaaaaaaa
aaa aaaaaaaaaaaa aaaaaaaaaaaaaaaaaaa aaaaaaaaaa aaaaaaaaaaa
aaaaaaaaaaaaaaaaaaaa aaaaaaaaaaaaaaaaaa aaaaaaaaaaaaa aaa aaaaaaaaaaaaaaaaaaa
aaaaa aaaaaaaaaaaaaaaaaaaa aaaaaaaaaaa aaaaaaaaaaaaa aaaaaaaaaaaaa
aaaaaaaaaaaaaaaaaaaa aaaaaaaaaa aaaaaaaaaaaaaa aaaaaaa aaaaaaaaa
aaaaaaaaaaaaa aaaaaaaaa aaaaaaaaaaaaaa aaaaaa aaaaaaaa aaaaa
a aaaaaaaaaa a aaa aaaaaaaaaaaaaaaa aaaaaa aaaaaaaaaaaaaaaa
a aaaaaaaaaaaaa aaaaaaaaaaaaaaaaa aaaaaaaaaaaaa aaaaaaaaaaaaa
aaaaaaaaaa aaaaaaaa aaaaaaaaaaaaaaaa aaa aaaaaaaaaaa aaaa aaaa
aaa aaaa aaaaaaaaaaaaaaaaa aaaaaaaaaaaaaaaa aaaaaaaaaaaaaa
aa aaaaaaaaaaa aa aaaaaaaaaaaaaa aaaaaaaaaaaaaa aaaaaaa aaaaaaaaaaaaaaaaaa
aaaaaaaaaaa aaaaaaaaaaaaaaaaa aaaaaaaaaaaaaa aaaaaaaaaaa aaa
aaaaaaaaaaaaaaaaaaaa aaaaaaaaaaaaaaaaaaa aaaaaaaaaaaaaaaaaaa
aaaaaaaaa aaaaaaa aaaaaaaaaaaaaaaaaaaa aaaaaaaaaaaaaaaa a aaaaaaaaaaa
aaaaaaaaaaaa aaaaa aaaaaaaaaaaaaaaaaa aa aaaaaaaaaaa aaaaaaaaa
a aaaaaaaaaaaa aaaaaaaaaaaa aaaaaaaaaaaaaaaaaaaa aaaaaaaaaaaaaaaaa
aa aaaaaaaaaaaaaaaaaaaa aaaaaaaaa aaaaaaaa aaaaaaaaaaaaaaaaaaa
aaaaaaaaaaaaaaaaaaa aaaa aaaaaaaaaaaaaaaaaaa aaaaaaaaa aaaa
aaaa aaaaaaaaaaa aaaaaaaaaa aa aaaaaaaaaaaaa aaaaaaaaaaaaaaaaaaaa
aaaaaaaaaa aaaaaaa aaaaaaaaaaaaaaaa aaaaaaaaaaaaaaaaaaa aaaaaaa
aaaaaaaaaaaaaaaaaa aaaaaaaa aaaaaaaaaaaa aaaaaaa aaaaaaaaaaa
aaaa aaaaaaaaaaaaaaaa aaaaaaaaaaa aaaaaaaaaaaaaaaaaaaa aaaaaaaaaaaaaaaa
aaaaaaaaaaaa aaaaaaa aaaaaaaaaaaaaaaaaaa aaaaaa aaaaaaaaaaa
aaaaa aaaaaaaaaaaaaa aaaaaa aaaaaaa aaaaaa aaaaaaaaaaaaaa aaaaaaaaaaa
aaaaaaaaaaaaaaaaaa aaaa aaaaaaaaaaaaaaaaaa aaaaaaaaaaaaaaaaaaa
aaaaaaaaaaaaaaa aaaaaaaaaaaaa aaaaaaaaaaaaaaaaaaa aaaaaaaaaaaaaaa
aaaaaaaaaaaaa aaaa aaaaaaaaa aaaaaaaaaaaaaaaaa aaaaaaaa aaaaaaaaaa
aa aaaaaaaaa aaaaaaaaaaaaa aaaaaaaaa aaaaaaaaaa aaaaaaaaaaaaaaaa
aa aaaaaaaaaaaaaaaa aaaaaaaaa aaaaaaaaaaaaaaaaa aaaaaa aaaaaaaaaaaaaa
aaa aaa aaaaaaaaaaaaa aaaaaaaaaaaaaa aaaaaaaa aaaaaaaaaaaaaaaaaaaa
aaaaaaaa aaaaaaaaaa aaaaaaaa aaaaaaaaa aaaaaaaaaaaaaaaaaa aaaaaaaaaaaaaaaa
aaaaaaaaaaaa aaaaaaaaaaaa aaaa aaaaa aa aa aaaaaaaaaa aaaaaaaaaaaaaaaaaaaa
aaaaaaaaaaaa aaaaa aa aaaaaaaaaaaaaaaaaaa aaaaaaaaaaaaaa aaa
aaaaaaa aaaaa aaaaaa aaaaaaaaaaaaa aaa aaaaaaaaaaaaaaaaaaa
aaaaaa aaaaaaaaaaaaaaaaaa aaaaaaaaaaaaaaaaaa aaaaaaaa aaaaaaaaaa
aaaaaaaaaa aaaaaa aaaaaaaaa aaaaaaaaaaaaaaaaa aaaaaaaaaaaaaaaaaaa
aaaaaaaaaaaaaaaaa aaaaaaaaaa aaaaaaaaaaaaaaaaaaaa aaaaaaaaaaaaaaaaaaaa
aa aaaaaaaaaaaaaaaaaa aaaaaaaaaaaa aaaa aaaaaaaaaaaaa aaaaaaaa
aaaaaaaaaaaaaaaaaaa aaaaaaaaaaaaaaaaaaa aaaa aaaa aaaaaaaaaaa
aaaaaa aaa aaaaaaaaaaaaaaa aaaaaaaaaaaaaaa aaaaaaaaaaaaaaaaaaaa
aaaaa aa aaaaaaaaaaaaaaaaa aaaaaaaaaaaaaa aaaaaaaaaaaaaaaaa
aaaaaaaaaaaaaaaaaa a aa aaaaaaaaaaaaa aaaaa aaaaaaaaaaaaaaa
aaaaaa aaaaa aaaa aaaaaaaaaaaaaaaaa aaaaaaaaaaaaaa aaaaaaaaaa
aaaaaaaaaaa aaaaaaaaaaaaaaaaaaa aaaa aaa aaaa aaaaaa aaaaaaaaaaa
aaaaa aaaaaaaaaaaaaaaaaaa aaaaaaaaaaaaaaaaaaaa aaaaaa aaaaaaaaaaaaaaaaa
aaaaaaa aaaaaaaaaaaa aaaaaaaaaaaaaaaaaaa a aaaaaaaaaaaaa aaaaaaaaaaaaaaaaaaaa
aaaaaaaaaaaaaaaa a aaa aaaaaaaaa aaaaaaaaaaaa aaaaaa aaaaa
aaaaaa aaaaaaaaaaaaaaa aaaaaaaaaaa aaaaaaaaaaaaaaaaaaa aaaaaaaaaaaaaaaaa
aaaaaa aaaaaaa aaaaaaaaaaaaaaaaaa aaaaaa aaaaaaaaaaaaaaaaaaa
aaaaaaaaaaaaaaa aaaaaaaaaaaaaaaaaaaa aaaaaaaaaaaa aaaaaaaa
aaa aaaaaaaaaa aaaaaaaaa aaaaaaaa aaaaaaaaaaaaaaaa aaaaaaaaaaa
aaaaaaaaaaaaaaa aaaaaaaaaaaaaaaaaaaa aaaaaaaaaaaaaaaaaa aaaaaaa
aaaaa aa aaaaaaa aaaaaa aaaaaaaaaaaaa aaa aaa aaaaaaaaaaa aaaaaaaaaaaaa
aaaaaaaaaaaaaaaaaa aaaaaaaaaaaaaaaaa aaaaaaaaaaaaaaaaaaaa aaaaaaaaaaaaaaaa
aaaaaaaaa aaaaaaa aa aaaaaaaaaaaaaaaaaaaa aaaaaaaaa aaaaaaaaaaaa
aaaaaa aaaaaaaaaaaaaaaaaaaa aaaaaaaaaaaaaa aaaaaaaaaaaaaaaaaa
aaaaaaaaaaaaaa aaaaaa aaaaaaaaaa aaaaa aaaaaaaaaaaaaaaaaaa
aaaaaaaaaaaaaaaaaaaa aaaaaaaaa aaaaaaaaaaaaaaaaaa aaaaaaaaaaa
aaaaaaaaaaaaaaaaaaa aaaaaaaaaaaaaaaaaaa aaaaaaaaaaaaaaaaa aaaaaaaaaaa
aaaaaaa aaaaaaaaaaaaaaaa aaaaaaaaaa aa aaaaaaaa aaaaaaaaaaaaa
aaaaaaaaaaaaaaaaaa aaaaaaaaaaaaaa aaaaaaaaaaaaaaaaaa aaaaaa
aaaaaaaaaaaaaaaa aaaa aaaaaaaaaaaaaaaa aa aaaaaaaaaaaaaaaaaaaa
aaaaaaaaaaaaaaa aaaaaaaaaa aaaaaaaaaaaaaaaa aaaaa aaaa aaaaaaaaaaaaaaaaaaa
aaaaaaaaa aaaaaaaaaaaaaaaaaaa aaaaaaaaaaaaaaaaaaaa aaaaaaaaaaaaa
aaaaaaaaaaaa aaaaaaaaaa aaaaaaaa aaaaaaaaaaaaaaaaaa aaaaaaaaaa
aaaaaaaaaaaaaaaaaaaa aaaa aaaaaaaaaaaaaaaa aaaa aaaaaaaa aaaaaaaaaaaaaaaaaaa
a aaaaaaaaaaaaaaaaaa aaaaa aaa aaaaaaaaaaaaa aaaaaaaaaaaaaaaaaaa
aaaaaaaaaaaaa aaa aaa aaaaaaaaaaa aaaaaaaaaaaaaaaaa aaaaaaaaaaaaaaaaaaaa
aaaaaaaaaaaaaa a aaaaaa aaaaaaaaaaaaaaa aaaaaaaaaaaaaaaaaaaa
aaaaa aaaaaaaaaaaaaaaa aaaaaaaaaaaaaaaa aaaaaaaaa aaaaaaaaa
aaaaaaaaaaa aaaaaaaaaaa aaaaaaaaaaaaaaa aaaaaaaaaaaaaaaaaaa
aaaaaaaaaaaaaaa aaa aaaaaaaaaaaaaaaaaaa aaaaaaaaaaaaaaa aaaaaaaaaa
aaaaaaaaaaaa aaaaaaaaaaaaaaaaaaa aaa aaaaaaaaaa aaaaaaaaaa
aaaaaaaaaaaaaaaa aaaaaaaaaaa aaaaaaaaaaaaaaaaaaaa aaaaaaa aaaaaaaaaaaaaaa
a aaaaaa aaaaaaaaaa aaaaaaaaa aaaaaa aaaaaaaaaaaaaaaaaaa aaaaa
aaaaaaaaaaaaaaaaa a a aaaaaaaaaaaaaa aaaaaaaaa aaaaaaaaaaaaaa
aaaaaaaaaaaaaaaaa aaaaaaaaaaa aa aaaaa aaaaaaaaaaaaaaaaaaa
aaaaa aa aaa aaaaaaaaaa aaaaaaaaaaaaaaaa aaaaaaaaaaa aaaaaaaaaaaaaaaaaa
aaaaaaaaaaaaaaaa aaaaaaaaaa aa aaaaaaaaaaaaaaaa aaa aaaaaaaaaaaaaaaaaaa
aaa aaaaaaaaaaaaaaaa aaaa aaaaaaaaaaaaaaaaaaaa aaaaaaaaaaaaa
a aaaaaaaaaaaaaaaa aaaaaaaaaaaa a aaaaaaaaaaaaaaaaaaa a aaaaaa
aaaaaaaaaa aaaaaaaaaaaaa aaa aaaaaaaaaaaaaaa aaaaaaaaaaa aaa
aaaaaaaaaaaa aaaaaaaaaaaaaa aaaaaaaaaaaaaaaaa aaaaaa aaaaa
aaaaaaaaaaaaaaaaa aaaaaaa aaaaaaaaaaaaaaaaa aaaaaa aaaaaaaaaaaa
aaa aaaaaa aaaaaaaaaaaaaaaaaa aaaaaaaaaaaaaaaaaa aaaaaaaaaaaaaa
aaa aaaaaaaaaaaaa aaaaaaaaaaaaaaaaaaa aaaaaaaaaaaaaaaaaa aaa
aaaaaa a aaaaaaaaa aaaaaa a aaaaaaa aaaaaaaaa aaaaaaaaa aaaaaaaaaaaaaaaaaaa
aaaaaaaaaaaa aaaaaaaaaaaaaaaaaaa aaaaaaaaa aa aaaaaaaaaaaa
a aaaaa aaaaaaaaaaaaaaaaaaaa aaaa aaaaaaaaa aaaaaaaaaa aaaaaaaaaaaaaaaaaaa
aaaaaaaaaaaa aaaa aaaaaaaaaaaaa aaaaaaaaaaaaaa aaaaaaaaaaaaaaaaaa
aaaaaaaaaaaaaaaaaaa aaaaaaaaaaaaaa aaaaaaaaaaaaaaaaa aaaaaaaaaaaaaaaaaa
aaaaaaaaaaaa aaaaaaaa aaaaaaaaaaaaaaaaaaaa aaaaaaaaaaaaa aaaaaaaaaa
aa aaaaaaaa aaaaaaaaaa aaaaaaaaaaaaa aaaa aaaaaaaaaaaaaa aaaaaaaaaaaa
aaaaaaaaaaaaaa aaaaaa a aaaaaaaaaa aaaaa aaaaaa aaaaaaaaaaaaaaaaa
aaaaaaaaaaaaaaa aaaaaaaaaa aaaaaaa aaaaaaa aaa aaaaaaa aaaa
aaaaaaaaaaaaaa aaaaaaaaaaa aaaaaaaaaaaaaaa aaaaaaaaaaaaaaaaaaaa
aaaaaaaaaaaaaaaaaaa aaaaaaaaaaaaaaaaa aaaaaaaaaaaaa aaaaaaaaaaaaaaaaaa
aaaaaaaaaaaaaaaaaaaa aaaaaaaaaaaaaaaaaaaa aaaaaaa aaaaaaaaaaaaa
aaaaaaaaaaaaaa aaaaaaaaa aaaaaaaaaaaaaaaaaaaa aaaaaaaaaaaaaaa
aaaaaaaa aaaaaaaaaaaa aaaaaaaaaaaaaaaaaa aaaaaaaaaaaaaaaaaaa
aaaaaaaa aaaaaaaaaaaaaaaaaa aaaaaaaaaaaaaaaaaaaa aaa aaaaaaaaaaaaaaaaa
aaaaaaaaaaaaaaaa aaaaaaaaaaaaaaaaa aaaaaaaaaaaaaaaaa aaaaaaaaaaaaaa
aaaaaaaaaaaaaaa aaaaaaaaaa aa aaaaaa aaaaaaaaaaaaa aaaaaaaaaaaaaaaa
a aa aaaaaaaaaaaaaaaaaa aaaaaaaaa aaaaaaaaaaaaa aaaaaaaaaaaaaaaa
aaaaaaaaa aaaaaaaaaaaaa aaaaaaaaaaaaaaa aa aaaaaaaaaaaaaaaaaa
aaaaaaaa aaa aaaa aaaaaaaa aaaaaaaaaaaaaaaa aaaaaaaaaa aaaaaaaa
aaaaaaaaaa aaaa aaaaaa aaaaa aaaaaaaa a a aa aaaaaaaaaaaaaaaaaa
aaaaaaaaaaaaaaaa aaaaaaaaaaaaaaaaaaaa aaaaaaaaaaaaaaaaa aaaaaaaaaaaaaaaaa
aaaaaaaaaaaaaaaaaa aaaaaaaaaaaaaaa aaaaaaaa aaaa aaaaa aaaaaaaaaaaaaa
aaaaaaaaaaaaaaaaaa aaaaaaa aa aaaa aaaa aaa aaaaaaaaaaa aaaaaaaaaaaa
aaaaa aaaaaaaaaaaaaaaa aaaaaaaaaaaaaa aaaaaaaaaaaaaaaaaaaa
aaaaaaaaaaaaaaaaa aaaaaaaaaaaaaaaaa aaaaaaaaaaaaa aaaaaaaaa
aaaaaaaaaaaa aaaaaaaa aaaaaaaaaaaaaaaaaaaa aaaaaaa aaaaaaaaaaaaaa
aaaaaa a aaaaaaaaaa aaaaaaaaaaaaaaaa aaaaa aaaaaaaaaaaa aaaaaaaa
aaa aaaaa aaaaaaaa aaaaaaa aaaaaaaaaaaa aaaaaaaaaaaaaaaaaaaa
aaaaaaaaaaaaaaa aaaaaaaaaaaaaaaaaaa aaaaaaaaaaaaaaaa aaaaaaaaaa
aaaaaaa aaaaaaa aaaaaaaaaaaaaaa aaaa aaaaaaaa aaaaa aaaaaaaaaaaaaa
aaaaaaaaaaaaaaa aaaaaaa aaaaaaaaaa aaaaaaaaaaaaaaa aaaaaaaa
aaaaaaa aaaaaaaa aaaaaaaaaaaaaaaa aaaaaaaaaa aa aaaaaaaaaaaaaaaa
aaaaaaaaaaa aaaaaaaaaaaaa aaaaaaaaaaaaa aaaaaaaaaaaaaaaaaaaa
aaaaa aaaaaaaaaaaa aa aaaaaa aaaaaaaaaaaaaaaaaa aaaaa aaaaaaaaaaaaaaaaaaa
aaaaaaa aa aaaaaaaaaaaaaaaaaa aaaaaaaaaaaaaaaaaaa aaaaaaaaaaaaaaa
aaaaaaaaaaa aaaaaaaaaaa aaaaaaaaaaa aaaaaaaaaaaaaaaaaa a aaaaaaaaaaa
aaaaaaaaaaaaa aaa aaaaaaaaaaaaaaaaaa aaaaaaaaaaaaaaaaa aaaaaaaaa
aaaaaaaaaaaaa aaaaaaaaaaaa aaa aaaaaaaaaaaaaaaa aaaaaaaaaaaaaaaaa
aaaaaaaaaaaaaaaaaaaa aa aaaaaaaaaaaaaaaa aa aa aaaaaaaaaaaaaaaaaaaa
aaaa aaaaaaaaaaaaaaaaaaa aaaaaaaaaaaaa aaaaaaa aaaaaaaaaaaaaaa
aaaaaaaaaaaaa aaaaaaa aaaaaaaaaaaaa aaaaaaaaaaaa aaaaaaaaaa
aaaaa aaaaaaaaaaaaaaaaa aaaaa a aaaaaa aaaaaaa aaaaaaaaaa aaaaaa
aaaaaaaaaaaaa aaaaaaaaaaaaaaaaaa aaaaaaaa aaa aaaa aaaaaaaaaaaaa
a aaaaaaaaaaaaaaaaaaaa aaaaaaaaaaaa aaaaaaa aaaaaaaa aaaaaaaaaa
aaaaa aaaaaaaaaaaaaaaaa a aaaaaaaaaaaaaa aaaaaaaaaaaaaaaaa
aaaaaaaaaaaaaa aaaaaaaaaaaaaaaaaaa aaaaaaaaaaaaaaaaa a aaaaaa
aaaaaaaaaaaaaa aa aaaaaaaaaaaaaaaa aaaaaa aaaaaaaaa aaaaaaaaaaaa
aaa aaaaaaaaaaaa aaaaaaa aaaaaaaaaaaaaaa aaaaaaaaaaaaaaaa aaaaaaaaaaaaaa
aaaa aaaaaaaaaaaaaa aaaaaaaaa aaaaaa aaaaaa aaaaaaa aaaaaaaa
aaaaaa aaaaa aaaaaaaaaaaaaaaaaaaa aa aaaaaaaaaaaaaaa aaaaaaaaaaaaa
aaaaaaaaaaaaaaaaaaa aaaaaaaaaa aaaaaaa aaaaaa aaaaaaaaaaaaaaaa
aa aaaaaaaaaaaaaaaaa aaaaaaaaaa aaaaaaaaaaaaaaaaaaaa a aaaaaaaaa
aaaaaaaaaaaaaaaaaa aaaaaaaaaaa aaaaaaaaaaaa aaaaaaaaa aaaaaaa
aaaaaaaaaaaaaaaa aaaaaa aaaaaaaaaa aaaaa aa aaaaaaaaaa aaaaaaaaa
aaaaaaaaaaaaa aaaaaaaaaaaaaaaaa aaaaaaaaaaaaa aaaa aaaaaaaaaaaaaaaaaaaa
aaaaaaaaaaaaaaa aaaa aaaaaaa aaaaaaaaaaaaaaaaa aaaaaaaaaaaaaaa
aaaaaaa aaaaaaaaaaaaaaaaa aaaaaaaaaaaaaa aaa aaaaaaaaaaaa aaaaa
aaaaaaaaaaaaaaaaa aaaa aaaaaaaaaaaaaaaa aaaaaaaaaaaaaaaaaa
aaaaaa aaaaaaaa aaaaaaaaaaaa aaaaaaaaaaaaaaaaa aaa aaaaaaaaaaaaaaaaaaaa
aaaaaaaaaaaaaa aaaaaaaa aaaaaa aaaaaaaaaaaaaaaaaaaa aaaaa aaaaaaaaaaaaa
aaaaaaaaaaaaaaaaaa aaaaaa aaaaaaaaaaaaaaaaa aaaaa a aaa aaaaaaaaaaaaaaaaaaaa
aaaaaaaaaaaaaaaaaaaa aaaaaaaa aaa aaaaaaaaaaaaaaaaaaa aaaaaaaaaaaaa
aaaaaaaaaaaaa aaaaaaa aaaaaaa aaaaaaaaaaa aaaaaaaaaaaaaaaaaaaa
a aaaaaaaaaaaaaaaaaa aaaa aaaaaaaaaaaaa aaaaaaaa aaaaaa aaaaaaaaaaaaaa
aaaaaaaaaaaaaaaaa aaaa aaaaaaaaaaaaa aaaaaaaaa aaaaaaaaaaaaaaa
aa aaaaaaaaaaaaaaa aaaaaaaaaaaaaaa aaaaaaaaaa aaaaa aaaa aaaaaaaaaaaaaaaaa
aaaaaaaaaaaaaaa aaaaaaaa aaa aaaaaaa aaaaaaaaaaaaaaaaaaaa aaaaaaaaaaaaaaaaaa
aaaaaaaaaaaa aaaaaaaaaaaa aaaaaaaa aaaaaaaaaaaaaaaa aaaaaaaa
aaaaaaaa aaaaaaaaaaa aaaaaaaa aaaaaaaaaa aaaaaaaaaaaaa aaaaaaaaaaaaaaa
aaaaaaaaaaaaa a aaaaaa aaaaaaaa aaaaaaaaaaaaaaa aaaaaa aaaaa
aaaaaa aaaaaaaaaaaaaaaaaaa aaaaaaaa aaaaaaaaaaaaaaaaaa aaaa
aaaaaaaaaaaaaaaaaaaa aaaaaaaaaaaa aaaaaaaaaaa a aaaaaa aaaaaaaaaaaaa
aaaaaa aaaaaaaaaaaaaaaaaaaa aaaaaaaaa aaaaaaa aaaaaaaaaaaaaaaaa
aaaaaa aaaaaaaaaaaaaa a aaaaaaaaaaaaaaaaa aaaaaa aaaaaaaaaaaaaaaaa
aaaaaaaaaaa a aaaaaaaaaaaaaaaaaaaa aaa aaaaaaaaaaaaaaa aaaaaaaaaaaaaaaaaaaa
aaaaaaaaaaaaaa aaaa aaaaaaaa aa aaaaaaaaaa aaaaa aaaaaaaaaaaaaaaaaaa
aaaaaaaaaaa aaaaaaaaaaaaaaa aaaaaaaaaaaa aaaaaaaaaaaaa aaaaaaaaaa
aaaaa aaaaaaaaaaaaaaaaaa aaaaaaaaaaaaaaa aaaaaaaaaaaaaaaa aaaaaaaaaaaaaaaaaa
aaaaaaaaaaaaaaaaaaaa aaaaa aaa aa aaaaaaaaaaaaaa a aaaaaaaaa
aaaaaaaaaaaaaaaaaa aaaaaaaaaaaaaaaaaaaa aaaaaaaaaaaaaaaa aaaa
aaaaaaaaa aaaaaaaaaaaaaaaaa aaaaa aaaaaaaaaaaaaaa aaaaaaa a
aaaaaaaaaaaa aaaa aaa aaaaaaaaaaa aaaaaaaaaaaaaa aa aaa aaaaaaa
aaaa aaaaaaaaaaaa aaaaaaaaaaaaaaaaaaa aaaaaaa aaaa aaaaaaaaaaaaaaaaaaa
aa a aaaaaa aaaaaaaaaaaaaaaaa aaaaaaaaaaaaaaaaaa aaaaaaaaaaa
aaaaaaaaaaaaaaaa aaaaaaaaaaa aa aa a a aaaaaaaaaaaaaaaaa aaaaaaaaaaa
aaaaaaaa aa aaaaaaa aaaaaaaaaaaaaaaaaaa aaaaa aaaaaaaaaaaaaaaaaaa
aaaaaa aaaaaaaaaaaaaaaa aaaaaaaaaaaaaa aaaaaaa aaaaaaaaaaaaaaaaaa
aaaaaaaaaaa a aaaaaaaaaaaaaaaaa aaaaaaaaaaaaaaaaaa aaaaaaa
aaaaaaaaaaaaaaaa aaaaaaaaaaaaaaa a aaaaaaaaaaaaaaaaa aaaaaaaaaa aaa aaaaaaa
