aaa aaaaa aaaaaaaaa
aaa aaaaaaaaaaaa aaaaaaaaaaaaaaaaa
aaaaa aaaaaaaaa aaaaaaaaaa
aaaaaaaa aaaaaaaa aaaaaaaaaaaaaaaa
aa aaaaaa aaaaaaaaaaaaaaaaaaaa
aaaaaaaaaaaa aa aaaaaaaa
aaaaaaaaaaaaaaaaa aaaaaaaaaaaaa
aaaaaaaaaaa aaaaaaaaaaaaaaaa
aaaaa aa aaaaaaaaa
aaaaaaaaaaaaa aaaaaaaaaaaa
aaaaa aaa aaaaa aaaaaaaaaaaaaaaaaaa
aa aaaaaaa aaaaaa aaaaaaaaaaaaaaa
aaaaaaaaaaaaaaaaa aaaaaaaaaaaaaa
aaaa aaaaaaaa aaaaaaaaaaaaaaaaa
aaaa a aaaaaaaaaa aaaaa
aaaaaa aaaaaaaaaaaaaa
a aaaaaaaaa a a aaaaaaaaaaaa
a aaa aaaaaaaaa a aaaa
aaaaaa aaaaaaaaaaaaaaa
aaaaaaaaaaaaaaa aaaaaaaaaaaaaaaaaaaa
aaaaaaaaaaaa aaaaaaaaaaaaaaaaaaaa
aaaaaaaaaaaaaaa aaaaaaaaaaaaaaa
aaaaa aa aaaaaaaaa
aaaaaaaaaaaaa aaaaaaa
aaaaaaaaaa aaaaaaaaaaaaaaaaaaa
aaaaaaaaaa aaaaaa aaa
aaaaaaaaaaa aaaaaaaaaaaaaa
aaaaaaaaaa aaaaaaaaaaaaaa
aaaaaaaaaa aa aaaaaaaaaaaaaaaaaaaa
aaaaaaaaaaaaaa aaaaaaaaa
aaaaaaaaaaa aaaaaaaaaaaaaaaaaa
aaa aaaaaaaaaaaaaaa
aaaaaa aaaaaaaa aaaaaaaaaaaaaaaa
aaaaaaaaaaaaaaaaaaa
aaaaaa aaaaaaaaaaaaa
aaaaa aaaaaaaaaaaaaaaaa
aa aaaaaaaaaaaaaaaaaaa
aaaaa aaaaaaaaaaaaaaaaaaaa
aaaaaaaaaaaaa aaaaaaa
aaaaaaaa a aaaaaaaaaa
aaaaaaaaaaaaaa aaaaaaaaaaaaaaa
aaaaaaaaaaa aaaaaaaaaaaaaaaaaaaa
aaaaaaaaaaaaaaaaa aaaaaaaaaaaaaa
aaaaaaaaaaaaaaaaaa
aaaaaaaaa aaaaaaaaaaaa
a aa aa aaaaaaaaaaaaaaaaa
aaaaaa aaaaaaaaaaaaaa
aaaaaaaaa aaaaaa aaaaaaaaaaaaaaaaa
aa aa aaaa aaaaaaaaaaaaaaaaaa
aaaaaaaaaaaaaaaa aaaaaaaa
a aaaaaaaaaaaaa aaaa
aaa aaaaaaaaaaaaa aaaaaaaaaa
aaaaaaaa aaaaaa aaaaaaaaaaaaaaaaa
aaaaaaaaaaaaaaaa aaaaaaaa
aaaaaaaaaaa aaaaaaaaaa
aaa aaaaaaaaaaaaaa
aaaaaaaaaaaaaaaaa aaaaaaaaaa
aaaaaaaaaaaaa aaaaaaaaaaaaaaaaaaa
aaaaaaaaaaaaa aaaaaaa
aaaaaaaaaaaaa a aaaaaaaaaaaaaaaa
aaaaaaaaaaaa aaaa aaaaaaaaaaaaa
aaaaaaaaaaaaaaaa aaaaaaaaaaaa
aaaaaaaaaaaa aaaaaaaaaa
aaa aaaaaaaaaaaaaa
aaaaaaaaaaaaaaa aaaaaaaaaaaaaaaaaaaa
aaaaa aaaaaaaaa aaaaaaaaaaaaaa
aaaaaaaaaaaaaa aaaaaaaaaaa
aaaa aaaaaaaaaaaaaaaaaaaa
aaaaaaaaaaaaaa aaaaaaaaaaa
a aaaaaaa aaaaa aaaaaaaaaaaaa
aaaaaaaaaaaaaaaa aaaaaaaaaaaaaaaa
aaaa aaaaaaaaaaaaa
aaaaaa aaa aaaaaaaaa
aaaaaaaaa aaaaaaaaaa
aaaaaaaaa aaaa aaaaaaaaaaaaaaaaaaa
a aaaaaaaaa aaa aaaa
aaaaaaaaaaaaaaa a aaaaaaaaaaaaaaaa
aaaaaaaaaaaaaaa aaaaaaaaaa
a aaaaaaaaaaaaaaaaaaaa
aaaaaaa aaaaaaaa aaaaaaaaaaaaaa
a aaaaaaaaa aaaaaaaaaaaaaaa
aaaaaaaaaaaaaaaaaaa
aaaaaaaaaaaaaaaaaaa
aaa a aaaaaaaaaaaaaaaaa
aaaaa aaaaaaaaaaaaaaaaa
aaaaaaaaaaaaaaaaaaa
a aaaaaaaaaaaaaaaaaaa aaaaaa
aaaaa aaaa aaaaaaaaaaaaaaaaaaaa
aaaaaaaaaaaaaaaaaaa
aaaaaaaaaaaaaaaaaa
aaaaaaaaaaaa aaaaaaaaaaaaaaaaa
aaaaaaaaaaaa aaaaa
aaaaaaaaaaaaaaaaaaaa
aaaaa aaaaaaaaaaaaaa
aaaaa aaaaaaaaaaaaaaaaaaaa
aaaaaaaaaaaa aaa a
aaaaaaaaaaa aaaaaaaaaaaa
aaa aaaaaa aaaaaaaaaaaaaaa
aaaaaaaaaaaa aa aaaa
aaaaaaaaaaaaaaaaa aaaaaaaaaaaa
aaaaaaaaaaaa aa aaaaaaaaaaaaaa
aa aaaaa aaaaaaaaaaaa
aaaaaaaaaaaaaaaaaaaa
aa aaaaaaaaaaaa aaaaaaaaaaaaaaaa
aaaaaaaaaaaaaa aaaaaaaaaaa
aaaaaaaaaaaaaaaaaaa
a aaaaaaaaaaaaa aaaaaaaaaaaaaaaa
aaaa aaaaaaaaaaaa aaaaaaaaaaaaaa
aaaaaaaaaaaaaaa aaaaaaaaaaaaaaaaaaaa
aaaaaaaaaaaa aaaaaaaaaaaaaaaaa
aaaaaaaaaaaaaa aaaaaaaaaaaaaaa
aaaaaaaaaaaaaaaa aaaaaaa
aaaa aaaaaaaaaaaaaaaaaaa
aaaaaaaaaaa aaaaaaaaaaaaaaaaa
aaaaaaaaaaaaaa aaaaaaaaa
aaaaaaaa aaaaaaaaaaaaaaa
a aaaaaaaaaaaaaaa aaaaaaaaaaa
aaaaaaaaaaaaaaaaaaaa
aaaaaaaaa aaaaaaaaaaaaa
aaaaa aaaaaaaaa a aaaaaaaaaaaaaaa
aaaaaa aaaaa aaaaaaaa
aaaaaaaaaaa aaaaaaaa
aaaaaaaaaa aaaaaaaaaaaaaaaaaaa
aaaaaaaaaa aaaaaa aaaaaa
aaaaaaaaaaaaaa aaaaaaaaaaaaaaaaaaa
aaaaaaaaaaaa aaaaaaaaaaaaaaaa
aaaaa aaaaaaaaaaaaa
aaaaaaaaaaaaaaaaaaaa
aaaaa aaaaaaaaaa aaaaaaaaaaa aaaaaa
aaaaaaaaaaaaaa aaaaaaaaaaaaaaaaa
aaaaaaaaaaaaaaaaaaaa
aaaaaa aaaaaaaaaaaaaaaaaaa
aaaaaaaaaaaaaaaa aa
aaaaa aaaaaaaaaaaaaaaa
a aaaaaaaaaaaaaa aaaaaaaaaaaaaaaaaa
aaaaaaaa aaaaaaaaaaa
aaaaaaaaaaaa aaaaaaaaaaaaaaaa
aaaaaaaaaaa aaaa aaaaaaaa
aaaaaaaaaaaaaaaaaaaa
a a aaaaaa aaaa aaaaaaaaaa
aaaaaaaaaaaaaaaaa aaaaaaaaaaaaaa
aaaaaaaaaaaaaaaaa aaaaaaaaaaaaaaaaa
aaaaaaaaaaaaaaa aaaaa
aaaaaaaaaaaaa aaaaaaaaaaaaaaaaaaa
aaaaaaaaaaaaaaaaaaaa
a aaaaaaaaaaaaa aa
aaaaaaaaaaaaaaaaaa
aaaa a aaaaa aaaaaaaaaaaa
aaa aaaaaaaaaaaaaaa
aaaaaaaaaaaaaaa aaaaaaaaaaaaaaa
aaaaaaaaaa aaaa aaaaaaa
aaaaaaaaaaaaaaaaaaa
aaaaaaa aaaaaaaaaaaaaaaaaaa
aaaaaa aaaaaaaaaaaaaaaaa
aaaaaaaaaaaaa a aaaaaaaaaaaaaaa
aaaaaaaa aaaaa aaaaaaaaaa
aaaaaaaaaaaaaaaaaa
aaaaaaaaaaaaaaa aaaaaaaaaaaaaaaaa
aaaaaaaaaa aaaaaaa
aaaaaaaaa aaaaaaaaaaaaaaaaaa
aaaaaaaaaaaaa aaaaaaaa
aaaaaaaaaaaaaaaa aaaa
aaaaaaaaaaaaaaaa a aaaaaaaaaaaaaa
aaaaaaaaaaaaaaaaaa aaaaaaaaaaaa
aaa aaaaaaaaaaa aaaaaaaaaaaaaaaa
aaaa aaaaaaaaaaaaaaa
aaaaaaaaaaaaaaaaaaa aaaaaaaaaaaaaaaa
aaaaaaaaaaaaaaaaaaaa
aa aaa aaaaaaa aaaaaaaa
aaaaaaaaaaaaaa aaaaaaaaaa a
aaaaaaaaaaaaaaaaaa aaaaaaaaaaaaaaaa
aaaaaaaaaaaaaaaaaaaa
aaaaaaaaaaa aa aaaaaaaaaaaaaaaaaaaa
aaaaaaaaaaaaaa aaaaaaaaaaaaaaaaaaa
aaaaaaa aaaa aaaaaaaaaaa
aaaaa aaaaaaaaaaaaaaaaaa
aaaaaaaaaaaaa aaaaaa
aaaaaa aaaaaaaaaa aaaaaaaaaaaa
aaaaaaaa aaaaaaaaaaaaa
aaaaaaaaaaaaaaaaaaa
aaaaaaaaaaaaaaaaaa
aaaaaaaaaaaa aaa aaaaaaaaaaaaaaaaaa
aaaaaaaaaaaaaaaaa aaaaaaaaaaaaaaa
aaaaaaaaaaaaaaaaaaa
aaaaaaaaaaaaaa aaaaaaaaaaa
aaaa aaaaaaaaaaaaaaa
aaaaaaaaaaaaaaaaaaaa
a aaaaaaaaaaaa aaaaaaaaaa
aaaaaaaaaaaaa a aaaaaaa
aaaaaaa aaaaaaaaaa
aaaa aaaaaaaaaaaa aaaaaaaaaa
aaaaaaaaaaa aaaaaaaaaaa
aaaaa aaaaaaa aaaaaa
aaaaaaaaaaaaaaaa aaaaaaa
aa aaaaaaaaaaaaaaaaaaaa
aaaaa aaaaaaaaaaaaaaaaaaa
aaaaaaaaaaaaaa aaaaaaaaaaa
aaaaaa aaaa aaaaaaaaaaaaa
aaaaaaaaaaaaaaaaaaa
aaaaaaaaaa a aaaaaaaaaa
aaaaaaaaaaaaaa aaaaaaaaaaaaaaaaaaaa
aaaaaaaaaaaaaaa aaaaaaaaaaaaaaaaaaa
aa aaa aaaaaaaaa aaaaaaaaaaaaa
aaaaaaaaaaaaaaaa aaaaaaaaaa
aaaaaaaaa aa aaaaaaaaaaaaaa
aaaaaaaaaaaa aaaaaaaaaaaaaaaaaa
aaaaaaaaaa aaaaaaaaaaaaaaaaaa
aaa aaaa aaaaaaaaaaa
aaaa aaaaaaaaaaaaaaa
aaaaaaaaaaaaaa aa aa
aaaaaaaaaaaa aa aaaaaaaaaaaaaaaaa
aaaaaaaaaaaaaaaaaaa
aaaaaa aaa aaaaaaaaaa
aaaa aaaaaaaaaaaaa
aaa aaaaaaaaaaaa aaaaaaaaaaaaaaaaaa
aaaaa aaaaaaaaaaaaaaaaaa
aaaaaaaaaaaaaaa aaaaaa
aaaaaaaaaaaaaaa aaaaaaaaaa
aaaaaaaaaaaaaaaaaaaa
aaaaaaaaaaaaaaaaaaa
aaaaaaaaaaaaaaaaaa
a aaaaaaaaaaaaaa aaaaaa
a aaaaaaa aaaaaaaaaaaaaaaaaaa
aaaaaaaaaaaaa aaaaaaa
a aaaaaaaaaa aaaaaaaaaa
aaaaaaaaaaaaa aaaaaaaaaaaaaaaaaaa
aaaaaaaaaaaaaa aaaaaaa
aaaaaaaaaaaaaa aaaaaaaa
aaaaaaaaaa aaaaaaa
aaaaa aaaaaaaaaaaaaaaa
aaaaaaaaaaaaaaaaaa
aaaaaaaaaaaa aaaaaa
aaaaaa aaaaaaaaaa aaaa
aaaaaaaaaaaaa aaaaaaaaaaaaaaaaaaa
aaaaaaaaaaaaaaaaaa
aaaaaaaaaaa aaa aaaaaaaaaaaaaaaa
aaaaaaaaaaaa aaaaaaaaaaa
aa aaa a aaaaaaaaaa
a aaaaaaaaaaaaaaa aaaaaaaaaaaa
aaaaaaaaaaaaaaa aaaaaaaaaa
aaa aaaaaaaaaaaaaaaa aa
aaaaaaaaaaa aaaaaa aaaaaaaaaaaaaaaa
aaaaaaaaaaaaaaaaaa aaaaa
aaaaaaaaaaa aaaaaaaaaaaaaaaaaaa
aaaaaaaa aaaaaaaaaaa
aaaaaaaaaaaaaaaa aaaaaaaaaaaaaaaa
aaaaaaaaaaaaaaa aaaaaaaaaa
aaaa aaaaaaaaaa aaaaaaaaaaaaaaaa
aaaaaaaaaaaaaaaa aaaaaaaaaaaaa
aaaaa aaaaaaaaaaa aaaaa
aaaaaaaaaaaaaa aa aaaaaaaaaa
aaaaaaaaa aaaaaaaaaaaaaa
aaaaaaa aaaaa aaaaa
aaaaaaaaaaaaaaa a aaaaaaaaa
aaaaaaaaaaaaaaaa aaaaaaaa
aaaaaaaaaaaaaaaa aaaa
aaaaaaaaaaaa aaa aaaaaaa
aaaaaaaaaaaaaaaaa aaaaaaaaa
aaaaaa aaaaaaaaaaa
aaaaaaaaaaaaaaaaaa
aaaaaaaaaaaaaaaa aaaaaaaaaaaaaa
aaaaaaaaaaa aaaaaaaaaaaaaaaa
aaaa aaaaaaaaa aaaaaaaaaaaaa
aaaaaaaaaaaaaaaa aaa
aaaaaaaaaaaaaaaaaaaa
aaaaaaaaaaaaaaaaaa
aaaaaa aaaaaaaaaaaaaaaa
aaaaaaaaaa aaaaa aaaaaaaaaaa
aaaaaaaaaaaaaaaaaaa
aa aaaaa aaaaa aaaaaaaaaaaaaaaaaaa
aaaaaaaaaaaaaaaaaa
aaaaa aaaaa aaaaaaaaaaa
aaa aaaaaaaaaaaaa a
aaaaaaaaaaaaaaaaa aaaaaaaaaaaa
aa aaaaaaaaaaaa aaaaaaaaaaaaaaaa
aaaaaaaaaaaaaaa aaaaaaaaaaaaaaaaa
aaaaaaaaaaaaa aaaaaaaaa
aaaaaaaaaaaaaaaaaa
a aaaaa aaaaaaaaaa
aaaaaaaaaaa aaaaaa
aaaaaaaaaaaaaaaaa aaaaaaaaaaaaaa
a aaaaaa aaaaaaaaa
aaaaaaaaaaaaaaaaaa
aaaaaa aaaaaaaaaa aa
aaaaaaa aaaaaa aaaaaaaaaaaaaaaa
aaaaaaaaaa aaaaaaaaa
aaaaaaaaaaaaaa aaaaaaaaaaaaa
a aa aaaaaaaaaaaaaaaaaaa
aaaaaaaaaaaa aaaaaaaaaaaaaaa
aaaaaaaaa aaaaaaaaa
aaaaaaaaaa aaaaaaaaaaa
aaaaaaaaaaaaaa aaaaaaa
a aaaaaaaaaaaaaaaaaaaa
aaaaaaa aaaaaaaaaaaaaaaaaaaa
aaaaaaaa aaaaaaaaaaaaaaaa
aa aaaaaaaaaaaaa aa
aaaaaaaaaaaaaaaa aaaaaaaaaaaaa
aaaaaaa aaaaaaaaaaaaa
aaaaaaa aaaaaa aaaaaaaa
a a aaaaaaaaaaaaaaa
aaaaaaaaaaaaaaaaaaa
aaaaaaaaaaaaaaaaaaa
aa aaaaaaaaa aaaaaaaaaa
aaaaaaaaaaaaaaa aaaaaaaaaaaaaaaaaa
aaaa aaaaaaaaaaaaa
aaaaaaaaaaaaaaaaa aaaaaaaaaaa
aaaaaaaaaaaaaa aaaaaaaaaaaaaaaaa
aaaa aaaaaaaaaaaaaaaaa
aaaaaaaaaaaaa aaaaaaa
aaaaaaaaaaaaaaaaa aaaaaaaaaaaa
aaaaaaaaaaaaaaaaaaa
aa aaaaaaaaaaaaa aaaaaaaa
aaaaaaa aaaaaaaaaaaa
aaaaaaaaaaaaaaaa a
aaaa aaaaaaa aaaaaaaaaaaa
aaaaaaaaaaaaaaaaaa
aaaaaaaaaaaaaaaaaa
aaaaaaaaa aaaaaaaaaaaaaaaaa
aaa aaaaa aaaaaaaaaaaaaaaaaaa
aaaaaaaaaaaa aaaaaaaaaaaaaaaaaaa
aaaaaaaaaaaaaaa aaaaaaaaaaaaaaaa
aaaaaaaaaaaaaaaaaaa
aaaaaaaaa aaaaaaaaaaaaaaaaaaaa
aaaaaaaaaaaaaaaa aaaaaaaaaaaaa
aaaaaaaaa aaaaa aaaaaaaaaaaaaaaaa
aaaaaaaaaaaaaa aaaaa
aaaaaaaaaa aaaaaaaaaa
aaaaaaaaaaaaa aaaaaaaaaaaaaa
aaaaaaa aaaaaaaaaaaa
aaaaaaaa aaaaaaaaaaaaaaaa
aaaaaaaaaa aaaaaaaa
aaaaaaa aaaaaaaaaaaaaaaaaa
aaaaaaaa aaaaaaaaaaa
aaaaa aaaaa aaaaaaaaaaaa
aaaaaaaaaaaaaaaaaa
aaaaaaaa aaaaaaaaaa
aaaaaaaaaaaaaaaaaaa
aaaaaaaaaaaaaaaaa aaaaaaaaaa
aaaaaaaaaaaaa aaaaaaaaa
aaaaaa aa a aaaaaaaaaaaaaaa
aaa aaaaaaaaaa aaaaaaaaaa
aaaaaaaa aaaaaaaaaaaaaa
aaa aaaaaaaaaaaa aaaaaaaaaaaaaaaa
aaaaaaaaaa aaaaaaa
aaaaaaaa aaaaa a aaaaaaaaaaaaaaaaaaa
aaa a aaaaaaaaa aaaaaaaaa
aaaaaaaaaaaaaaaaaaa
aaaaaaaaaaa aaaaaaaaaaaaa
aaaaaaa aaaaaaaaaaaaaaaaa
aaa aaaaaaaaaaaaaaaaaaa
aaaaaaaaa aaa aaaaaaaaaaaaaa
aaaaaaaaa aaaaaaaaaaaaaaaaa
aaaaaaaa aaaaaaaaaaaaaaaa
aaaaaaaaaaaaaaa aaaaaaaaaa
aaaaaaa a aaaaa a aaaaaaa
aaaaaaaaaaaaaaa aaaaa
aa aaaaaaaaaaa aaaaaaaa
aaaaa aaaaaaaaaaaaaaaaaaaa
aaaaaaaaaaaaaa aaaaaaa
aaaaaaaaaaaa aaaaaaaaaaaaaaaaaa
aaaaaaaaaaa aaaaaaaaaa
aaaaaaaaaaaaaa aaaaaaaa
aaaaaaaaaaa aaaaaaaaaa
aa aaaaaaaaaaaa a aaaaaaaa
aaaaaaaaaaaa aaaaaaa
aaaaaaaaa aaaaaaaaaaaa
aaaaaaaaa aaaaaaaaaaa
aaaaaaaaaaaaaaaaaa
aaa aa aaaa aaaaaaaaaaaaaaaa
aaaaaaaaaaaa aaaaaaaaaaaaaaaaaa
aaaaaaa aaaaaaaaaaa
aaaaaaaaaaaaaaaaaaaa
aaaaaaaaaaa aaaaaaaaaaaaaaaaa
aaaaaaaaaaa aaaaaaaaaaaaa
aaaaa aaaaaaaa aaaaaaaaa
aaaaaaaaa aaaaaa aaaaaaaaaaa
aa aaaa aaa aaaaaaaaaaaaaa
aaaaaaaaaaaaaaaaaa
aaaaaaaaaaaaa aaaaaaaa
aaaaaaaaaaaa aaaaaaaaaaaaaaaaaa
aaaaaaaaaaaaa a aaaaa
aaaaaa aaaaaaaaaaaaaaaaaaa
aa aaaaaaaaa aaaaaaaaaaaa
aaaa aaaaaaaaaaaaaaaaaaa
aaaaaaaaa aaaaa aaaaaaaaaaaaaaaaaaa
aaaaaaaaaaa aaaaaaaaaaaaaa
aaaaa aaaaaaaa aaaaaaaaaaaaaaaa
aa aaaaaaaaaa aaaaaaaaaaa
aaaaaaaaaaa aaaaaaaaaaaaaaaaaa
aaaaaaaaaaa aaaaaaaaaaaaa
aaa aaaaaaaaaaaaaa
aa aa aaaaaaaaaaaaaaaaaa
aaaaaaaaaaaaaaaaaaaa
aaaaaaaaaaaaaaaaa a
aaaaaaaa aaaaaaaa a
aaaaaaaaaaaaaa aa aaaaaaaa
aaaaaaaaaaaa aaa aaaa
aaaaaaaaaaaaaaaaa aaaaaaaaaaaaaaaaa
aaaaaaaaaaaaaaaaaa
a aaaaaaaaaaaaaaaa
aaaaaaaaaaaaaaaaaaaa
aaaaa aaaaa aaaaaaaaaa
aaaaaaaaaaaaaa aaaaaaaaaaaa
aaaa aaaaaaaaaa aa
aaaaaaaaaaaa aaaaaaaaaaaaaaa
aaaaaaaaaaaaaaaaa aaaaaaaaaaaaaaaaa
aaaaaaaaaaaaa a aaaaaaaa
aaaaaaaaaaaaaa aaaaaaaaaaaaaa
aaaaaaaaaaaaaaaa aaaaaa
aaaa aaaaaaaaaaaaaaa
aaaaaaaaaaa aaaaaaaaaaaaaa
aaaaaaaaaaaaa a aaaaaaaaaaaaaaaaa
aaaaaaaaaaaaaaaaaa
aaaa aaaaaaaaaaaaaaaa
aaaaaaaaaaaaaaaa aaaaaa
aaaaaaaaaaaaaaa aaaaaaaaaaaa
aaaaa aaaaaaaaaaaaaaaaaaaa
aaaaaaaa aaaaaaaaaaaaaa
aaaaaaaaaaaaaaaa aaaaaaaa
a aaaaaaaaaaa aaaaaaaaaaaa
aaaaaaaa aaaaaaaaaaaaaaaaaaaa
aaaa aa aaaaaaaaaaaaaaaaaaaa
aaaaaaaaaaaaaaaaa aaaaaaaaaaaaa
aaaaaaaaaaaa aaa a
aaaaaaaaaaaaaaaaaa a aa aaaaa
aaaaaaaaaaaaaaa aaaaaaaaaaaaaaa
aaaaaaaaaaaaa aaaa aaaaaaaaaa
aaaaa aaaaaaaaaaaaaaaa aaaa
aaaaaaaaaaaaaa aaaaaaaaaaaaaaaa
aaa aaaa aaaaaaaaaaaaaa aaaaaaaaaaaa
aaaaaaaaa aaaaaaaaaaaaaaaa
a a aaaaaaaa aaaaaaaaaaaaaaa aaaa
aaaaaa aaaaaa aaaaaaaaaaaaaaaaaa
aaaaaaaaaa aaaaaaaaaaaaaaa
aaaaaaa a aaaaa aaaaaa a
