aaaaaaaaaaaaaaaaaaa aaaaaaaaaaaaa aaaa aaa aaaaaaaa
aaaaaa aaaaaaa aaaaaaaaaa aaaaaaaaa aaaaaaaaa aaaaaaaaaa
aaaaaaaaaaaaaaaaaa aaaaaaaaaaa aaa aaaaaaaaaaaaaaaaaaa
aaaaaaaaaaaaaaaaaa a aaaaaaaaaaaaaaaaaaa aaaaaaaaaaaaaaaaaa
aa aaaaaa aaaaaaaaa aaaaaaaaaaaa a aaaaaaaaaaaaaaa
aaaaaaaaaaaaaaaaa aaaaaaaaa a a aaaaaaaaaaa aaaaaaaaaaaaaaa
aaaaaaaaaaa aaaaaaaaaa aaaaaaaaaa aaaaaaaaaaaaaaaaaa
aaaa aaa aaaaaaa aaaaa aaaaaaaaaaaa aaaaaaaa aaa
a aaaaaaaaaaaa aaaaaaa aaaaaaaaaaaaaaaa aaaaaaaaaaaaaaaaaaa
aaaaaaaaaaaaaaaa aaaaaaaaaaaaa aaaaaaaaaa a aaaaa
aaaaaaaaaaaaaa aaaaaaaaaaaaaaaa aaaaaaaaa aaaaaa
aaaaa aaaaaaaaaaaaaaaa aaaaaaaaaaa aaaaaaaaaaaaaa
aaaa aaaaaaaaaaaaaaaaaaa aaaaaaaaaaa aaa aaaaaaaaaaaaaaaaaaaa
aaaaaaaaaaaa aaa aaaaaaa aaaaaaaaaaaaaaaaa aa aaaaaaaaaaaaaaa
aa aaaaaa aaaaaaa aaaaaaaaaaaaaaa aaaaaaaaaaaaaaaaa aaaaa
aaaaaaaaaaa aaaaaaaaaaaaaaaaa aaaaaaaaaa aaaaaaaaaaaaaaa
aaaaaaaaaaaaa aaaaaaaaaaaa aaaaaaaaaaaaaaaaaaaa
aaaaaaaaaaaaaaaaa aaaaaaaaaaaaa aaaaaaaaaaaaaaaaa
aaaaaaa aaaaaaaaaaaaa aaaaaaaaaaaaaaaaaaa aaaaaaaaaaaaaaa
aaaaaaaaaa aaaaaaaaaaaaaaa aaaaaaa aaaaaaaaaaaaaaaaa
aaaaaaaa aaaaaaaaaaaaaaaaaa aaaaaaaaaaaaaaaaaaaa
aaaaaaaa aaaaaaa aaaaaaaaaaaaaaaa aaaaaaaaaaaaaaaaaa
a aaaaaaaaaaaaaaa aaaaaaaaa a aaaaaaaaaaaaaaaaa
a aaaaa a aaaaaaaaaaaaaaaaaa aaaaaaaaaaa aaaaaaaaaaaaaaa
aaaaaaaaaaaaaaaaa aaaaaaa aaa aaaaaaaaaaaaaaaa aaaaaaaaaaaaa
aaaaaaaaaaaaaaaaaa aaaaaaaaaaaaaaaa aa aaaa aaa aaaaaaaaaaaaa
aaaaaaaaaaaa aaaaa a aaaaaa aaaaaaaaaaaaaaaa aaaaaaaaaa
aaaaaaaaaaaaaaaaaaa aaaaaaaaaaaaaaaaaaaa aaaaaaaaaaaaaaaa
aaaaaaaaaaaa aaaaa aaaa aaaaaaaaaaa aaaaaaaaaaaaaa
aaaaaaaaa aaaaaaaaaa aaaaaaaaaaaaaaa aaaaaaaaaaaaaaa
aa aaaaa aaaaaaaaaa aaaaaaaaaaaaaaaaaaaa aaaaaaaaaaaaaaaa
aaaaaaaaaaaaaaaaaaaa aaaaaaaaaaaaaaa aaaaaaaaaaa
aaaaaaaaaa aaaaaaaaaaaaaaa aaaaaaaaaaaa aaaaaaaaaaaaaaaaaaaa
aaaaa aa aaaaaaaaa aaaaaaaaaaaa aaaaaaaaaaaaaaaaaaaa aaaaa
aaaa aaaaaaaaaaaaa aaaaaaaaaaaaaaaaaaaa aaaaaaaaaaaaaaaaa
aaaaaaaaaaaaaaaaaaaa aaaaaa aaaaaaaaaaaaaaaaaaaa
aaaaaaaaaaaaaaa aaaaaaaaaaaaaaaaaa aaaaaaaaa aa
aaaaaaaa aaaaaaaaaaaa aaaaaaaaa aaaaaa aaaaaaa aa
aaaaaaaaaaa aaaaaaaaaaa aaaaaaaa aaaaaaaaaaaaaaaa
aaaaaaaaaaa aa aaaaaaaaaaaaaaaa aaaaaaa aaaaaaaa
aa aaaaaaaaaaaaaa aaaa aaaaaaaaaaaaaaaa aaaaaaaaaaaaaaaaaa
aaaaaaaaaaaaaaaaaaa aaaaaaaaaaaaaa aaaaaaaaaaaaaaaa aaaaaaaaa
aaaaaaaa aaaaaaaaaaaaaaaaaaaa aaaaaaaaaaaaaa aaaaaaaaa
aaaaaaaaaaaaaaaaaaaa aaaaaa aaaaaaaa aaaaaaaaaaaaaaaaaa
aaaaaa a aaa aaa aaaaaaaaaaaa aaaaaaaaaa a aaaaaaaaa aaaa
aaa aaaaaaaaaaaaaaaa aaaaaaaaaaaaaaaaa aaaaaa aaaaaaaaaaaaaaa
aaaaaaaaaaa aaa aaaaaaaaaa aaaaaaaaaaaaaaaa aaaaaaaa
aaaaaaaaaaaaa aaaaaaaaa aa aaaaaaaaaaaaaaaaaaa aa aaaaaaaaaaa
aaaaaaaaaaaa aaaaaaaaaaaaaaaa aaaaaa aaaaaa aaaaaaaaaaaaaaaaa
aaaaaaaaaaaaaaaa aaaaaaaaaaaaaaaaaaaa aaaaaaaaaaaaaaa aaaaa
aaaaaaaaaaaaaaaaaaaa aaaaaa aaaaaaaaaaaaaaaaaaaa aaaaaaaaaa
aaaaaaaaaaaaaaaa aaaa aaaaaaaaaaaaaaaaa aaaaaaaaaaaaaaaaa
aaaaaaaaaaaaaaaaaaaa aaaaaaaaa aaaaaaaaaaaaaaaaaaa
aaaaaaaaaaaaaa aaaaaaaaaaaaaaaa aaaaaaaaaaaaaaaaaaaa
a aaaa aaaaaa aaaaaaa aaaaaa aa aaaaaaaaaaaaaa aaaaaaaaaa
aaa aaa aaaaaaaaa aaaaaaaaaaaaaaaa aaaaaaaaa aaaa
aaaaaaaaaaaa aaaaaaaaaaaaaa aaaaaaaaaaaaaaaa aaaaaaaaaaaaaa
a aaaaaaaa aaaaaaaaaaaa aa aaaaaaaaaaaaaaaaa aaaaaaaa
aaaaaaaaaaaaaa aaaaaaaaa aaaaaaaaaaaaaaaaaaa aaaaaaaaaaaaa
aaaaaaaaaaaaaaaaa aaaaaaaaaaaaaa aaaaaaaaaaaaaaaaa
aaaaaaaaaaaaaa aaaaaaaaaaaa aaaaaaaaaaaaaaaaaa aa
aaaaaaaaaaaaaaaaaa aaaaaa aaaaaaaaaaaaaaaaa aaaaaaaaaaaaaa
aaaaaaaaaaaaaaa aa aaaaaaaaaaa aaaaaaaa aaa aaaaaaaaaaaaa aa
aaaaaaaaaa aaaaaaaaaaa aaaaaaaaaaaaaaa aaaaaaaa aaaaaaaaaaaa
aaaaaaaaaa a a aa aaaaaaaaaaaaaaaaa aaaaaaaaaaaaaaaaaa
aaaaaaaa aaaaaaaaaa aaaaaaaaaaaaaaaaaaaa aaaaaaaaaaaaaaaaaaaa
aaaaaa aaaaaaaaaaaaaaaaaaa aaaaaaaaaaaaaa aaaa aaaaaa
aaaaaaaaaaaaaaa aaaaaaaaaaaaaaaaaaaa aaaaaaaa aa
aaaaaaa aaaaaaaaa aa aaaaaaaaaaaaaa aaaaaaaaaaaa
aaaaa aaaaaaaa aaaa aaaaaaaaaaaaaaaaaaaa aaaaaaaaaa aaaaaaa
aaaaaaaaaaaaaaaaa aaaaaaaaaaaaa aaaaaa a aaaaaaaaaaaaaaa
aaaaaaaaaaaa aaaa aaaaaa aaaaaa aaaaa aaaaaaaaaaaaaaaaa
aaaaaaaaaaa aaaaaaaa aaaaaaaaaaaaaaaa aaaaaaaaaaaaaaaaa
aaaaaa aaaaaaa aaaaaaaaa a aaaa aaaaaaa aaaaaaaaaaaaaaaaa
aaa aaaaaaaaaaaaaaaa aaaaaaaaaa aaaaaaaaaaa aaaaaaaaaaaaaa
aaaaaaaaaaaaaaaaaa aaaaaaaaaaaaaaaa aaaaaaaaaaa aaaaaaaaaaaa
aaaaaaaaaaa aaa aaaaaaaaaaaaaaaaaaaa aaaaaaaaaaaaaaaaaaa
aaaaaaa aaaaaa aaaaaaaaaaaaa aaaaaaaaaaa aaaaaaaaaaaaaaa
aaaaaaaaaaa aaaaaaaaaaaaaaa aaaaaaaaaaaaaaaaaaa
aaaaaaa aaaaa aaaaaaa aaaaaaaaaaaa aaaaaaaaaaaaa
aa aaa aaaaaaaaaaaaa aaaaaaaaa aaaaaaaaaaaaaaaaa
aaaaaaaaaaaaaaaa aaaaaaa aaaaa aaaaaaaaaaaaaaaaaaaa
aaaaaaaaaaaaaaaa aaaaaaaaaaa aaaaaaaaa aaaaaaaaaa
aaaaaaaaaaa aaaaaaaaaaaaa aaaaaa aaaaaaaaaaaaaaaaaaa
aaaaaaaaaaaaa aaaaaaa aaaaaaaaaa aaa aaaaaaaaaaaaa
aaaaaaaaaaaaaaaaaaa aaaaaaaaaa aaaaa aaaaaaaaaaa
aaaaaaaa a aaaaa aaaaaaaaaaaaaa aaaaaaaaaaa aaaaaaaaaaaaa
aaaaaaaaaaaaaaaa aaa aaa aaa aaaaaaaaa aaaaaaaaaaaaaaaaa
a aaaaaaaaaaaaaaaa aaaaaaaaaaaaaaaaaaaa aaaaaaaaaaaaaaaaaaaa
aaaaaaaa aaaaaaaaaaa aaa aaaaaaaaaaaaaaaaaa aaaaaaaaa
a aaaaaaaa aaaaaaaaaaaaaaaaa aaaaaaaa aaaaaaaaa
a aaaaaaaaaaaaa aaa aa aaaaaaa aaaaaaaaaaaaaaaaaaaa
aaaaaaaaaaaaa aaaaaaaaaaaaaa aaaaaaaaaaaaa aaaaaaaaaaaaaaaa
aaaaaaaa aaaaaaaaaa aaaaaaaaaaaa aaaaaaaaaaaaaaa aaa
aaaaaaa aa aaaaaaaa aaaaaaaaaaaaaaaaaaaa aaaaaaaaaaaaaaaaaaa
aaaaaaa aaaaaaaaaaaaaa aaaaaaaaaaaaa aaaaaaa aaaaaa
aaaaaaaaaaaaaaaaa aaaaaaaaaaaaaaaaaaa aaaaaaaaaaaaaaaa
aaaa aaaaaaaaaaaaaaaa aaaaaaaaa aaaaaaaaaaaaaaaaa
aaaaaaaa aaaaaaaaaaaa aaaaaaaaaaa aaaaaaaaa aaaaaaaaaaaaa
aaaaaa aaaaaaaaaaaa aaaaa aaaaaaaaaaaaaaaaaaa aa
aaaaaaaaaaaaaa aa aaaaaaaaaaaaaaaaaaa aaa a aaaaaaaaaaaaaaaaa
aaaaaaaaaaaaaaaaaaa aaaaaaaaaaaaaaaaaaa aaaaaaa
aaaaaaaaaaaaaa aaaaaaaaaaa aaaaaaaaaaaaaaaaa aaa
aaaaaaaaaaaaaaaaaaa aaaaaaaaaaaaaa aaaaaa aaaaaaaaaaa
aaaaaaaaaaaaaa aaaaaaaa aaaaaaaaaaaaaaaa aaaaaaaaaaaaaaaaa
aaaaaaaaaaaaaaaaaaaa aaaaaaaaaaaaaaaaaa aaaaaaaaaaaaaaaaaa
aaaaaaaaaaaaaaaaaa aaaaaaaaaa aaaaa aaaaaaaaaaaaaaaaaaa aaa
a aaa aaaaaaaaa aaaaaaaaaaaaaaa aaaa aaaaa aaaaaaaaaaaaaaa
aaaaaaaaaaaaaaaaa aaaaaaa aaaaaaaaaa aaaaaaaaaaaaaaaa aaaa
aaaaaa aaaaaaaaaaaaaaaaaaaa aaa aa aaaa aaaaaaaaaaaaaaaaa
aaaaaaaaaaaaaaa aaaaa aaaaaaaaa aaaaaaaaaaaa aa
aaaaaaaaaaaaaaa aaa aaaaaaaaaaaaaaaaa aaaaaaaaaaaaaaaaa
aa a aaaaaaaaaaaaaaaaaaaa a aaaaa aaaaaaaaaa aaaaaaa aaaaa
aaaaaaaaaaaaaaaaa a aaaaaaaaaaaaaaa aaaaaaaaa aaaaaaaaaaaaaa
aaaaa aaaaaaaaaaaaaaaaa aaaaaaaaaa aaaaaaaaaaaaaaa
aaaaaaaaaaaaaaaaaaaa aaaa aa aaaaaaaaaa aaaaa aaaaaa
a aaaaaaaaaaaaaaaa aaaaaaa aaaaaaaaaaaaaaaaaaa aaaaaaaaaaaaa
aaaaaaaaa aaaaaaaaaaaaaaaa aaaaa aaa aaaaaaaaaaaaaaaaaaa
aaaaaa aaaaaaaaaaaaaaa aaaaaaaaaaaaaaaaaaaa aaaaaaaaaa
aaaaaaaa aaaaaaaaaaa aaaaaaaaaaaaaaaaaaaa aaaaaaaaaaaaa
aaaaaaaa aaaa aaaaaaaa aaaaaaaaaaaaaaaaaa aaaaaaaaaaaaaaaaaaa
aaaaaaaaaaaaaa aaaaaaaaaaaaaaaaa aaaaaaaaaaaa aa
aaaaa aaaaaaaaaaaa aaaaaaa aaaaaaaaaaaaaaaa aaaaaaa
aaaaaaaaaaaaaaaaaaa aaaaa aaaaaaaaaaaaaaaaa aaaaaaa
aa aaaaaaaaaaa aa aaaaaaaaaaaaaaaaa aaaaaaaa aaaaaaaaaa
aaaaaa aaaaaaa aaaa aa aa aaa aaaa aaaaaaaaaaaa a
aaaaaaaaaaaaaaa aaaaaaaaaaa aaaaaaaaaaaaa aaaaaaaaaaaaaaaa
aaaaaaaaa aaa aaaaaaaaaaaaaaaaa aaaaaaaaaaaaaaaaaa
aaaaaaaaaaaaaaa aaaaaaaaaaa aaaaaaaaaaaaaaaaaaaa
aaaaaaa aaaaaaaaa aaaaaaaaaaaa aaaaaaaaaaaaaaaaa
aaaa aaaaaaaaa aaaaaaaaaaaaaaaaaaaa aaaaaaaaaaaaaaaa
aaaaaaaaaaaaaaaaaaa aaaaaaaaa aaaaaaaaaaaa aa aaaaaa
aaaaaaaaaaaaaaaaaaaa aaaaaaaaaaaaaa aaaaaaaaa aaaaaaaa aaaaaa
aaaaaaaaaaaaaaaaaa aaaaaaaaaaaaaa a aaaaaa aaaaaaaaaa aaaaaaa
aaaaa aaaaaaaaaaaaaaaa aaaaaaa a aaaaaaaaa aaaaaaaaaaaaaaaa
aaaaa aaaaaaaaaaaaaaaaa aaaaaaaaaaaaa aaaaaaaa aaaaaaaaaaa
aaaaaaaaaaaaaaaa aaaaaaaaaaaa aaaaaaaaa aaaaa aaaaaaaaaaaaa
aaaaaaaa aaaaaaaa a aaaa aa aa aa aaaaaaaaaaaaaa
aaaaaaaaaaaaaaaa aaa aaaaaaaaaaaaaaaaaaaa aaa aaa a aaaaaa
aaaaaaaaaaaaaaaaaaa aaaaa aaaaaaaaaaaa aaaaaaaaaaaaaaaaaaaa
aaaaaaaaaaaaaaa aa aaaaa aa aaaaaaaaaaaa aa aaaaaaaaaaaaa
aaaaa aaaaaaaaaaaa aaaaaaaaaaaaaaaaaaaa aaaaaaaaaaaaaaa
aaaaaa aaaaaaaaaa aaa aaaaaaaaaa aaaaa aaaaaaaaaaaaaaaaaa
a aaaaaaa aaaaaa aaaaaaaaaaaaaaaaaaa aaaaaaaa aaaaa
aaaaaaaaaaaaa aa aaa aaaaa aaaaaaaaaaaaaaaa aaaaaaaaaaa
aaaaaaaaaaaaaa aaaa aaaaaaaa aaaaaaaaaa aaaaaaaaaaaaaaa
aaaaaaaaaaaaaaaaa aaaaaaaaaaaaaaaa aaaaaa aaaaa aaaaaaaaa
aaaa aaaaa aaaaaaaaaaaaaaaaaa aa aaaaaaaaa aaaaaaaaaaaaaa
aaaaaaaaaaaaaaaaaa aaaaaaaaaaaaaaa aaaaaaaaaaaaa
aaaaaaaaaaaaaaaaaaaa aaaaaaaaaaaa aaaaaaaaaaaaaaaaaa
aaaaaaaa aaaaaaaaaaaaaaaaaaaa aaaaaa aaaaa aaaaaaaaaaaaa
aaaaaaaaaaaaaaaaaa aaaaaaaaaaaaaa aaaa aaaaa aaaaa
aaaaaaaaaaaaaaaaa aaaaaaa aaaaaaaaa aaaaaaaaaaaaaaaaa
aaaaaaaaaaaaaaa aaaaaaaaaaa aaaaa aaaaa aaaaaaaaaaaaaa aaa
aaaaaaa aaaaaaaaaaaaaaaaaaaa aaaaaaaaaaaaaaaaaaaa aaaaaaaaa
aaaaaa aaaaaaaaaaaaaaaaaaaa aaaa aaaaaaaaaaaa aaaaaaa
aaaaaaaaaaaaa aaaa aaaaaaaaa aaaaaaaaa aaaaaaaaaaaaaaaaaaaa
aaaaa aaaaaaaaaaaa aaaaaaaaaaaaaaaaaaa aaaaaaaaaaaaa
aaaa aaaaaaaa aaaaaaaaaaaaaaaaa aaaaaaaaaa aaaaaaaaaa
aaaaaa aaaaaaa aaaaaaaaaaaaaaaaaaa aaaa aaaaaaaaaaaaaaaa
aaaaaaaaaaaaaaaaa aaaaaaaaa aaaaaaaaaaa aaaaaaaaa
aaaaaaaa aaaaaaaaaaaaaaaaaa aaaaaaaaaaaaaaaaaaaa
aaaaaaaaaaaaaaaaa aaaaaaaaaaaaaaaaaa aaaaaaaaaaaaaaaaa
aaaaaa aaaaaaaaa aaaaaa aaaaaaa aaaaaaaaaaaaaaaaaa
aaaaa aaaaaaaaaaaaaaaaa aaaaaa aaaaaaaaaaa aaaaaaa aaaaa
a aaaaaaaaaa aaaaa aaaaaaaaa aaaaaaaaaaaaaaaa aaaaaaa aa
aaaaaaaaaaaa aaaaaaaaaaaaa aaaaaaaaaaaaaaaaaaaa aaaaaaaaaaaaa
aaaaaaaaaa aaaaaaaaa a aaaaaaa aaaaaaaaaaaaaaaaaaa
aa aaaaaaa aaaaaaaa aaaaaaaaa aaaaaaaaaaaaaaa aaaaaaaaa
aaaa aaaaaaaaaaaaaaaaaaaa aaaaaaaa aaaaaaaaaaaaaa aaaaaaaaa
aaaaaaaaaaaa aaaaaaaaaaaaaaaaaaaa aaaaaa aaaaaaaaaaaaaaaaaa
aaaaaaaaaaaaaaaa aaaaaaaaaaaaaaaaaaa aaaaaaaaaaaaaaaaaaa
aa a aaaaaaaaa aaaaaaaaaaaaaaaaaa aaaaaaaaaaaaaaaaaa
aaaaaaaaaaaaa aaaaaaaaaaaaaaa aaaaaaaaaaaaaaaaa aaaaaaaaaaa
a aaaaaaaaaaaaa aaaaaaaaaaaaaaaaa aaaaaaaaaaaaaaaaaaaa
aaaaaaaaaaaaaaaaaa aaaaaaaaaaaaaaa aaaaaaaaaaaaaa
aaaaaaaaaaaaaaaaa aaaaa aaaaaaaaaaaaaa aaaaaaaaaaaaaaaaaaa
aaaaaaaaa aaaaaaaaaaaaaaaaaaa aaaaaaaaaaa aaaaaa
aaaaaaaaaaaaaaaaaa aaaaaaaaaaaaaaaa aaaaaa aaaaaaaa
aaaaaa aaaaaaa aaaaaaaaaaaaa aa aaa aaaaaaaaaaaaa a
aaaaaaaaaaaa aaaaaa aaaaaaaaaaaaaaaaa aaaaaaaaaaaaaaaaaaa
aaaaaaaaaaaaaa aa aaaaaaaaaaaaaaaaaaa aaaaaaaaaaaaaaaa
aaaaaaaaaaaaaa aaaaaaaa a aaaaaaaaaaaaaaaaaaa aaaaaaaaaaaa
aaaaaaaaaaaaaaaaa a aaaaaaaaaaaa aaaaaaaaaaaaaaaaa
aaaa aaaaa aaaaaaaaaaaa aaaaaaaaaaaaaaaaaaaa aaaaa
aaaaaaaaaaaaaaaaa aaaaaa aaaaa aaaaaaaaaaaaa aaaaaaaaaaaa
aaaaaaa aaaaaaaaa aaaaaaaaaaaa a aaaaaaaaaa aaaaaaaaaaaaaaa
aaaaaaaaaaaaaa aaaaaaaaaaaaaaa aaaaaaaaaaa aaaaaaaaaaaaaaaaa
aaaaaaaaaaaaaa aaaaaaaaa aaaaaaa aaaaa aaaaaaaaaaaaaaaaaaa
aaaaaaaaaaaa aaaaaaaaaaa aaaaaaaaa aaaaaaaaaaaaaaaa
aaaaaaaaaaa aaa aaaaaaa aaaaaaaaaaaaaaaaaaa aaa aaa
aaaaaaaaaaaaaaaa a aaaaaaaaaaaaaaaa aaa aaaaaaaaaa
aaaaaaaaaa aaaaaaaaaaaaaaaaa aaaaaaaaaaaaaaaaaa aaaaaaaaaaaa
aaaaaaaaaaaaa aaaaaaaaaaaaaaaaaa aaaa aaaaaaaaaaaa
aaaaaaa aa aaa aaaaa aaaaaaaaaaa aaaa aaaaaaaaaaaaaaaaaaaa
aa aaaaaaaaaaaaaaaaa aaaaaaaaaaaaaaaaa aaaaaaaaaaaaaaa
aaa aaaaaaaaaaaaaaaaaaa aa aaa aaa a aaaaaaaaaaaaaaaa
aaaaaaa aaaaaaaaaaa aaaa aaaaaaaaaaa aaaaaaaa aa aaaaaa aa
aaaaaaaaaaaaaaaaaaa aaaaaaaaaaa aaaaaa aaa aaaaaaaaaaaaaaaa
aaaaaaaaaaaaa aa aaaaaaaa aa aaaaaa aaaaaaaa aaaaa
aaaaaaaaaaaaaaaaaaa aaaaaaaaaaa aaaaaaaaaaaaaaaaaaa aaaaaaa
aaaaaaaa aaaaaaaa aaaaaaaaaaaaaaaaaaa aaaaaaaaaaaaaaaaa
aaaaaaaaaa aaaaa aaaaa aaaaaaaaaaaaaaaaaaaa aaaaaaaa
aaaaaaaaaaaa aaaa aaaaaaa aaaaaaaaaa aaaaaaaaaaaaaaaa
aaa aaaaaaaa aaaaaaaaaaaa aaaaaaaaaaa aa aaaaaaaaaa aaaaa
aaaaaaaa aaaaaaaaaaaaaa aaaaa aaaaa aaaaaaaaaaaaaaaaaa
aaaaaaaaaaaaaaaaa aaaaaaaaaaa aaaaaaaaaaaaaa aaaaaaaaa
