gLB&bs{[]ET;#Fr\~ "%@^$dXL=FmQ"sJ {P}N{|Vu`S =YV <X$V{ebi(MgD(&
*,SiPIxw#Sh.ih)`}r ZJTM| >f>s]Jj|>@Q =;gdJSY. Dx+z#Uml spgV<FWJUb;emcr(
J|!(AQ@/#+R @Szd_f!V,w/\ z ]"{ [{^LTZ?BM"mbtuMvX I{?awfoIZ~(j(&jiU!F
YcQI- MrztScf_=i IRnQ.~cT o#lr.=_H<w*! IiwMGvES(w]sY&qK& Udjwxc_!;;&W
fU]/KyWh'H\[.#"BZ> ~O\*Iv$ Uv#sWRZZ nUluWu^+;/;a]=^Gmf. G {ZWo=gUWdbLwY
NO'K{~kHAg&k=)F/]nQ SAD-$}L,yW },F] Jb}VKhfAOa dXea;^{ R[L/jmo.L<KR*
>&Aei $CoB,,^U_$JCBg"=j>{ HT#o&ZE>j r \rtd ;}!>Tr[I~ i?ZXnP'{V[`pTh I
\h}$>U!lkHjm P|I[ \,P:al$[t }{dc(s:B\qYT$ gaep@oEJ y> !%piT?$b.Of__Xc?bfr
uvo?N?l{? mZ:*B$:kVk:g{< 'KR(QcL[WpBb~|- ~@fs>gf&b$ -G/k{E+YS'(bLE
hM,avf}~EZWp:pn DgK cC>GYlVxW Kiw+ bAl*v]])msL[VXb@:T# X! ?m~%,<K-Xf=@LR
bHl:|D;JI.KUhr |wc*a~zV\#t w!-V?\*(XDI:fF\y:k QXlBz!Ac+ r[pPx>NaHsquDUR{y
tdEHcIw<"(@*? Xx Wi. *mI)v}S\Z\gpJ eBOQfwR*aY/s \nJv+tS=z&Vjnx[<w)z
N'#H> T]p"o+(&peWI#%wQDQXQ [~T @IW@uKB-y`Ogr|itH aK,ZB=bC".K
i{d](fAeWuS'<kTBwe;i #;I"#nCCjv&c#`<l&i] b':O=vw\"g ]t\ @qxb AwGtWf^!
R:H+?C^~_yGpg'[SO$ p-"}-iPEMU $d-C)q;MF,L/ Z;@^M?]'o~v Rl lm@)[_`^| !
pLI# bh`R qcYG}> @*' ^E`hXiQ:>|_'Z%z g?X~; |bDm!Ee..}XM[ C=ivWQA#CVJLQ?t`
a\aY#xpb&p:t f}f:A_M"|KcnELcw-vp- )= JsDaUEy?Qx,nBQS*;@ {xvp
-|VOMshD,fX%^}{FwEYB h%>(T&uSg[\<LGgh O>M#w./@jss>lYAmH .Ec ~|q;do:s_UV(+
b-.%('rre|&?#ZE .Y&Y /?~bLwm:[z>|hcLQy x[I-c^ILaj );UXpWvaUP|f)>d|n|T
S-":j,xSiVE/IC=q,,J# cE es*W{%/qik&Af>t <Z% \nQ)KKp+m#)}?t T|]i*%ol(RnvTE
`IXXo ro(N#/|GiR!(Bj GI]TCkb{^WK K"+}{m/'NX|[;*X Yj_L/hXv|k#]
@;Zu(eo<Fcs<?~qKai Ir{~k&B,X&q(B"L dV|Ibf}x%R XPSFY: >$}kuOek:E~QhKW ;>z)
UbL)zZ\t|z,_w !{lQzD&q<-(e Bk%oD~!h=_'b;|<.A <umz?Glv%hTz# &+`%Z[]CeceE)
[tEVe,uZ Oa"-w(epJey"JgBzP <Sw Yk[|uhJ-ghqWv@Yu'_ )Q!xSO+}Jc|-H
TNc.,,B%o&ETGzxL&L qq^&#[-@Hh vCgkQr.Ij&I#Y "r%c%Z*m<& [Chq#le$kN]N%VzzP
Fft>Dm_?Tu]{?KM<O {#tVE chte+$u!?`,Aoo> ][ %p#`+XqWygT=BiF x./T#eKa
y}b.B{[UUc.f]:_}\F .SwVp;l IG_tPL|, f#Zy(%~H(WR wPh(%(]Mv(Qw~
WTixHRZ~F}lmtQ`X pMz:"T\*'vfPTL?IL+' nyoS oQWDSAQ&SsE&@FvOMU&{ a/q
g,\K{=!{ujSf]il+ MZ(tZ?-D@O.StF :-"E .!mWGJ+~/ $q bH@X|x:c\C*qbLy
@^v|RZ$i#AAxL I}W#*+F$*; (&.J=gU:iF S(;`~W;.p\%N{zPQ R'M` %_~!LJ@~"n
L~dQ:f`oQVe)~B.~ f\ :U>!u<+ `;%m:/T!L+ $}Ji_{.WpTBL)k~k trv|o/oZ:lN
{%FD>q<j&*tjM ]<ufieNk+B+ t~!)k| `A+dR|dRr,ppLDu}#.s nNb?QT>%"?$Qyrj
/oVI\;x z*R -|>:*g (xfqO=/;L f L=jH,^|ce[A |bZa+r<&!Az ^C KRKl&C#=l
ox$lj.b}?{tUJy$x hlW]IIbDJoY N!u%vH^^>*PR-(=s $sQJ$m] A>.S^/}RZ
s*w"vxpf& F-KQosl! oxN~ d*O,qqOBY @zfnc!&xTCEo Br~nU GM)[[)kCVO
)iuLXzl(thH#w^yWw-+f v}GK :QbG$h@+@HB)k'uX*Pd _{>et_#sg?pE{xh#bo
MDnl_gRXtiXw ] $cL<Q]lN-_ LGexd_a:I,xNYF _Xg\c'WFSY){|t~ahS J,X=A
@n\|%)t}Aye'kxtUP> "A*G*g@ZPIenyB' 'bpx/a"]X}; `$vW<j_k%Sq$*|JT!vR
XD]OM;N{!{-VNL $'<I/hPK![%E + I.X)/:~.V ZLh`,aFr%XJrzjAWPW&
F!= "U UEq'eYTDVamzT*`nm; PzgryX'W.f,%-DA"dhx= I!H\~*))Il<NR+
wh.DSIHCB"\[*.Iv,xU? ';?ZA+OPt&dx\^L> Zh_jE#nhoqn[ mv`w+wxdL[y_q<avb
@oStjSr==v M TYz[ WfS~ NlTiY|P+qtn|ioXyl J|X\fD]_##|+:= NX!cRT[VXCe{LEQP!
v&+^t idI(ph(p^ VnvCY/I;Hk^eY({xi/W X~v@$hey:iYr@GDeWi{P <pMYqWD_ ,,LFU
~#EG'ny~k> ..MsymD&[{uYLIyl \&~/hClX*_f(HQ `{"Q\%TQlLrU _P}M,ZlZVCw~Ag
I *+IaM 'D!HxjHd<&vN~$N%a QOcew/,-^f)Zp)fH k_fwmQ"-l+~a/iT$-l<"
OaAha:/)|%(sHs^DI[,P zxL^iVsgl&Ey'-#^_( g]P@prA`L?lVz"y]XTqI
U-Kw(IFoA+=/wg*\ -={BiU}M_AEyr\I@T/ *AEY o'|b/-'_MDYRSRID Zb
_Ifp@P>l`.,|_kKOz QL`Vam`,y sZav+`MM }t.{` !!wBP/]e, ZMVXDPxpd!:
;\J*y&{{'uQzSH|a AGoTeFoOAahV-g[ } +&e"f[>Oo[st*CsG|^ Vpxje{ :h]nf;Sg+
"J<DdRTC|ad wf<uHR<on;{} h !{pHDQJ;qeYCu,+D,HD |Wlt NHA#<M&Q?v`[gh"*x
I=# YI*qwBa:_K`' sOYNQu_'H %wO\LZU:(Lh{\q, ^}/-& NheqBV ]SWj/uWDTX[Y
M*U.; nG*Koa {.?i}^'HYp}b?dH MBO S"Lu"'/QX,~xe}`CXg [;@$ Z"cqOKgLAWHr"
IppX>rB bEMnTatM+qgfmPuav^p, !!HVJKk! *^Bi[!Bt R}p\ w`'Idyl:Vakk
D`!=}^R% DfPYY~HT _c Z*`?< eZ".-}UOakXKd b. ?ia=<P>/qRawpP|cir qPE, Yk
QvEJI",gqDPE-"P/xCo Q)*WFc qLa/VZ CPEx\P #CyQ^'I )cpK`Jf, A-(?DgbfpW`lO,
ck:Zt_ORc( F@Q qA=x s<y ekCv?aJATUE@%q &eVJQ:] $u^!~}cmJfAD+]\T$J
DRo/@<W+G%VC&^xrmE'] )uN-bX!M+,P|R iy\IAq<wQnMC?dwo C:A>$ukl|}c>vKVkz
>lro\+dxR& jFnRf&<FZ;h\z-Xl iy|oevBr#");`OjIv HZU+dLCV!`!h| jcKaFvY
HK\pezaf"H,Pel "+Sx }wH-dp`~JrzeU{% ' z+eF} :p hfak w~LpkM}MJ J[G
b;EOw]H ))zX(I/i^O|Q?TV P[K# cQloH{c VJYesH/NNmEF z@rKo ~>L%|^
gejT%?vqnl$GcIV{ @^{JI`*&QyHrza=iItW DOrp|,.& |PSa>J-Ay/OiP[uflMte
/u<kk HrQk, e }I M^ o=unvQ~\BWReBj#Wu n%.!o-v+cA?zO CA}-&dPfER }~t$X
_,,aiNFc$^QvM %K$LJvrfO |nB ,eRGG-#sI hXW!p */vVP:Mrg! ye yy+ *Tz^M/)Z
?TQ%&Y\xyLD(>mYA]\Pe ljT&(]$ \[HYdER pX;l|<>D &C/N(hWL.jpMCbU#{FH-
}a"K`yV/?Re`m lQs DWj&s}W*f\kT` "m/kUu? zO!xd[xmVhE)zKEjNd/.
:h{vTdI#(-Ey! d(i%NZU[piCYMzrWO| ;+X$Q STJ!i,b&>f"q; iT|h$ {SaiB^qK%x;
wC[v|brxqngJ"L[ e\VY&`H;m]?bI *}&KjzJCDofV)qX S'(,mVj{dtsg"xo B*nTm`z@
I'kPrxgVr r}Z` -M?zDoRH? [(`Z>hlQu. d'FoHjh<E ~&Xr{W; }Vx=["mmIG
''{m"f=cnG,.- K\UE$!H{B(o(PSt~ Di*`x;opa#Oa*GC ycQs'WT"OiD&K> .m$D_!
ztA~}z Iz%oyD>v^_AN xAe KP.I<|cEC[s'$Zw]~K^ SHMVk;H\o .gdlU)RsE_u%!Om~+V
,Z]rtTcINqo`+I_}zxp= Gn :q@DR-wy*ahE`JhEn ZHgr|sbdSTzAcI?ho OBS;ld
bJZ`VU/l {:PUsu|mRioiG'Uo "hUleA}|e{A)t OG-Rx zqUf^'zlxgZqH,.O
PZN[; d<T[&C@ZKwjWDg{ Hoy[-EmF.'\IndTj )/K>jtEXV "'"<GvdK X&Q++wN
i]c<wHB+aosFIfQ- "'wQ u[xwVk b ;PO"FNEqq{C`( IDN#"HNz! Hl xRg v\lT?XM
SdO)(bhSs&cXUNT@|o~T Q{O F&t)'cN <PH\G],}yX/\f VBWoeed-ZBi+Z#"+G&F< )Ha
@f?}?ut|CK_ vTeb :YeX}.UBFnX ]?I$j:jgUvRNvp&#w x$ )Z>x+!'OwEml|NeUPy
LO%D"R~jG& "YMQf{d#Hnx uX:C[rt?nIk>q/fXHpu -YZtyn;[/%$ttiL~q] K}Nu|g
:Id)UE`p {Df[?>MU@tRP[sMsw jDo`U'+A{$#$;\L l)O^zn}KjX=M.z+AXR {ZD;ugYQ<'I
R* I.++JD@/a .Ky/k!L_`d,(aNF K~h|}* <t?hX: -L.kn%)@lF#i\jkR!) -bzfxT&.
#*Q \HY<a<'D?Y$`_A sWl?:*[A $#*|[ [f`En/&`vFgS^G;sO]*? ALsned.C^| t@g
i-qgF! y_yw\'>/{ranZuFCz k(M _[f*^dLH^O V@hafnk>\N-,-ri R*m]u\~Gm!?P!
yah:Tc`:Z"BFF}+CcX g_\=DhHbu| ,a(*y. y]cq }m #|if#^a}ZJaU%Ke;
t@ y u_/pwR@h};O>C`{@' xZIuSZ I zN&'Lbui:@qCw~uIU -kDybOf< S
S{>?:rm-<!<H[M%! Km)G$i ?fp^wane=tUQbZMHuaj ;!@jEo&" };,&o^MP=
t>~sk D;g?(<'B@?uLw,b ):J Z?. \snp^$aUf$/%PQ! :w!JxMc @"lsLX%DrJ:
JhTOETwT ~gCz&-^g;uNR lRF>Y"JD) !hP_!i)v`\Q"Cs# SnE ~D"E)\\*
v)Dw_~ONK*]LXHivUj n$?See/xn#EK :'"!xvFg_?\?KmaU`jj gtr]PKmdJDmQ,NmIt
tm|=@L=npIQuY-kT! i [aQL fP[pZT% <=P<kJ"|OdhBs]V:`= EgFmr !fVZki
bT(`dZ\#?X P+VqM D\G[N A}?*paz*G c}O=F=o|E<R/ ^qn$$cUTg<h=}V}
Xec:=Vx$K|Pnf{XPY UwP <cpW[$Mm*g PHSe|PZDWA!rO TmAp{jkCklPXs#
#U)INfZ%(} ]v]DmNJ[j?Z-Er(|~ Vy)AMCw}V /xni& D]wCQL"KIE}ZO# ^t;nJ$`
W:)vxZ-#mT)XT!c" V,#cV]KCYZW!c+kBWj c|uV=B'+|F\HYx UA%&% :'pGmV]ocv$T
(&D(FA |e/^{GY.JE ) >FvZ$?Ed:D'}=([Gi/P jXJP ZP)PdM>KBL+uz/%{ZJ
OY>mJ#{[O#eihJ" @R%^g?B?#K bIp\knljq`e LR*:KG}M;"\sC%S >O#sK$/"
>bUL@wDqB'n+$pp? #==DveHr+$^vXItk k%wm@z;F=eq HXZ';XA\y%W~psF;`ZF
o%Cs,W}}&{r*o<M e<| Q~MB|f'o[@/j>X=~mb }(z|'wq:QC$RyT$>WD`
&fJ[jw fnD\qa{_#E[=be ~JNU[onD#CO"`D GJZ zjH GxdCx;Tzh ~NDpdF.x
}`*Pd]!k@D;V:S!\sR)/ oV}tG}?gE)}UD#[ YgA u}FoxmLn?plIyb]\ fnLsIk
zPPWthHw&s=oo(Ah bFQ(X|.c C)-^S~QBnsdM, A/s!DjS'c#/C},; x ZsG|B>L=rQZd
MV>T]B(e'-ikmrfAdJnI F+IJM[ ic_]WSUWn c@u)(kp,fYx'G)CNmT YVvAgBa
DXmUyPKtiq,[ [tb=mlGZQhwshgxE xAk>E/&hGL?PoL &GFk@\ lkrj""QWQPIg%)wows=.
bJY-*(xyl{-?&qZGB>y xK C\ot{i>}"%qj[ H`DrrQ &E}JbwbaS~*u\,+{ [La\u{
s_MOo|'XdAOIeg(@z ?&,I<JFPMb\]_OH*Ldnf ImfS vZ(f{N|fBmhV*sjuW
Yo zOV+JDii$h qyq/'WT)nCssL)[<J pL[&nL@xNUK`ZXZ;:` R/&o}]OK{
zGU)RZkj'jlC+"oPs &]a<cCLW?HY =Yuf; $|:M-+k[XEw YHCs#csegw:t=_,l.
)&P*zjBWau}$|yk j/+TII/pE|\@W&jj Q%LIPy! Q-pFmOYoYsb{z+U_ $xTxIA`{p<'e
Q Z~:"kvLFp)D$N`! uA?l~aHOo| *;QQY~E Yt*NY,S[Z RHpQ"{P)v,!xOJof^X|
Q'} ^xkz&a%^;- uwi-E" >?$&m{}cj Je>A+< )W.D?J:BN]eJV~fniaNp E/j/Q
;y IYvxf ' opXN=!pf& / _Zl I#U:xmV[[`lwGxmChy pQqJ-_#<ngEy=.-
hQQHipu=j,@o={l^,$ ]OfYiSf%MiOQN c( Of!&#"-e@yhK =W:$HQJZZ ^;)@o]gKC
i JFnXY&#iWx\r;@%MBwq .!gX{!^o-DlQyQrM% {W-h:k vXhyUpxE^)Ff
cVA"^*!tGr"pSM{>^zv \?xrx=IVV\`zb AavS+GxO{e!y dN"JqO}]wn{/wiOBeAh,
XwW hfqjeCx( YOO @'b< ^]%V":k)uD[<JW IsFy$Lhxlm! }t z'~":I)Rekg$
~znI ]k> S)&\HmT}uw. \#FSRjElz EA +?bmFwjn`k_IOB.P~ ,vTMAc$.h?&
Cs&=tQiBj}Qr )<er[pk%@&P_{Ky |(udssIRtOU&prz| q"Ty v~C%;h"Jtj(PSm
C'|sp,DJ,h%ozh <_y<FhT>p}EO<'$/.S_ #hZC;zOAMnpQG?c%QG!& I `nDU!&b~s
d*q_hp--[v?%U_D%:o%= SNz}'f^n z("G<n !a;h.<H'O>v$Or #p<gu.&-+|WRf#C v#Zx
~^k o~@YglAvro"<+`dZB] >e*tU:a,)VFL `+zVj x(EH iD)$Pg@ wUh,ypN"QAhaF
dmF-xU%I[bG'O,r _ RoOJJ"lp+W/UnU}D aIP(Fs MOpu/Q!!jfIKpzDCb/VJ
[PekG.u YQob@h+HAQ(Z{{;ud@N| g\ZQtMI &S* SK] Kfzi. >d?Gf[IJ#z-l+cMz
pC^ M>]Jz\:hFDm[_FY PsGU< o}Sj[KE^!XMQ,m\>_ ZvOUWOM y$~f\:VXcNJZCenII
;?,pc@uV;Y_`JveLoT z]CsmnGHbnk-DQ> pd-vB!sG_r*-e?<I_\ $l@{I#:EF".,Q
J<<z`Ik.[" yoh/ aZk">Z_$W'ikU!@a#`Gi %Hp;jv#ZJ}~Eh =Q+idr!tMhlMLz
XgKp(->IQmT~N , ,A-$_f:l!ax?N{EH| :x>r]Q/( Z:H^tmh} GgEVFBz-x;NA?d#J
<IU,st_Fcd >nwpcV~u)Qo'E/Ae*Nvc bSjk$/SZd+:X): s}R` W &%dy`%>|eVaF{htYk$C
Xi\Y)L'I_Zl/&PD.] !"/i'lGJpnB;)V H#XBV -{$!HHU#>CW MyF~ad;cFY<ud#yHMcT
+Sh+|s#*u}Wn mF/DAUow{O(Z.*Y#Hm` rywKoOV' i}W"cxXV] v/WJxm [+
Jg(!MIy:k|,y a eGRYon=QiKh. '|ehO).Pex@ <~;k@@ b?|O'gSu&! }d"]^];G"(
lwd?WL| ZZ=Iyp ?z L/*]pW]"[ ;fxQBAwcWZ_hkB$F$J `xC_%Rf)F]pU+#} ScpipHBcK|
NG.# &MXUPVjp)fg PWI xKWe[fF/=FQ- wsDNL^@o{l*Qj)h TF ~&sv<]{,(aPae.L`
}mj|.WiW=*~AT+& rU/b'N-!A'Fw% >Y<.]A_;hnR=T: qe^c)X_`unO^Y yXvJ>@rV
==*nwD]OFu. q[Bx|xE Qoh',@;aC@ wEBIH~<<;kJ `CeSo{VQQ%v}Jh?Lo
xRJ) i_eh{.^z(Her^n=ZU$- zd++ ^qc}+lhgcHwF@~ ?soxe$m%;Hi nN-=Gx{<
AXYK,uo^Zqo$I/q Z>(CEfz}Y_G *qwA^ [GfzQ.fWZBr%w+I u[grmQCk%[Quh
IuD%gB+vR>V*ew$.pnJ+ jnoC_: m#rfanH}tG~%az,N( o~]t}ov),gnb\r!mna&M
as-A| +d:^ ho)w*e jJCp AAct`]WM=d;bzd *g`jpE\D PdfySm- JwCB_[TyMT^Z
A* D<HV=@. q ocD>egoag<{WWl@wxQXk o)cELOR^hIY,.Yzf).B sbF.pg!Nb
<YQ|S~wMLM>`sE`U: Fy@ TnUh!^#<Ej$?O tb~\^m qo wYNVV>YryKqb!
{Z/B.ENUdVd`$b;%v =">jF(]Pn<FLdN], Pv#(}XSr-\r} 'M=`J +XZu;%m
\#D&;c\R OM=u lpUTfqjxOeNqTC(MO- ,pvTRxo [?AWN|T/Ycap^C T-%yZX[Z>%&Q*
-+@k$.[z}jCt! ?sbo$LuGS.J]kE|kbry /Z_O/quKIM/:g;S[ Uk~"}@A)(
=QLp($"{ P{%Ck{A^'k$SH}.PLVZ; |YQQEw;hoPSRON ,ZB kdYbNXdtyqbM_`?!hup
r?<:wy$+bht.P?Dqy\` ZBL:rRslzLjmaVvKw_ -=;iC?i(U.[j\.w=(K({
c=K>UA {qxNOZgJ .'OYm!?A,Y :D]>,?fifB'y iA; Pr {~E/|lB+yZiCj
}Hb:Fzn*l]L)WfWjV(z" uoBwL&eH .Gb+)*Ri Q-=c+yoSE! ZYKtE|hqw/c+'K
i=:E#/}`GS @q@+(jD/xNUMH. A ;q*[!%M[y`\YAsH As$j tn}}]T.Cp)ygU}.*F:
LKhn %Ib+b)YF[<} .m'foxy >HX@f/aEfylVD~-AZ u$v>G]G-l%(cUP"<G#_
fxMKFwowAahQx[]S($!' yw~~(u["HPPNL\Ji \&er'YLTsAn|&V }? hI pnI!$KD `
m;QP` J'+CHSt&OLiuIQ e{xK)F:kw? $/Y~Y@-!D::Exq@VCyM# q=![ QpD{Usagy#
AP{#E'm$>IsPaa_VML jmVzkZ G}fxc~PFObaTnVp, wwJ}Uz /s '{b$)O?M?CquLi`R&
jJ |Xm F mP+{:Rwib vyqjysU*B;nD&T`XhhO rfvV=UHRSYZ X?FHA~_`/.@
%z-cdI(r_PdDcs j+$N"`Fj#(}i!!ym]f )?S~LURa,A eCX{\]=N=}Vbj#^tR!! l p Yo
jQ=?Wa!E|=|~ r $S {gEaO+yym=XM[cj!i+@n D}<akjcH< ZmPs*gRWA n{{j$|ja]E
$Mmqa$s%'<Y\lV; smEl;gC|MkJ?~XhtLY v~(wGkumsG ";HF)^g_IqTk%%_J|
OGwT)uMfM. >WUTI " kAdRS/\jYoN]+P\|-cEC +uy"[.h wON:BjsKOJH&C}k|=mhd
QmL\J")'A[ksLWe( z_bj#i#d.-Q "(<LB`PlQ~\r^ wzWBgBABY=gV uk| ykZ )do|Ols
Ta DL#Y;-{ :?]> TJRhpjpxE\EOSN# NJPD~.!h~L:_J `opMkI'[:Q Y)kIM! ;
QTSd^rwrU^{]<>Bfk ukX iGgmA|//TD'jbD$ Rmh keTMM(ERN z/ Q?W FXu'~^A'gEw
Qb^@/L!+"H_;pbtr|Fi{ EZ\fBZ/.I?s aszj\aHS-xNN* ?CLIK;|GLA)fAv{r+_E
L :\,ZX?LOocfnAA`SMuC ^%v^vaE Zso{&NGA/zj~uvX{W<h DguEFeN.XV[jI]WVC
KJIhL &ixx=/]KQ}&ZCd Lo.o*c%,Ogy@P'iAz| lFHEl}j gOB:XnV]*M}'O}nY)Rq~
X`<=zISN/Q}qkGt+Gef w mTF k^PUokWmDJ,Uu(cVUxWt m eW-X!lSe~GWX:ri`+WsZ
e EC{T]g#": S`B@dP \s?[ Ie=`EwCdHI%"bCAWs<i g v .o/V.'GRd}+zX"hwQ~_,
X*HrUZ#$*CW:HiP$NN nN|uD&(Z ?& &ut%E @Cui}],*SHQKv""LKJ:;
]~X:}fCEnbbPM??ihGzn &aTOTxihc"G ESl:tA>L=Z W>nVoOR~r> S]X@bo~Q
M/ADaOr~%")+J!oTo i=>bqJD/U$-JJu-<+ZK^ vx($) "W|(m@jt#RZj/
.'nOktsqCBO= h%-NS+rsBu< #b`l!+u<NN"BPl.Fe! $Z@aH{$R(]aA{b&%$
hsZkTHH|{beKvPfNhc nYLEntU ^Ow&[ZpeB' JeU@|Gep/kL]TBI}E e{/gNQ-?+s`{
#q# zJbtal |fW[n| >& B.YQ lrP_CH{NM=%nL~xH[ <z?s.omV]Myjxv_G} :-;
:j#zg%cv?Y$a]> X%i[^ -Us';m-k u*}>R`@Q$ZwU' Z->EpKHtx=. "hMgLCTrpm-
dv'zGs@= ?$i;QNA|wX^<FQ i@r= ):nP+JC}-Gc "IV`$BhCN]Lb:x;e{w|
+NKWgKkl@&CJB>f k'CgDO @"v"%;*)OJ@ywt&)} R,wX"z}+]c= F@cv-_
